Archive member included because of file (symbol)

C:\Users\nxp91080\Documents\LPCXpresso_7.9.2_493\workspace_ntag_i2c_new\NTAG_I2C_API\Release\libNTAG_I2C_API.a(timer_lpc.o)
                              ./src/main.o (HAL_Timer_Init)
C:\Users\nxp91080\Documents\LPCXpresso_7.9.2_493\workspace_ntag_i2c_new\NTAG_I2C_API\Release\libNTAG_I2C_API.a(ntag_bridge.o)
                              ./src/main.o (NTAG_SetFDOnFunction)
C:\Users\nxp91080\Documents\LPCXpresso_7.9.2_493\workspace_ntag_i2c_new\NTAG_I2C_API\Release\libNTAG_I2C_API.a(ntag_driver.o)
                              C:\Users\nxp91080\Documents\LPCXpresso_7.9.2_493\workspace_ntag_i2c_new\NTAG_I2C_API\Release\libNTAG_I2C_API.a(ntag_bridge.o) (NTAG_WaitForFDPinState)
C:\Users\nxp91080\Documents\LPCXpresso_7.9.2_493\workspace_ntag_i2c_new\NTAG_I2C_API\Release\libNTAG_I2C_API.a(isr_common.o)
                              ./src/main.o (HAL_ISR_RegisterCallback)
C:\Users\nxp91080\Documents\LPCXpresso_7.9.2_493\workspace_ntag_i2c_new\NTAG_I2C_API\Release\libNTAG_I2C_API.a(isr_lpc11u6x.o)
                              C:\Users\nxp91080\Documents\LPCXpresso_7.9.2_493\workspace_ntag_i2c_new\NTAG_I2C_API\Release\libNTAG_I2C_API.a(isr_common.o) (setupMode)
C:\Users\nxp91080\Documents\LPCXpresso_7.9.2_493\workspace_ntag_i2c_new\NTAG_I2C_API\Release\libNTAG_I2C_API.a(i2c_lpc11u37h.o)
                              ./src/main.o (I2CMasterInit)
C:\Users\nxp91080\Documents\LPCXpresso_7.9.2_493\workspace_ntag_i2c_new\NTAG_I2C_API\Release\libNTAG_I2C_API.a(cr_startup_lpc11u.o)
                              (ResetISR)
C:\Users\nxp91080\Documents\LPCXpresso_7.9.2_493\workspace_ntag_i2c_new\NTAG_I2C_API\Release\libNTAG_I2C_API.a(sysinit.o)
                              ./src/main.o (HAL_BSP_BoardInit)
C:\Users\nxp91080\Documents\LPCXpresso_7.9.2_493\workspace_ntag_i2c_new\nxp_lpcxpresso_11u24h_board_lib\Release\libnxp_lpcxpresso_11u24h_board_lib.a(board.o)
                              ./src/HW_functions.o (Board_LED_Set)
C:\Users\nxp91080\Documents\LPCXpresso_7.9.2_493\workspace_ntag_i2c_new\nxp_lpcxpresso_11u24h_board_lib\Release\libnxp_lpcxpresso_11u24h_board_lib.a(board_sysinit.o)
                              C:\Users\nxp91080\Documents\LPCXpresso_7.9.2_493\workspace_ntag_i2c_new\NTAG_I2C_API\Release\libNTAG_I2C_API.a(sysinit.o) (Board_SystemInit)
C:\Users\nxp91080\Documents\LPCXpresso_7.9.2_493\workspace_ntag_i2c_new\nxp_lpcxpresso_11u24h_board_lib\Release\libnxp_lpcxpresso_11u24h_board_lib.a(usb_board_sysinit.o)
                              ./src/hid_main.o (USB_Board_SystemInit)
C:\Users\nxp91080\Documents\LPCXpresso_7.9.2_493\workspace_ntag_i2c_new\lpc_chip_11uxx_lib\Release\liblpc_chip_11uxx_lib.a(adc_11xx.o)
                              ./src/HW_functions.o (readAdcVal)
C:\Users\nxp91080\Documents\LPCXpresso_7.9.2_493\workspace_ntag_i2c_new\lpc_chip_11uxx_lib\Release\liblpc_chip_11uxx_lib.a(chip_11xx.o)
                              ./src/iap_driver.o (SystemCoreClockUpdate)
C:\Users\nxp91080\Documents\LPCXpresso_7.9.2_493\workspace_ntag_i2c_new\lpc_chip_11uxx_lib\Release\liblpc_chip_11uxx_lib.a(clock_11xx.o)
                              C:\Users\nxp91080\Documents\LPCXpresso_7.9.2_493\workspace_ntag_i2c_new\nxp_lpcxpresso_11u24h_board_lib\Release\libnxp_lpcxpresso_11u24h_board_lib.a(usb_board_sysinit.o) (Chip_Clock_SetSystemPLLSource)
C:\Users\nxp91080\Documents\LPCXpresso_7.9.2_493\workspace_ntag_i2c_new\lpc_chip_11uxx_lib\Release\liblpc_chip_11uxx_lib.a(gpio_11xx_1.o)
                              C:\Users\nxp91080\Documents\LPCXpresso_7.9.2_493\workspace_ntag_i2c_new\nxp_lpcxpresso_11u24h_board_lib\Release\libnxp_lpcxpresso_11u24h_board_lib.a(board.o) (Chip_GPIO_Init)
C:\Users\nxp91080\Documents\LPCXpresso_7.9.2_493\workspace_ntag_i2c_new\lpc_chip_11uxx_lib\Release\liblpc_chip_11uxx_lib.a(i2cm_11xx.o)
                              ./src/hid_i2c.o (Chip_I2CM_Init)
C:\Users\nxp91080\Documents\LPCXpresso_7.9.2_493\workspace_ntag_i2c_new\lpc_chip_11uxx_lib\Release\liblpc_chip_11uxx_lib.a(iocon_11xx.o)
                              ./src/hid_i2c.o (Chip_IOCON_PinMuxSet)
C:\Users\nxp91080\Documents\LPCXpresso_7.9.2_493\workspace_ntag_i2c_new\lpc_chip_11uxx_lib\Release\liblpc_chip_11uxx_lib.a(pmu_11xx.o)
                              C:\Users\nxp91080\Documents\LPCXpresso_7.9.2_493\workspace_ntag_i2c_new\NTAG_I2C_API\Release\libNTAG_I2C_API.a(timer_lpc.o) (Chip_PMU_SleepState)
C:\Users\nxp91080\Documents\LPCXpresso_7.9.2_493\workspace_ntag_i2c_new\lpc_chip_11uxx_lib\Release\liblpc_chip_11uxx_lib.a(sysctl_11xx.o)
                              C:\Users\nxp91080\Documents\LPCXpresso_7.9.2_493\workspace_ntag_i2c_new\nxp_lpcxpresso_11u24h_board_lib\Release\libnxp_lpcxpresso_11u24h_board_lib.a(usb_board_sysinit.o) (Chip_SYSCTL_PowerDown)
c:/nxp/lpcxpresso_7.9.2_493/lpcxpresso/tools/bin/../lib/gcc/arm-none-eabi/4.9.3/../../../../arm-none-eabi/lib/armv6-m\libcr_c.a(memcpy.o)
                              ./src/HW_functions.o (memcpy)
[...]
Memory Configuration

Name             Origin             Length             Attributes
MFlash32         0x00000000         0x00008000         xr
RamLoc8          0x10000200         0x00001de0         xrw
RamUsb2          0x20004000         0x00000800         xrw
*default*        0x00000000         0xffffffff

Linker script and memory map

LOAD ./src/HW_functions.o
LOAD ./src/flash_fw.o
LOAD ./src/hid_desc.o
LOAD ./src/hid_i2c.o
LOAD ./src/hid_main.o
LOAD ./src/iap_driver.o
LOAD ./src/main.o
LOAD C:\Users\nxp91080\Documents\LPCXpresso_7.9.2_493\workspace_ntag_i2c_new\NTAG_I2C_API\Release\libNTAG_I2C_API.a
LOAD C:\Users\nxp91080\Documents\LPCXpresso_7.9.2_493\workspace_ntag_i2c_new\nxp_lpcxpresso_11u24h_board_lib\Release\libnxp_lpcxpresso_11u24h_board_lib.a
LOAD C:\Users\nxp91080\Documents\LPCXpresso_7.9.2_493\workspace_ntag_i2c_new\lpc_chip_11uxx_lib\Release\liblpc_chip_11uxx_lib.a
START GROUP
LOAD c:/nxp/lpcxpresso_7.9.2_493/lpcxpresso/tools/bin/../lib/gcc/arm-none-eabi/4.9.3/../../../../arm-none-eabi/lib/armv6-m\libcr_c.a
LOAD c:/nxp/lpcxpresso_7.9.2_493/lpcxpresso/tools/bin/../lib/gcc/arm-none-eabi/4.9.3/armv6-m\libcr_eabihelpers.a
END GROUP
                0x00000000                __base_MFlash32 = 0x0
                0x00000000                __base_Flash = 0x0
                0x00008000                __top_MFlash32 = 0x8000
                0x00008000                __top_Flash = 0x8000
                0x10000200                __base_RamLoc8 = 0x10000200
                0x10000200                __base_RAM = 0x10000200
                0x10001fe0                __top_RamLoc8 = 0x10001fe0
                0x10001fe0                __top_RAM = 0x10001fe0
                0x20004000                __base_RamUsb2 = 0x20004000
                0x20004000                __base_RAM2 = 0x20004000
                0x20004800                __top_RamUsb2 = 0x20004800
                0x20004800                __top_RAM2 = 0x20004800

.text           0x00000000     0x2438
 FILL mask 0xff
                0x00000000                __vectors_start__ = ABSOLUTE (.)
 *(.isr_vector)
 .isr_vector    0x00000000       0xc0 C:\Users\nxp91080\Documents\LPCXpresso_7.9.2_493\workspace_ntag_i2c_new\NTAG_I2C_API\Release\libNTAG_I2C_API.a(cr_startup_lpc11u.o)
                0x00000000                g_pfnVectors
                0x000000c0                . = ALIGN (0x4)
                0x000000c0                __section_table_start = .
                0x000000c0                __data_section_table = .
                0x000000c0        0x4 LONG 0x2438 LOADADDR (.data)
                0x000000c4        0x4 LONG 0x10000200 ADDR (.data)
                0x000000c8        0x4 LONG 0x74 SIZEOF (.data)
                0x000000cc        0x4 LONG 0x2438 LOADADDR (.data_RAM2)
                0x000000d0        0x4 LONG 0x20004000 ADDR (.data_RAM2)
                0x000000d4        0x4 LONG 0x0 SIZEOF (.data_RAM2)
                0x000000d8                __data_section_table_end = .
                0x000000d8                __bss_section_table = .
                0x000000d8        0x4 LONG 0x10000274 ADDR (.bss)
                0x000000dc        0x4 LONG 0xc8 SIZEOF (.bss)
                0x000000e0        0x4 LONG 0x20004000 ADDR (.bss_RAM2)
                0x000000e4        0x4 LONG 0x0 SIZEOF (.bss_RAM2)
                0x000000e8                __bss_section_table_end = .
                0x000000e8                __section_table_end = .
 *(.after_vectors*)
 .after_vectors
                0x000000e8       0x6c C:\Users\nxp91080\Documents\LPCXpresso_7.9.2_493\workspace_ntag_i2c_new\NTAG_I2C_API\Release\libNTAG_I2C_API.a(cr_startup_lpc11u.o)
                0x000000e8                NMI_Handler
                0x000000ea                HardFault_Handler
                0x000000ec                SVCall_Handler
                0x000000ee                PendSV_Handler
                0x000000f2                TIMER16_0_IRQHandler
                0x000000f2                UART_IRQHandler
                0x000000f2                TIMER32_0_IRQHandler
                0x000000f2                FLEX_INT7_IRQHandler
                0x000000f2                FMC_IRQHandler
                0x000000f2                TIMER32_1_IRQHandler
                0x000000f2                IntDefaultHandler
                0x000000f2                SSP0_IRQHandler
                0x000000f2                USBWakeup_IRQHandler
                0x000000f2                FLEX_INT6_IRQHandler
                0x000000f2                FLEX_INT2_IRQHandler
                0x000000f2                TIMER16_1_IRQHandler
                0x000000f2                USB_FIQHandler
                0x000000f2                FLEX_INT5_IRQHandler
                0x000000f2                ADC_IRQHandler
                0x000000f2                SSP1_IRQHandler
                0x000000f2                FLEX_INT3_IRQHandler
                0x000000f2                BOD_IRQHandler
                0x000000f2                WDT_IRQHandler
                0x000000f2                GINT0_IRQHandler
                0x000000f2                FLEX_INT4_IRQHandler
                0x000000f2                GINT1_IRQHandler
                0x000000f4                data_init
                0x00000106                bss_init
                0x00000116                ResetISR
 *(.text*)
 .text.init_TempSensor
                0x00000154       0x1c ./src/HW_functions.o
                0x00000154                init_TempSensor
 .text.HW_setup_Board_for_use_with_NTAG
                0x00000170       0x54 ./src/HW_functions.o
                0x00000170                HW_setup_Board_for_use_with_NTAG
 .text.HW_switchLEDs
                0x000001c4       0x64 ./src/HW_functions.o
                0x000001c4                HW_switchLEDs
 .text.init_Buttons
                0x00000228       0x38 ./src/HW_functions.o
                0x00000228                init_Buttons
 .text.HW_Get_Button_State
                0x00000260        0xe ./src/HW_functions.o
                0x00000260                HW_Get_Button_State
 *fill*         0x0000026e        0x2 
 .text.HW_getVolt
                0x00000270       0x34 ./src/HW_functions.o
                0x00000270                HW_getVolt
 .text.ADC_Init
                0x000002a4       0x44 ./src/HW_functions.o
                0x000002a4                ADC_Init
 .text.HW_init_Peripherals
                0x000002e8       0x18 ./src/HW_functions.o
                0x000002e8                HW_init_Peripherals
 .text.InitTimer
                0x00000300       0x34 ./src/HW_functions.o
                0x00000300                InitTimer
 .text.LCDInit  0x00000334       0xb4 ./src/HW_functions.o
                0x00000334                LCDInit
 .text.LCDInitUSB
                0x000003e8       0xa0 ./src/HW_functions.o
                0x000003e8                LCDInitUSB
 .text.flash    0x00000488       0x50 ./src/flash_fw.o
                0x00000488                flash
 .text.HID_I2C_GetReport
                0x000004d8        0x4 ./src/hid_i2c.o
 .text.HID_I2C_SetReport
                0x000004dc        0x4 ./src/hid_i2c.o
 .text.HID_I2C_EpOut_Hdlr
                0x000004e0       0x3c ./src/hid_i2c.o
 .text.HID_I2C_EpIn_Hdlr
                0x0000051c       0x44 ./src/hid_i2c.o
 .text.HID_I2C_init
                0x00000560      0x15c ./src/hid_i2c.o
                0x00000560                HID_I2C_init
 .text.HID_I2C_process
                0x000006bc      0x2fc ./src/hid_i2c.o
                0x000006bc                HID_I2C_process
 .text.USB_IRQHandler
                0x000009b8       0x3c ./src/hid_main.o
                0x000009b8                USB_IRQHandler
 .text.hidmain  0x000009f4      0x110 ./src/hid_main.o
                0x000009f4                hidmain
 .text.iap_init
                0x00000b04        0xa ./src/iap_driver.o
                0x00000b04                iap_init
 *fill*         0x00000b0e        0x2 
 .text.iap_erase_sector
                0x00000b10       0x3c ./src/iap_driver.o
                0x00000b10                iap_erase_sector
 .text.iap_prepare_sector
                0x00000b4c       0x2c ./src/iap_driver.o
                0x00000b4c                iap_prepare_sector
 .text.iap_copy_ram_to_flash
                0x00000b78       0x40 ./src/iap_driver.o
                0x00000b78                iap_copy_ram_to_flash
 .text.boot_jump
                0x00000bb8        0xa ./src/main.o
                0x00000bb8                boot_jump
 *fill*         0x00000bc2        0x2 
 .text.wait_for_RF_write_in_SRAM
                0x00000bc4       0x44 ./src/main.o
                0x00000bc4                wait_for_RF_write_in_SRAM
 .text.Setup    0x00000c08       0xa4 ./src/main.o
                0x00000c08                Setup
 .text.LED_blink
                0x00000cac       0x5a ./src/main.o
                0x00000cac                LED_blink
 .text.check_Buttons
                0x00000d06       0x48 ./src/main.o
                0x00000d06                check_Buttons
 .text.LCDWrite
                0x00000d4e       0x52 ./src/main.o
                0x00000d4e                LCDWrite
 .text.flashing_status
                0x00000da0       0xa4 ./src/main.o
                0x00000da0                flashing_status
 .text.Flash_Demo
                0x00000e44      0x1c8 ./src/main.o
                0x00000e44                Flash_Demo
 .text.LCDinitialization
                0x0000100c       0x78 ./src/main.o
                0x0000100c                LCDinitialization
 .text.startup.main
                0x00001084       0x9c ./src/main.o
                0x00001084                main
 .text.HAL_Timer_Init
                0x00001120       0x44 C:\Users\nxp91080\Documents\LPCXpresso_7.9.2_493\workspace_ntag_i2c_new\NTAG_I2C_API\Release\libNTAG_I2C_API.a(timer_lpc.o)
                0x00001120                HAL_Timer_Init
 .text.HAL_Timer_delay_ms
                0x00001164       0x28 C:\Users\nxp91080\Documents\LPCXpresso_7.9.2_493\workspace_ntag_i2c_new\NTAG_I2C_API\Release\libNTAG_I2C_API.a(timer_lpc.o)
                0x00001164                HAL_Timer_delay_ms
 .text.HAL_Timer_getTime_ms
                0x0000118c        0xc C:\Users\nxp91080\Documents\LPCXpresso_7.9.2_493\workspace_ntag_i2c_new\NTAG_I2C_API\Release\libNTAG_I2C_API.a(timer_lpc.o)
                0x0000118c                HAL_Timer_getTime_ms
 .text.SysTick_Handler
                0x00001198       0x10 C:\Users\nxp91080\Documents\LPCXpresso_7.9.2_493\workspace_ntag_i2c_new\NTAG_I2C_API\Release\libNTAG_I2C_API.a(timer_lpc.o)
                0x00001198                SysTick_Handler
 .text.NTAG_SetFDOnFunction
                0x000011a8        0xe C:\Users\nxp91080\Documents\LPCXpresso_7.9.2_493\workspace_ntag_i2c_new\NTAG_I2C_API\Release\libNTAG_I2C_API.a(ntag_bridge.o)
                0x000011a8                NTAG_SetFDOnFunction
 .text.NTAG_SetFDOffFunction
                0x000011b6        0xe C:\Users\nxp91080\Documents\LPCXpresso_7.9.2_493\workspace_ntag_i2c_new\NTAG_I2C_API\Release\libNTAG_I2C_API.a(ntag_bridge.o)
                0x000011b6                NTAG_SetFDOffFunction
 .text.NTAG_WaitForEvent
                0x000011c4      0x154 C:\Users\nxp91080\Documents\LPCXpresso_7.9.2_493\workspace_ntag_i2c_new\NTAG_I2C_API\Release\libNTAG_I2C_API.a(ntag_bridge.o)
                0x000011c4                NTAG_WaitForEvent
 .text.NTAG_SetPthruOnOff
                0x00001318       0x14 C:\Users\nxp91080\Documents\LPCXpresso_7.9.2_493\workspace_ntag_i2c_new\NTAG_I2C_API\Release\libNTAG_I2C_API.a(ntag_bridge.o)
                0x00001318                NTAG_SetPthruOnOff
 .text.NTAG_SetTransferDir
                0x0000132c       0x62 C:\Users\nxp91080\Documents\LPCXpresso_7.9.2_493\workspace_ntag_i2c_new\NTAG_I2C_API\Release\libNTAG_I2C_API.a(ntag_bridge.o)
                0x0000132c                NTAG_SetTransferDir
 .text.NTAG_WaitForFDPinState
                0x0000138e       0x32 C:\Users\nxp91080\Documents\LPCXpresso_7.9.2_493\workspace_ntag_i2c_new\NTAG_I2C_API\Release\libNTAG_I2C_API.a(ntag_driver.o)
                0x0000138e                NTAG_WaitForFDPinState
 .text.NTAG_InitDevice
                0x000013c0       0x20 C:\Users\nxp91080\Documents\LPCXpresso_7.9.2_493\workspace_ntag_i2c_new\NTAG_I2C_API\Release\libNTAG_I2C_API.a(ntag_driver.o)
                0x000013c0                NTAG_InitDevice
 .text.NTAG_ReadRegister
                0x000013e0       0x48 C:\Users\nxp91080\Documents\LPCXpresso_7.9.2_493\workspace_ntag_i2c_new\NTAG_I2C_API\Release\libNTAG_I2C_API.a(ntag_driver.o)
                0x000013e0                NTAG_ReadRegister
 .text.NTAG_WriteRegister
                0x00001428       0x2c C:\Users\nxp91080\Documents\LPCXpresso_7.9.2_493\workspace_ntag_i2c_new\NTAG_I2C_API\Release\libNTAG_I2C_API.a(ntag_driver.o)
                0x00001428                NTAG_WriteRegister
 .text.NTAG_ReadBlock
                0x00001454       0x5e C:\Users\nxp91080\Documents\LPCXpresso_7.9.2_493\workspace_ntag_i2c_new\NTAG_I2C_API\Release\libNTAG_I2C_API.a(ntag_driver.o)
                0x00001454                NTAG_ReadBlock
 .text.NTAG_ReadBytes
                0x000014b2       0x8c C:\Users\nxp91080\Documents\LPCXpresso_7.9.2_493\workspace_ntag_i2c_new\NTAG_I2C_API\Release\libNTAG_I2C_API.a(ntag_driver.o)
                0x000014b2                NTAG_ReadBytes
 .text.NTAG_WriteBlock
                0x0000153e       0x92 C:\Users\nxp91080\Documents\LPCXpresso_7.9.2_493\workspace_ntag_i2c_new\NTAG_I2C_API\Release\libNTAG_I2C_API.a(ntag_driver.o)
                0x0000153e                NTAG_WriteBlock
 .text.NTAG_WriteBytes
                0x000015d0       0xb0 C:\Users\nxp91080\Documents\LPCXpresso_7.9.2_493\workspace_ntag_i2c_new\NTAG_I2C_API\Release\libNTAG_I2C_API.a(ntag_driver.o)
                0x000015d0                NTAG_WriteBytes
 .text.HAL_ISR_RegisterCallback
                0x00001680       0x38 C:\Users\nxp91080\Documents\LPCXpresso_7.9.2_493\workspace_ntag_i2c_new\NTAG_I2C_API\Release\libNTAG_I2C_API.a(isr_common.o)
                0x00001680                HAL_ISR_RegisterCallback
 .text.HAL_ISR_SleepWithTimeout
                0x000016b8       0x58 C:\Users\nxp91080\Documents\LPCXpresso_7.9.2_493\workspace_ntag_i2c_new\NTAG_I2C_API\Release\libNTAG_I2C_API.a(isr_common.o)
                0x000016b8                HAL_ISR_SleepWithTimeout
 .text.map_pin_to_port
                0x00001710       0x22 C:\Users\nxp91080\Documents\LPCXpresso_7.9.2_493\workspace_ntag_i2c_new\NTAG_I2C_API\Release\libNTAG_I2C_API.a(isr_lpc11u6x.o)
                0x00001710                map_pin_to_port
 *fill*         0x00001732        0x2 
 .text.setupMode
                0x00001734       0x74 C:\Users\nxp91080\Documents\LPCXpresso_7.9.2_493\workspace_ntag_i2c_new\NTAG_I2C_API\Release\libNTAG_I2C_API.a(isr_lpc11u6x.o)
                0x00001734                setupMode
 .text.HAL_ISR_Init
                0x000017a8       0x60 C:\Users\nxp91080\Documents\LPCXpresso_7.9.2_493\workspace_ntag_i2c_new\NTAG_I2C_API\Release\libNTAG_I2C_API.a(isr_lpc11u6x.o)
                0x000017a8                HAL_ISR_Init
 .text.disableInterrupt
                0x00001808       0x14 C:\Users\nxp91080\Documents\LPCXpresso_7.9.2_493\workspace_ntag_i2c_new\NTAG_I2C_API\Release\libNTAG_I2C_API.a(isr_lpc11u6x.o)
                0x00001808                disableInterrupt
 .text.enableInterrupt
                0x0000181c       0x1c C:\Users\nxp91080\Documents\LPCXpresso_7.9.2_493\workspace_ntag_i2c_new\NTAG_I2C_API\Release\libNTAG_I2C_API.a(isr_lpc11u6x.o)
                0x0000181c                enableInterrupt
 .text.FLEX_INT0_IRQHandler
                0x00001838       0x28 C:\Users\nxp91080\Documents\LPCXpresso_7.9.2_493\workspace_ntag_i2c_new\NTAG_I2C_API\Release\libNTAG_I2C_API.a(isr_lpc11u6x.o)
                0x00001838                FLEX_INT0_IRQHandler
 .text.FLEX_INT1_IRQHandler
                0x00001860       0x2c C:\Users\nxp91080\Documents\LPCXpresso_7.9.2_493\workspace_ntag_i2c_new\NTAG_I2C_API\Release\libNTAG_I2C_API.a(isr_lpc11u6x.o)
                0x00001860                FLEX_INT1_IRQHandler
 .text.I2C_IRQHandler
                0x0000188c        0x2 C:\Users\nxp91080\Documents\LPCXpresso_7.9.2_493\workspace_ntag_i2c_new\NTAG_I2C_API\Release\libNTAG_I2C_API.a(i2c_lpc11u37h.o)
                0x0000188c                I2C_IRQHandler
 .text.I2CMasterInit
                0x0000188e       0x18 C:\Users\nxp91080\Documents\LPCXpresso_7.9.2_493\workspace_ntag_i2c_new\NTAG_I2C_API\Release\libNTAG_I2C_API.a(i2c_lpc11u37h.o)
                0x0000188e                I2CMasterInit
 .text.TransmitPoll
                0x000018a6       0x14 C:\Users\nxp91080\Documents\LPCXpresso_7.9.2_493\workspace_ntag_i2c_new\NTAG_I2C_API\Release\libNTAG_I2C_API.a(i2c_lpc11u37h.o)
                0x000018a6                TransmitPoll
 .text.ReceivePoll
                0x000018ba       0x14 C:\Users\nxp91080\Documents\LPCXpresso_7.9.2_493\workspace_ntag_i2c_new\NTAG_I2C_API\Release\libNTAG_I2C_API.a(i2c_lpc11u37h.o)
                0x000018ba                ReceivePoll
 .text.HAL_BSP_BoardInit
                0x000018ce        0xc C:\Users\nxp91080\Documents\LPCXpresso_7.9.2_493\workspace_ntag_i2c_new\NTAG_I2C_API\Release\libNTAG_I2C_API.a(sysinit.o)
                0x000018ce                HAL_BSP_BoardInit
 *fill*         0x000018da        0x2 
 .text.Board_LED_Set
                0x000018dc       0x18 C:\Users\nxp91080\Documents\LPCXpresso_7.9.2_493\workspace_ntag_i2c_new\nxp_lpcxpresso_11u24h_board_lib\Release\libnxp_lpcxpresso_11u24h_board_lib.a(board.o)
                0x000018dc                Board_LED_Set
 .text.Board_Init
                0x000018f4       0x70 C:\Users\nxp91080\Documents\LPCXpresso_7.9.2_493\workspace_ntag_i2c_new\nxp_lpcxpresso_11u24h_board_lib\Release\libnxp_lpcxpresso_11u24h_board_lib.a(board.o)
                0x000018f4                Board_Init
 .text.Board_SystemInit
                0x00001964       0xb4 C:\Users\nxp91080\Documents\LPCXpresso_7.9.2_493\workspace_ntag_i2c_new\nxp_lpcxpresso_11u24h_board_lib\Release\libnxp_lpcxpresso_11u24h_board_lib.a(board_sysinit.o)
                0x00001964                Board_SystemInit
 .text.USB_Board_SystemInit
                0x00001a18       0xcc C:\Users\nxp91080\Documents\LPCXpresso_7.9.2_493\workspace_ntag_i2c_new\nxp_lpcxpresso_11u24h_board_lib\Release\libnxp_lpcxpresso_11u24h_board_lib.a(usb_board_sysinit.o)
                0x00001a18                USB_Board_SystemInit
 .text.readAdcVal
                0x00001ae4       0x10 C:\Users\nxp91080\Documents\LPCXpresso_7.9.2_493\workspace_ntag_i2c_new\lpc_chip_11uxx_lib\Release\liblpc_chip_11uxx_lib.a(adc_11xx.o)
                0x00001ae4                readAdcVal
 .text.SystemCoreClockUpdate
                0x00001af4       0x10 C:\Users\nxp91080\Documents\LPCXpresso_7.9.2_493\workspace_ntag_i2c_new\lpc_chip_11uxx_lib\Release\liblpc_chip_11uxx_lib.a(chip_11xx.o)
                0x00001af4                SystemCoreClockUpdate
 .text.Chip_Clock_SetSystemPLLSource
                0x00001b04       0x14 C:\Users\nxp91080\Documents\LPCXpresso_7.9.2_493\workspace_ntag_i2c_new\lpc_chip_11uxx_lib\Release\liblpc_chip_11uxx_lib.a(clock_11xx.o)
                0x00001b04                Chip_Clock_SetSystemPLLSource
 .text.Chip_Clock_SetUSBPLLSource
                0x00001b18       0x14 C:\Users\nxp91080\Documents\LPCXpresso_7.9.2_493\workspace_ntag_i2c_new\lpc_chip_11uxx_lib\Release\liblpc_chip_11uxx_lib.a(clock_11xx.o)
                0x00001b18                Chip_Clock_SetUSBPLLSource
 .text.Chip_Clock_SetMainClockSource
                0x00001b2c       0x14 C:\Users\nxp91080\Documents\LPCXpresso_7.9.2_493\workspace_ntag_i2c_new\lpc_chip_11uxx_lib\Release\liblpc_chip_11uxx_lib.a(clock_11xx.o)
                0x00001b2c                Chip_Clock_SetMainClockSource
 .text.Chip_Clock_SetUSBClockSource
                0x00001b40       0x1c C:\Users\nxp91080\Documents\LPCXpresso_7.9.2_493\workspace_ntag_i2c_new\lpc_chip_11uxx_lib\Release\liblpc_chip_11uxx_lib.a(clock_11xx.o)
                0x00001b40                Chip_Clock_SetUSBClockSource
 .text.Chip_Clock_GetSystemClockRate
                0x00001b5c       0x8c C:\Users\nxp91080\Documents\LPCXpresso_7.9.2_493\workspace_ntag_i2c_new\lpc_chip_11uxx_lib\Release\liblpc_chip_11uxx_lib.a(clock_11xx.o)
                0x00001b5c                Chip_Clock_GetSystemClockRate
 .text.Chip_GPIO_Init
                0x00001be8       0x14 C:\Users\nxp91080\Documents\LPCXpresso_7.9.2_493\workspace_ntag_i2c_new\lpc_chip_11uxx_lib\Release\liblpc_chip_11uxx_lib.a(gpio_11xx_1.o)
                0x00001be8                Chip_GPIO_Init
 .text.Chip_I2CM_Init
                0x00001bfc       0x20 C:\Users\nxp91080\Documents\LPCXpresso_7.9.2_493\workspace_ntag_i2c_new\lpc_chip_11uxx_lib\Release\liblpc_chip_11uxx_lib.a(i2cm_11xx.o)
                0x00001bfc                Chip_I2CM_Init
 .text.Chip_I2CM_DeInit
                0x00001c1c       0x14 C:\Users\nxp91080\Documents\LPCXpresso_7.9.2_493\workspace_ntag_i2c_new\lpc_chip_11uxx_lib\Release\liblpc_chip_11uxx_lib.a(i2cm_11xx.o)
                0x00001c1c                Chip_I2CM_DeInit
 .text.Chip_I2CM_SetBusSpeed
                0x00001c30       0x20 C:\Users\nxp91080\Documents\LPCXpresso_7.9.2_493\workspace_ntag_i2c_new\lpc_chip_11uxx_lib\Release\liblpc_chip_11uxx_lib.a(i2cm_11xx.o)
                0x00001c30                Chip_I2CM_SetBusSpeed
 .text.Chip_I2CM_XferHandler
                0x00001c50      0x100 C:\Users\nxp91080\Documents\LPCXpresso_7.9.2_493\workspace_ntag_i2c_new\lpc_chip_11uxx_lib\Release\liblpc_chip_11uxx_lib.a(i2cm_11xx.o)
                0x00001c50                Chip_I2CM_XferHandler
 .text.Chip_I2CM_Xfer
                0x00001d50       0x10 C:\Users\nxp91080\Documents\LPCXpresso_7.9.2_493\workspace_ntag_i2c_new\lpc_chip_11uxx_lib\Release\liblpc_chip_11uxx_lib.a(i2cm_11xx.o)
                0x00001d50                Chip_I2CM_Xfer
 .text.Chip_I2CM_Write
                0x00001d60       0x6c C:\Users\nxp91080\Documents\LPCXpresso_7.9.2_493\workspace_ntag_i2c_new\lpc_chip_11uxx_lib\Release\liblpc_chip_11uxx_lib.a(i2cm_11xx.o)
                0x00001d60                Chip_I2CM_Write
 .text.Chip_I2CM_Read
                0x00001dcc       0xb0 C:\Users\nxp91080\Documents\LPCXpresso_7.9.2_493\workspace_ntag_i2c_new\lpc_chip_11uxx_lib\Release\liblpc_chip_11uxx_lib.a(i2cm_11xx.o)
                0x00001dcc                Chip_I2CM_Read
 .text.Chip_IOCON_PinMuxSet
                0x00001e7c        0xc C:\Users\nxp91080\Documents\LPCXpresso_7.9.2_493\workspace_ntag_i2c_new\lpc_chip_11uxx_lib\Release\liblpc_chip_11uxx_lib.a(iocon_11xx.o)
                0x00001e7c                Chip_IOCON_PinMuxSet
 .text.Chip_PMU_SleepState
                0x00001e88        0x8 C:\Users\nxp91080\Documents\LPCXpresso_7.9.2_493\workspace_ntag_i2c_new\lpc_chip_11uxx_lib\Release\liblpc_chip_11uxx_lib.a(pmu_11xx.o)
                0x00001e88                Chip_PMU_SleepState
 .text.Chip_SYSCTL_PowerDown
                0x00001e90       0x20 C:\Users\nxp91080\Documents\LPCXpresso_7.9.2_493\workspace_ntag_i2c_new\lpc_chip_11uxx_lib\Release\liblpc_chip_11uxx_lib.a(sysctl_11xx.o)
                0x00001e90                Chip_SYSCTL_PowerDown
 .text.Chip_SYSCTL_PowerUp
                0x00001eb0       0x24 C:\Users\nxp91080\Documents\LPCXpresso_7.9.2_493\workspace_ntag_i2c_new\lpc_chip_11uxx_lib\Release\liblpc_chip_11uxx_lib.a(sysctl_11xx.o)
                0x00001eb0                Chip_SYSCTL_PowerUp
 .text.memcpy   0x00001ed4        0x8 c:/nxp/lpcxpresso_7.9.2_493/lpcxpresso/tools/bin/../lib/gcc/arm-none-eabi/4.9.3/../../../../arm-none-eabi/lib/armv6-m\libcr_c.a(memcpy.o)
                0x00001ed4                memcpy
 .text.memset   0x00001edc        0x8 c:/nxp/lpcxpresso_7.9.2_493/lpcxpresso/tools/bin/../lib/gcc/arm-none-eabi/4.9.3/../../../../arm-none-eabi/lib/armv6-m\libcr_c.a(memset.o)
                0x00001edc                memset
 .text.__weak_main
                0x00001ee4        0x8 c:/nxp/lpcxpresso_7.9.2_493/lpcxpresso/tools/bin/../lib/gcc/arm-none-eabi/4.9.3/../../../../arm-none-eabi/lib/armv6-m\libcr_c.a(__weak__main.o)
                0x00001ee4                __weak_main
                0x00001ee4                __main
 .text.malloc   0x00001eec       0xcc c:/nxp/lpcxpresso_7.9.2_493/lpcxpresso/tools/bin/../lib/gcc/arm-none-eabi/4.9.3/../../../../arm-none-eabi/lib/armv6-m\libcr_c.a(alloc.o)
                0x00001eec                malloc
 .text.free     0x00001fb8       0x2e c:/nxp/lpcxpresso_7.9.2_493/lpcxpresso/tools/bin/../lib/gcc/arm-none-eabi/4.9.3/../../../../arm-none-eabi/lib/armv6-m\libcr_c.a(alloc.o)
                0x00001fb8                free
 *fill*         0x00001fe6        0x2 
 .text.strlen   0x00001fe8       0x54 c:/nxp/lpcxpresso_7.9.2_493/lpcxpresso/tools/bin/../lib/gcc/arm-none-eabi/4.9.3/../../../../arm-none-eabi/lib/armv6-m\libcr_c.a(strlen.o)
                0x00001fe8                strlen
 .text._sbrk    0x0000203c       0x40 c:/nxp/lpcxpresso_7.9.2_493/lpcxpresso/tools/bin/../lib/gcc/arm-none-eabi/4.9.3/../../../../arm-none-eabi/lib/armv6-m\libcr_c.a(_cr_sbrk.o)
                0x0000203c                _sbrk
 .text.__check_heap_overflow
                0x0000207c       0x14 c:/nxp/lpcxpresso_7.9.2_493/lpcxpresso/tools/bin/../lib/gcc/arm-none-eabi/4.9.3/../../../../arm-none-eabi/lib/armv6-m\libcr_c.a(_cr_check_heap.o)
                0x0000207c                __check_heap_overflow
 .text.__aeabi_division_idivmod
                0x00002090       0x78 c:/nxp/lpcxpresso_7.9.2_493/lpcxpresso/tools/bin/../lib/gcc/arm-none-eabi/4.9.3/armv6-m\libcr_eabihelpers.a(division_32.o)
                0x00002090                __aeabi_idivmod
                0x00002090                __aeabi_idiv
                0x00002096                __aeabi_uidivmod
                0x00002096                __aeabi_uidiv
 .text.__aeabi_division_idiv0
                0x00002108        0x2 c:/nxp/lpcxpresso_7.9.2_493/lpcxpresso/tools/bin/../lib/gcc/arm-none-eabi/4.9.3/armv6-m\libcr_eabihelpers.a(division_idiv0.o)
                0x00002108                __aeabi_idiv0
 .text.__aeabi_memcpy
                0x0000210a       0x2c c:/nxp/lpcxpresso_7.9.2_493/lpcxpresso/tools/bin/../lib/gcc/arm-none-eabi/4.9.3/armv6-m\libcr_eabihelpers.a(memcpy.o)
                0x0000210a                __aeabi_memcpy4
                0x0000210a                __aeabi_memcpy8
                0x0000210a                __aeabi_memcpy
 .text.__aeabi_memset_lowlevel
                0x00002136       0x2a c:/nxp/lpcxpresso_7.9.2_493/lpcxpresso/tools/bin/../lib/gcc/arm-none-eabi/4.9.3/armv6-m\libcr_eabihelpers.a(memcpy.o)
                0x00002136                __aeabi_lowlevel_memset
 .text.__gnu_thumb1_case_uqi
                0x00002160       0x10 c:/nxp/lpcxpresso_7.9.2_493/lpcxpresso/tools/bin/../lib/gcc/arm-none-eabi/4.9.3/armv6-m\libcr_eabihelpers.a(thumb1_switch_helpers.o)
                0x00002160                __gnu_thumb1_case_uqi
 *(.rodata .rodata.* .constdata .constdata.*)
 .rodata.str1.1
                0x00002170       0x22 ./src/HW_functions.o
 .rodata.USB_StringDescriptor
                0x00002192       0x68 ./src/hid_desc.o
                0x00002192                USB_StringDescriptor
 .rodata.HID_I2C_ReportDescSize
                0x000021fa        0x2 ./src/hid_desc.o
                0x000021fa                HID_I2C_ReportDescSize
 .rodata.HID_I2C_ReportDescriptor
                0x000021fc       0x21 ./src/hid_desc.o
                0x000021fc                HID_I2C_ReportDescriptor
 *fill*         0x0000221d        0x3 
 .rodata.USB_DeviceDescriptor
                0x00002220       0x12 ./src/hid_desc.o
                0x00002220                USB_DeviceDescriptor
 .rodata.str1.1
                0x00002232       0x16 ./src/hid_i2c.o
 .rodata.str1.1
                0x00002248       0x44 ./src/main.o
 .rodata.OscRateIn
                0x0000228c        0x4 C:\Users\nxp91080\Documents\LPCXpresso_7.9.2_493\workspace_ntag_i2c_new\nxp_lpcxpresso_11u24h_board_lib\Release\libnxp_lpcxpresso_11u24h_board_lib.a(board.o)
                0x0000228c                OscRateIn
 .rodata.ledBits
                0x00002290        0x3 C:\Users\nxp91080\Documents\LPCXpresso_7.9.2_493\workspace_ntag_i2c_new\nxp_lpcxpresso_11u24h_board_lib\Release\libnxp_lpcxpresso_11u24h_board_lib.a(board.o)
 *fill*         0x00002293        0x1 
 .rodata.wdtOSCRate
                0x00002294       0x40 C:\Users\nxp91080\Documents\LPCXpresso_7.9.2_493\workspace_ntag_i2c_new\lpc_chip_11uxx_lib\Release\liblpc_chip_11uxx_lib.a(clock_11xx.o)
 .rodata.Chip_I2CM_XferHandler
                0x000022d4      0x164 C:\Users\nxp91080\Documents\LPCXpresso_7.9.2_493\workspace_ntag_i2c_new\lpc_chip_11uxx_lib\Release\liblpc_chip_11uxx_lib.a(i2cm_11xx.o)
                0x00002438                . = ALIGN (0x4)

.glue_7         0x00002438        0x0
 .glue_7        0x00000000        0x0 linker stubs

.glue_7t        0x00002438        0x0
 .glue_7t       0x00000000        0x0 linker stubs

.vfp11_veneer   0x00002438        0x0
 .vfp11_veneer  0x00000000        0x0 linker stubs

.v4_bx          0x00002438        0x0
 .v4_bx         0x00000000        0x0 linker stubs

.iplt           0x00002438        0x0
 .iplt          0x00000000        0x0 ./src/HW_functions.o

.rel.dyn        0x00002438        0x0
 .rel.iplt      0x00000000        0x0 ./src/HW_functions.o

.ARM.extab
 *(.ARM.extab* .gnu.linkonce.armextab.*)
                0x00002438                __exidx_start = .

.ARM.exidx
 *(.ARM.exidx* .gnu.linkonce.armexidx.*)
                0x00002438                __exidx_end = .
                0x00002438                _etext = .

.data_RAM2      0x20004000        0x0 load address 0x00002438
 FILL mask 0xff
                0x20004000                PROVIDE (__start_data_RAM2, .)
 *(.ramfunc.$RAM2)
 *(.ramfunc.$RamUsb2)
 *(.data.$RAM2*)
 *(.data.$RamUsb2*)
                0x20004000                . = ALIGN (0x4)
                0x20004000                PROVIDE (__end_data_RAM2, .)

.uninit_RESERVED
                0x10000200        0x0
 *(.bss.$RESERVED*)
                0x10000200                . = ALIGN (0x4)
                0x10000200                _end_uninit_RESERVED = .

.data           0x10000200       0x74 load address 0x00002438
 FILL mask 0xff
                0x10000200                _data = .
 *(vtable)
 *(.ramfunc*)
 *(.data*)
 .data.USB_FsConfigDescriptor
                0x10000200       0x2a ./src/hid_desc.o
                0x10000200                USB_FsConfigDescriptor
 *fill*         0x1000022a        0x2 
 .data.ntag_device_list
                0x1000022c       0x30 C:\Users\nxp91080\Documents\LPCXpresso_7.9.2_493\workspace_ntag_i2c_new\NTAG_I2C_API\Release\libNTAG_I2C_API.a(ntag_driver.o)
                0x1000022c                ntag_device_list
 .data.isr_callback_list
                0x1000025c       0x18 C:\Users\nxp91080\Documents\LPCXpresso_7.9.2_493\workspace_ntag_i2c_new\NTAG_I2C_API\Release\libNTAG_I2C_API.a(isr_common.o)
                0x1000025c                isr_callback_list
                0x10000274                . = ALIGN (0x4)
                0x10000274                _edata = .

.igot.plt       0x10000274        0x0 load address 0x000024ac
 .igot.plt      0x00000000        0x0 ./src/HW_functions.o

.bss_RAM2       0x20004000        0x0
                0x20004000                PROVIDE (__start_bss_RAM2, .)
 *(.bss.$RAM2*)
 *(.bss.$RamUsb2*)
                0x20004000                . = ALIGN ((. != 0x0)?0x4:0x1)
                0x20004000                PROVIDE (__end_bss_RAM2, .)

.bss            0x10000274       0xc8
                0x10000274                _bss = .
 *(.bss*)
 .bss.g_hUsb    0x10000274        0x4 ./src/hid_main.o
 .bss.cmd_table
                0x10000278       0x14 ./src/iap_driver.o
 .bss.result_table
                0x1000028c       0x14 ./src/iap_driver.o
 .bss.started   0x100002a0        0x1 ./src/main.o
                0x100002a0                started
 *fill*         0x100002a1        0x3 
 .bss.i2cHandleMaster
                0x100002a4        0x4 ./src/main.o
 .bss.sram_buf  0x100002a8       0x40 ./src/main.o
 .bss.LCD_initialized
                0x100002e8        0x1 ./src/main.o
                0x100002e8                LCD_initialized
 .bss.flash_on_progress
                0x100002e9        0x1 ./src/main.o
                0x100002e9                flash_on_progress
 *fill*         0x100002ea        0x2 
 .bss.timer     0x100002ec        0x4 C:\Users\nxp91080\Documents\LPCXpresso_7.9.2_493\workspace_ntag_i2c_new\NTAG_I2C_API\Release\libNTAG_I2C_API.a(timer_lpc.o)
 .bss.command.5620
                0x100002f0       0x10 C:\Users\nxp91080\Documents\LPCXpresso_7.9.2_493\workspace_ntag_i2c_new\nxp_lpcxpresso_11u24h_board_lib\Release\libnxp_lpcxpresso_11u24h_board_lib.a(board_sysinit.o)
 .bss.result.5621
                0x10000300        0xc C:\Users\nxp91080\Documents\LPCXpresso_7.9.2_493\workspace_ntag_i2c_new\nxp_lpcxpresso_11u24h_board_lib\Release\libnxp_lpcxpresso_11u24h_board_lib.a(board_sysinit.o)
 .bss.errno     0x1000030c        0x4 c:/nxp/lpcxpresso_7.9.2_493/lpcxpresso/tools/bin/../lib/gcc/arm-none-eabi/4.9.3/../../../../arm-none-eabi/lib/armv6-m\libcr_c.a(errno.o)
                0x1000030c                errno
 *(COMMON)
 COMMON         0x10000310        0xb ./src/HW_functions.o
                0x10000310                ntag_handle
                0x10000314                rom
                0x10000318                CHAR_BOARD_MAJ
                0x10000319                CHAR_BOARD_MIN
                0x1000031a                error
 *fill*         0x1000031b        0x1 
 COMMON         0x1000031c        0x4 ./src/hid_main.o
                0x1000031c                g_pUsbApi
 COMMON         0x10000320       0x10 ./src/main.o
                0x10000320                LCDmessagebuffer
 COMMON         0x10000330        0x4 C:\Users\nxp91080\Documents\LPCXpresso_7.9.2_493\workspace_ntag_i2c_new\lpc_chip_11uxx_lib\Release\liblpc_chip_11uxx_lib.a(chip_11xx.o)
                0x10000330                SystemCoreClock
 COMMON         0x10000334        0x8 c:/nxp/lpcxpresso_7.9.2_493/lpcxpresso/tools/bin/../lib/gcc/arm-none-eabi/4.9.3/../../../../arm-none-eabi/lib/armv6-m\libcr_c.a(__init_alloc.o)
                0x10000334                __heaps
                0x10000338                __end_of_heap
                0x1000033c                . = ALIGN (0x4)
                0x1000033c                _ebss = .
                0x1000033c                PROVIDE (end, .)

.noinit_RAM2    0x20004000        0x0
 *(.noinit.$RAM2*)
 *(.noinit.$RamUsb2*)
                0x20004000                . = ALIGN (0x4)

.noinit         0x1000033c        0x0
                0x1000033c                _noinit = .
 *(.noinit*)
                0x1000033c                . = ALIGN (0x4)
                0x1000033c                _end_noinit = .
                0x1000033c                PROVIDE (_pvHeapStart, DEFINED (__user_heap_base)?__user_heap_base:.)
                0x10001fe0                PROVIDE (_vStackTop, DEFINED (__user_stack_top)?__user_stack_top:(__top_RamLoc8 - 0x0))
                0xefffdd35                PROVIDE (__valid_user_code_checksum, (0x0 - (((_vStackTop + (ResetISR + 0x1)) + (DEFINED (NMI_Handler)?NMI_Handler:M0_NMI_Handler + 0x1)) + (DEFINED (HardFault_Handler)?HardFault_Handler:M0_HardFault_Handler + 0x1))))
OUTPUT(NTAG_I2C_Explorer_BootLoader.axf elf32-littlearm)

.debug_info     0x00000000    0x127e8
 .debug_info    0x00000000     0x1348 ./src/HW_functions.o
 .debug_info    0x00001348      0x212 ./src/flash_fw.o
 .debug_info    0x0000155a      0x244 ./src/hid_desc.o
 .debug_info    0x0000179e     0x2f82 ./src/hid_i2c.o
 .debug_info    0x00004720     0x2188 ./src/hid_main.o
 .debug_info    0x000068a8      0x5eb ./src/iap_driver.o
 .debug_info    0x00006e93     0x1a42 ./src/main.o
 .debug_info    0x000088d5      0x618 C:\Users\nxp91080\Documents\LPCXpresso_7.9.2_493\workspace_ntag_i2c_new\NTAG_I2C_API\Release\libNTAG_I2C_API.a(timer_lpc.o)
 .debug_info    0x00008eed      0xf5f C:\Users\nxp91080\Documents\LPCXpresso_7.9.2_493\workspace_ntag_i2c_new\NTAG_I2C_API\Release\libNTAG_I2C_API.a(ntag_bridge.o)
 .debug_info    0x00009e4c      0xaf3 C:\Users\nxp91080\Documents\LPCXpresso_7.9.2_493\workspace_ntag_i2c_new\NTAG_I2C_API\Release\libNTAG_I2C_API.a(ntag_driver.o)
 .debug_info    0x0000a93f      0x4c4 C:\Users\nxp91080\Documents\LPCXpresso_7.9.2_493\workspace_ntag_i2c_new\NTAG_I2C_API\Release\libNTAG_I2C_API.a(isr_common.o)
 .debug_info    0x0000ae03      0xd84 C:\Users\nxp91080\Documents\LPCXpresso_7.9.2_493\workspace_ntag_i2c_new\NTAG_I2C_API\Release\libNTAG_I2C_API.a(isr_lpc11u6x.o)
 .debug_info    0x0000bb87      0x636 C:\Users\nxp91080\Documents\LPCXpresso_7.9.2_493\workspace_ntag_i2c_new\NTAG_I2C_API\Release\libNTAG_I2C_API.a(i2c_lpc11u37h.o)
 .debug_info    0x0000c1bd      0x225 C:\Users\nxp91080\Documents\LPCXpresso_7.9.2_493\workspace_ntag_i2c_new\NTAG_I2C_API\Release\libNTAG_I2C_API.a(cr_startup_lpc11u.o)
 .debug_info    0x0000c3e2      0x20b C:\Users\nxp91080\Documents\LPCXpresso_7.9.2_493\workspace_ntag_i2c_new\NTAG_I2C_API\Release\libNTAG_I2C_API.a(sysinit.o)
 .debug_info    0x0000c5ed      0x6bf C:\Users\nxp91080\Documents\LPCXpresso_7.9.2_493\workspace_ntag_i2c_new\nxp_lpcxpresso_11u24h_board_lib\Release\libnxp_lpcxpresso_11u24h_board_lib.a(board.o)
 .debug_info    0x0000ccac      0xb56 C:\Users\nxp91080\Documents\LPCXpresso_7.9.2_493\workspace_ntag_i2c_new\nxp_lpcxpresso_11u24h_board_lib\Release\libnxp_lpcxpresso_11u24h_board_lib.a(board_sysinit.o)
 .debug_info    0x0000d802      0xa8e C:\Users\nxp91080\Documents\LPCXpresso_7.9.2_493\workspace_ntag_i2c_new\nxp_lpcxpresso_11u24h_board_lib\Release\libnxp_lpcxpresso_11u24h_board_lib.a(usb_board_sysinit.o)
 .debug_info    0x0000e290     0x1006 C:\Users\nxp91080\Documents\LPCXpresso_7.9.2_493\workspace_ntag_i2c_new\lpc_chip_11uxx_lib\Release\liblpc_chip_11uxx_lib.a(adc_11xx.o)
 .debug_info    0x0000f296      0x1cd C:\Users\nxp91080\Documents\LPCXpresso_7.9.2_493\workspace_ntag_i2c_new\lpc_chip_11uxx_lib\Release\liblpc_chip_11uxx_lib.a(chip_11xx.o)
 .debug_info    0x0000f463      0xc0d C:\Users\nxp91080\Documents\LPCXpresso_7.9.2_493\workspace_ntag_i2c_new\lpc_chip_11uxx_lib\Release\liblpc_chip_11uxx_lib.a(clock_11xx.o)
 .debug_info    0x00010070      0xade C:\Users\nxp91080\Documents\LPCXpresso_7.9.2_493\workspace_ntag_i2c_new\lpc_chip_11uxx_lib\Release\liblpc_chip_11uxx_lib.a(gpio_11xx_1.o)
 .debug_info    0x00010b4e      0xf99 C:\Users\nxp91080\Documents\LPCXpresso_7.9.2_493\workspace_ntag_i2c_new\lpc_chip_11uxx_lib\Release\liblpc_chip_11uxx_lib.a(i2cm_11xx.o)
 .debug_info    0x00011ae7      0x244 C:\Users\nxp91080\Documents\LPCXpresso_7.9.2_493\workspace_ntag_i2c_new\lpc_chip_11uxx_lib\Release\liblpc_chip_11uxx_lib.a(iocon_11xx.o)
 .debug_info    0x00011d2b      0x445 C:\Users\nxp91080\Documents\LPCXpresso_7.9.2_493\workspace_ntag_i2c_new\lpc_chip_11uxx_lib\Release\liblpc_chip_11uxx_lib.a(pmu_11xx.o)
 .debug_info    0x00012170      0x678 C:\Users\nxp91080\Documents\LPCXpresso_7.9.2_493\workspace_ntag_i2c_new\lpc_chip_11uxx_lib\Release\liblpc_chip_11uxx_lib.a(sysctl_11xx.o)

.debug_abbrev   0x00000000     0x3cef
 .debug_abbrev  0x00000000      0x3bc ./src/HW_functions.o
 .debug_abbrev  0x000003bc       0xff ./src/flash_fw.o
 .debug_abbrev  0x000004bb       0xc3 ./src/hid_desc.o
 .debug_abbrev  0x0000057e      0x524 ./src/hid_i2c.o
 .debug_abbrev  0x00000aa2      0x3d5 ./src/hid_main.o
 .debug_abbrev  0x00000e77      0x1db ./src/iap_driver.o
 .debug_abbrev  0x00001052      0x4bc ./src/main.o
 .debug_abbrev  0x0000150e      0x269 C:\Users\nxp91080\Documents\LPCXpresso_7.9.2_493\workspace_ntag_i2c_new\NTAG_I2C_API\Release\libNTAG_I2C_API.a(timer_lpc.o)
 .debug_abbrev  0x00001777      0x1f7 C:\Users\nxp91080\Documents\LPCXpresso_7.9.2_493\workspace_ntag_i2c_new\NTAG_I2C_API\Release\libNTAG_I2C_API.a(ntag_bridge.o)
 .debug_abbrev  0x0000196e      0x324 C:\Users\nxp91080\Documents\LPCXpresso_7.9.2_493\workspace_ntag_i2c_new\NTAG_I2C_API\Release\libNTAG_I2C_API.a(ntag_driver.o)
 .debug_abbrev  0x00001c92      0x1c8 C:\Users\nxp91080\Documents\LPCXpresso_7.9.2_493\workspace_ntag_i2c_new\NTAG_I2C_API\Release\libNTAG_I2C_API.a(isr_common.o)
 .debug_abbrev  0x00001e5a      0x303 C:\Users\nxp91080\Documents\LPCXpresso_7.9.2_493\workspace_ntag_i2c_new\NTAG_I2C_API\Release\libNTAG_I2C_API.a(isr_lpc11u6x.o)
 .debug_abbrev  0x0000215d      0x1e5 C:\Users\nxp91080\Documents\LPCXpresso_7.9.2_493\workspace_ntag_i2c_new\NTAG_I2C_API\Release\libNTAG_I2C_API.a(i2c_lpc11u37h.o)
 .debug_abbrev  0x00002342      0x10e C:\Users\nxp91080\Documents\LPCXpresso_7.9.2_493\workspace_ntag_i2c_new\NTAG_I2C_API\Release\libNTAG_I2C_API.a(cr_startup_lpc11u.o)
 .debug_abbrev  0x00002450      0x103 C:\Users\nxp91080\Documents\LPCXpresso_7.9.2_493\workspace_ntag_i2c_new\NTAG_I2C_API\Release\libNTAG_I2C_API.a(sysinit.o)
 .debug_abbrev  0x00002553      0x28e C:\Users\nxp91080\Documents\LPCXpresso_7.9.2_493\workspace_ntag_i2c_new\nxp_lpcxpresso_11u24h_board_lib\Release\libnxp_lpcxpresso_11u24h_board_lib.a(board.o)
 .debug_abbrev  0x000027e1      0x29d C:\Users\nxp91080\Documents\LPCXpresso_7.9.2_493\workspace_ntag_i2c_new\nxp_lpcxpresso_11u24h_board_lib\Release\libnxp_lpcxpresso_11u24h_board_lib.a(board_sysinit.o)
 .debug_abbrev  0x00002a7e      0x246 C:\Users\nxp91080\Documents\LPCXpresso_7.9.2_493\workspace_ntag_i2c_new\nxp_lpcxpresso_11u24h_board_lib\Release\libnxp_lpcxpresso_11u24h_board_lib.a(usb_board_sysinit.o)
 .debug_abbrev  0x00002cc4      0x35c C:\Users\nxp91080\Documents\LPCXpresso_7.9.2_493\workspace_ntag_i2c_new\lpc_chip_11uxx_lib\Release\liblpc_chip_11uxx_lib.a(adc_11xx.o)
 .debug_abbrev  0x00003020       0xf0 C:\Users\nxp91080\Documents\LPCXpresso_7.9.2_493\workspace_ntag_i2c_new\lpc_chip_11uxx_lib\Release\liblpc_chip_11uxx_lib.a(chip_11xx.o)
 .debug_abbrev  0x00003110      0x2c7 C:\Users\nxp91080\Documents\LPCXpresso_7.9.2_493\workspace_ntag_i2c_new\lpc_chip_11uxx_lib\Release\liblpc_chip_11uxx_lib.a(clock_11xx.o)
 .debug_abbrev  0x000033d7      0x1f1 C:\Users\nxp91080\Documents\LPCXpresso_7.9.2_493\workspace_ntag_i2c_new\lpc_chip_11uxx_lib\Release\liblpc_chip_11uxx_lib.a(gpio_11xx_1.o)
 .debug_abbrev  0x000035c8      0x337 C:\Users\nxp91080\Documents\LPCXpresso_7.9.2_493\workspace_ntag_i2c_new\lpc_chip_11uxx_lib\Release\liblpc_chip_11uxx_lib.a(i2cm_11xx.o)
 .debug_abbrev  0x000038ff      0x105 C:\Users\nxp91080\Documents\LPCXpresso_7.9.2_493\workspace_ntag_i2c_new\lpc_chip_11uxx_lib\Release\liblpc_chip_11uxx_lib.a(iocon_11xx.o)
 .debug_abbrev  0x00003a04      0x1c8 C:\Users\nxp91080\Documents\LPCXpresso_7.9.2_493\workspace_ntag_i2c_new\lpc_chip_11uxx_lib\Release\liblpc_chip_11uxx_lib.a(pmu_11xx.o)
 .debug_abbrev  0x00003bcc      0x123 C:\Users\nxp91080\Documents\LPCXpresso_7.9.2_493\workspace_ntag_i2c_new\lpc_chip_11uxx_lib\Release\liblpc_chip_11uxx_lib.a(sysctl_11xx.o)

.debug_loc      0x00000000     0x49aa
 .debug_loc     0x00000000      0x1f7 ./src/HW_functions.o
 .debug_loc     0x000001f7      0x12b ./src/flash_fw.o
 .debug_loc     0x00000322      0xb59 ./src/hid_i2c.o
 .debug_loc     0x00000e7b       0xbb ./src/hid_main.o
 .debug_loc     0x00000f36      0x239 ./src/iap_driver.o
 .debug_loc     0x0000116f      0x355 ./src/main.o
 .debug_loc     0x000014c4       0x6a C:\Users\nxp91080\Documents\LPCXpresso_7.9.2_493\workspace_ntag_i2c_new\NTAG_I2C_API\Release\libNTAG_I2C_API.a(timer_lpc.o)
 .debug_loc     0x0000152e      0xaa8 C:\Users\nxp91080\Documents\LPCXpresso_7.9.2_493\workspace_ntag_i2c_new\NTAG_I2C_API\Release\libNTAG_I2C_API.a(ntag_bridge.o)
 .debug_loc     0x00001fd6      0x8a5 C:\Users\nxp91080\Documents\LPCXpresso_7.9.2_493\workspace_ntag_i2c_new\NTAG_I2C_API\Release\libNTAG_I2C_API.a(ntag_driver.o)
 .debug_loc     0x0000287b      0x152 C:\Users\nxp91080\Documents\LPCXpresso_7.9.2_493\workspace_ntag_i2c_new\NTAG_I2C_API\Release\libNTAG_I2C_API.a(isr_common.o)
 .debug_loc     0x000029cd      0x1f6 C:\Users\nxp91080\Documents\LPCXpresso_7.9.2_493\workspace_ntag_i2c_new\NTAG_I2C_API\Release\libNTAG_I2C_API.a(isr_lpc11u6x.o)
 .debug_loc     0x00002bc3      0x16a C:\Users\nxp91080\Documents\LPCXpresso_7.9.2_493\workspace_ntag_i2c_new\NTAG_I2C_API\Release\libNTAG_I2C_API.a(i2c_lpc11u37h.o)
 .debug_loc     0x00002d2d      0x1a4 C:\Users\nxp91080\Documents\LPCXpresso_7.9.2_493\workspace_ntag_i2c_new\NTAG_I2C_API\Release\libNTAG_I2C_API.a(cr_startup_lpc11u.o)
 .debug_loc     0x00002ed1      0x27b C:\Users\nxp91080\Documents\LPCXpresso_7.9.2_493\workspace_ntag_i2c_new\nxp_lpcxpresso_11u24h_board_lib\Release\libnxp_lpcxpresso_11u24h_board_lib.a(board.o)
 .debug_loc     0x0000314c       0x13 C:\Users\nxp91080\Documents\LPCXpresso_7.9.2_493\workspace_ntag_i2c_new\nxp_lpcxpresso_11u24h_board_lib\Release\libnxp_lpcxpresso_11u24h_board_lib.a(board_sysinit.o)
 .debug_loc     0x0000315f       0x18 C:\Users\nxp91080\Documents\LPCXpresso_7.9.2_493\workspace_ntag_i2c_new\nxp_lpcxpresso_11u24h_board_lib\Release\libnxp_lpcxpresso_11u24h_board_lib.a(usb_board_sysinit.o)
 .debug_loc     0x00003177      0x976 C:\Users\nxp91080\Documents\LPCXpresso_7.9.2_493\workspace_ntag_i2c_new\lpc_chip_11uxx_lib\Release\liblpc_chip_11uxx_lib.a(adc_11xx.o)
 .debug_loc     0x00003aed      0x208 C:\Users\nxp91080\Documents\LPCXpresso_7.9.2_493\workspace_ntag_i2c_new\lpc_chip_11uxx_lib\Release\liblpc_chip_11uxx_lib.a(clock_11xx.o)
 .debug_loc     0x00003cf5      0x3a8 C:\Users\nxp91080\Documents\LPCXpresso_7.9.2_493\workspace_ntag_i2c_new\lpc_chip_11uxx_lib\Release\liblpc_chip_11uxx_lib.a(gpio_11xx_1.o)
 .debug_loc     0x0000409d      0x81d C:\Users\nxp91080\Documents\LPCXpresso_7.9.2_493\workspace_ntag_i2c_new\lpc_chip_11uxx_lib\Release\liblpc_chip_11uxx_lib.a(i2cm_11xx.o)
 .debug_loc     0x000048ba       0x21 C:\Users\nxp91080\Documents\LPCXpresso_7.9.2_493\workspace_ntag_i2c_new\lpc_chip_11uxx_lib\Release\liblpc_chip_11uxx_lib.a(iocon_11xx.o)
 .debug_loc     0x000048db       0x13 C:\Users\nxp91080\Documents\LPCXpresso_7.9.2_493\workspace_ntag_i2c_new\lpc_chip_11uxx_lib\Release\liblpc_chip_11uxx_lib.a(pmu_11xx.o)
 .debug_loc     0x000048ee       0xbc C:\Users\nxp91080\Documents\LPCXpresso_7.9.2_493\workspace_ntag_i2c_new\lpc_chip_11uxx_lib\Release\liblpc_chip_11uxx_lib.a(sysctl_11xx.o)

.debug_aranges  0x00000000      0x7d0
 .debug_aranges
                0x00000000       0x90 ./src/HW_functions.o
 .debug_aranges
                0x00000090       0x20 ./src/flash_fw.o
 .debug_aranges
                0x000000b0       0x18 ./src/hid_desc.o
 .debug_aranges
                0x000000c8       0x48 ./src/hid_i2c.o
 .debug_aranges
                0x00000110       0x30 ./src/hid_main.o
 .debug_aranges
                0x00000140       0x58 ./src/iap_driver.o
 .debug_aranges
                0x00000198       0x68 ./src/main.o
 .debug_aranges
                0x00000200       0x38 C:\Users\nxp91080\Documents\LPCXpresso_7.9.2_493\workspace_ntag_i2c_new\NTAG_I2C_API\Release\libNTAG_I2C_API.a(timer_lpc.o)
 .debug_aranges
                0x00000238       0xe0 C:\Users\nxp91080\Documents\LPCXpresso_7.9.2_493\workspace_ntag_i2c_new\NTAG_I2C_API\Release\libNTAG_I2C_API.a(ntag_bridge.o)
 .debug_aranges
                0x00000318       0x78 C:\Users\nxp91080\Documents\LPCXpresso_7.9.2_493\workspace_ntag_i2c_new\NTAG_I2C_API\Release\libNTAG_I2C_API.a(ntag_driver.o)
 .debug_aranges
                0x00000390       0x28 C:\Users\nxp91080\Documents\LPCXpresso_7.9.2_493\workspace_ntag_i2c_new\NTAG_I2C_API\Release\libNTAG_I2C_API.a(isr_common.o)
 .debug_aranges
                0x000003b8       0x50 C:\Users\nxp91080\Documents\LPCXpresso_7.9.2_493\workspace_ntag_i2c_new\NTAG_I2C_API\Release\libNTAG_I2C_API.a(isr_lpc11u6x.o)
 .debug_aranges
                0x00000408       0x58 C:\Users\nxp91080\Documents\LPCXpresso_7.9.2_493\workspace_ntag_i2c_new\NTAG_I2C_API\Release\libNTAG_I2C_API.a(i2c_lpc11u37h.o)
 .debug_aranges
                0x00000460       0x60 C:\Users\nxp91080\Documents\LPCXpresso_7.9.2_493\workspace_ntag_i2c_new\NTAG_I2C_API\Release\libNTAG_I2C_API.a(cr_startup_lpc11u.o)
 .debug_aranges
                0x000004c0       0x28 C:\Users\nxp91080\Documents\LPCXpresso_7.9.2_493\workspace_ntag_i2c_new\NTAG_I2C_API\Release\libNTAG_I2C_API.a(sysinit.o)
 .debug_aranges
                0x000004e8       0x38 C:\Users\nxp91080\Documents\LPCXpresso_7.9.2_493\workspace_ntag_i2c_new\nxp_lpcxpresso_11u24h_board_lib\Release\libnxp_lpcxpresso_11u24h_board_lib.a(board.o)
 .debug_aranges
                0x00000520       0x30 C:\Users\nxp91080\Documents\LPCXpresso_7.9.2_493\workspace_ntag_i2c_new\nxp_lpcxpresso_11u24h_board_lib\Release\libnxp_lpcxpresso_11u24h_board_lib.a(board_sysinit.o)
 .debug_aranges
                0x00000550       0x28 C:\Users\nxp91080\Documents\LPCXpresso_7.9.2_493\workspace_ntag_i2c_new\nxp_lpcxpresso_11u24h_board_lib\Release\libnxp_lpcxpresso_11u24h_board_lib.a(usb_board_sysinit.o)
 .debug_aranges
                0x00000578       0x80 C:\Users\nxp91080\Documents\LPCXpresso_7.9.2_493\workspace_ntag_i2c_new\lpc_chip_11uxx_lib\Release\liblpc_chip_11uxx_lib.a(adc_11xx.o)
 .debug_aranges
                0x000005f8       0x20 C:\Users\nxp91080\Documents\LPCXpresso_7.9.2_493\workspace_ntag_i2c_new\lpc_chip_11uxx_lib\Release\liblpc_chip_11uxx_lib.a(chip_11xx.o)
 .debug_aranges
                0x00000618       0x80 C:\Users\nxp91080\Documents\LPCXpresso_7.9.2_493\workspace_ntag_i2c_new\lpc_chip_11uxx_lib\Release\liblpc_chip_11uxx_lib.a(clock_11xx.o)
 .debug_aranges
                0x00000698       0x48 C:\Users\nxp91080\Documents\LPCXpresso_7.9.2_493\workspace_ntag_i2c_new\lpc_chip_11uxx_lib\Release\liblpc_chip_11uxx_lib.a(gpio_11xx_1.o)
 .debug_aranges
                0x000006e0       0x58 C:\Users\nxp91080\Documents\LPCXpresso_7.9.2_493\workspace_ntag_i2c_new\lpc_chip_11uxx_lib\Release\liblpc_chip_11uxx_lib.a(i2cm_11xx.o)
 .debug_aranges
                0x00000738       0x20 C:\Users\nxp91080\Documents\LPCXpresso_7.9.2_493\workspace_ntag_i2c_new\lpc_chip_11uxx_lib\Release\liblpc_chip_11uxx_lib.a(iocon_11xx.o)
 .debug_aranges
                0x00000758       0x40 C:\Users\nxp91080\Documents\LPCXpresso_7.9.2_493\workspace_ntag_i2c_new\lpc_chip_11uxx_lib\Release\liblpc_chip_11uxx_lib.a(pmu_11xx.o)
 .debug_aranges
                0x00000798       0x38 C:\Users\nxp91080\Documents\LPCXpresso_7.9.2_493\workspace_ntag_i2c_new\lpc_chip_11uxx_lib\Release\liblpc_chip_11uxx_lib.a(sysctl_11xx.o)

.debug_ranges   0x00000000      0xfe0
 .debug_ranges  0x00000000       0xb0 ./src/HW_functions.o
 .debug_ranges  0x000000b0       0x10 ./src/flash_fw.o
 .debug_ranges  0x000000c0      0x1c0 ./src/hid_i2c.o
 .debug_ranges  0x00000280       0xb8 ./src/hid_main.o
 .debug_ranges  0x00000338       0x48 ./src/iap_driver.o
 .debug_ranges  0x00000380       0x88 ./src/main.o
 .debug_ranges  0x00000408       0x40 C:\Users\nxp91080\Documents\LPCXpresso_7.9.2_493\workspace_ntag_i2c_new\NTAG_I2C_API\Release\libNTAG_I2C_API.a(timer_lpc.o)
 .debug_ranges  0x00000448       0xd0 C:\Users\nxp91080\Documents\LPCXpresso_7.9.2_493\workspace_ntag_i2c_new\NTAG_I2C_API\Release\libNTAG_I2C_API.a(ntag_bridge.o)
 .debug_ranges  0x00000518       0xd8 C:\Users\nxp91080\Documents\LPCXpresso_7.9.2_493\workspace_ntag_i2c_new\NTAG_I2C_API\Release\libNTAG_I2C_API.a(ntag_driver.o)
 .debug_ranges  0x000005f0       0x18 C:\Users\nxp91080\Documents\LPCXpresso_7.9.2_493\workspace_ntag_i2c_new\NTAG_I2C_API\Release\libNTAG_I2C_API.a(isr_common.o)
 .debug_ranges  0x00000608       0xe8 C:\Users\nxp91080\Documents\LPCXpresso_7.9.2_493\workspace_ntag_i2c_new\NTAG_I2C_API\Release\libNTAG_I2C_API.a(isr_lpc11u6x.o)
 .debug_ranges  0x000006f0       0x48 C:\Users\nxp91080\Documents\LPCXpresso_7.9.2_493\workspace_ntag_i2c_new\NTAG_I2C_API\Release\libNTAG_I2C_API.a(i2c_lpc11u37h.o)
 .debug_ranges  0x00000738       0x50 C:\Users\nxp91080\Documents\LPCXpresso_7.9.2_493\workspace_ntag_i2c_new\NTAG_I2C_API\Release\libNTAG_I2C_API.a(cr_startup_lpc11u.o)
 .debug_ranges  0x00000788       0x18 C:\Users\nxp91080\Documents\LPCXpresso_7.9.2_493\workspace_ntag_i2c_new\NTAG_I2C_API\Release\libNTAG_I2C_API.a(sysinit.o)
 .debug_ranges  0x000007a0       0xb8 C:\Users\nxp91080\Documents\LPCXpresso_7.9.2_493\workspace_ntag_i2c_new\nxp_lpcxpresso_11u24h_board_lib\Release\libnxp_lpcxpresso_11u24h_board_lib.a(board.o)
 .debug_ranges  0x00000858       0x88 C:\Users\nxp91080\Documents\LPCXpresso_7.9.2_493\workspace_ntag_i2c_new\nxp_lpcxpresso_11u24h_board_lib\Release\libnxp_lpcxpresso_11u24h_board_lib.a(board_sysinit.o)
 .debug_ranges  0x000008e0       0x98 C:\Users\nxp91080\Documents\LPCXpresso_7.9.2_493\workspace_ntag_i2c_new\nxp_lpcxpresso_11u24h_board_lib\Release\libnxp_lpcxpresso_11u24h_board_lib.a(usb_board_sysinit.o)
 .debug_ranges  0x00000978      0x188 C:\Users\nxp91080\Documents\LPCXpresso_7.9.2_493\workspace_ntag_i2c_new\lpc_chip_11uxx_lib\Release\liblpc_chip_11uxx_lib.a(adc_11xx.o)
 .debug_ranges  0x00000b00       0x10 C:\Users\nxp91080\Documents\LPCXpresso_7.9.2_493\workspace_ntag_i2c_new\lpc_chip_11uxx_lib\Release\liblpc_chip_11uxx_lib.a(chip_11xx.o)
 .debug_ranges  0x00000b10      0x1a0 C:\Users\nxp91080\Documents\LPCXpresso_7.9.2_493\workspace_ntag_i2c_new\lpc_chip_11uxx_lib\Release\liblpc_chip_11uxx_lib.a(clock_11xx.o)
 .debug_ranges  0x00000cb0       0x68 C:\Users\nxp91080\Documents\LPCXpresso_7.9.2_493\workspace_ntag_i2c_new\lpc_chip_11uxx_lib\Release\liblpc_chip_11uxx_lib.a(gpio_11xx_1.o)
 .debug_ranges  0x00000d18      0x260 C:\Users\nxp91080\Documents\LPCXpresso_7.9.2_493\workspace_ntag_i2c_new\lpc_chip_11uxx_lib\Release\liblpc_chip_11uxx_lib.a(i2cm_11xx.o)
 .debug_ranges  0x00000f78       0x10 C:\Users\nxp91080\Documents\LPCXpresso_7.9.2_493\workspace_ntag_i2c_new\lpc_chip_11uxx_lib\Release\liblpc_chip_11uxx_lib.a(iocon_11xx.o)
 .debug_ranges  0x00000f88       0x30 C:\Users\nxp91080\Documents\LPCXpresso_7.9.2_493\workspace_ntag_i2c_new\lpc_chip_11uxx_lib\Release\liblpc_chip_11uxx_lib.a(pmu_11xx.o)
 .debug_ranges  0x00000fb8       0x28 C:\Users\nxp91080\Documents\LPCXpresso_7.9.2_493\workspace_ntag_i2c_new\lpc_chip_11uxx_lib\Release\liblpc_chip_11uxx_lib.a(sysctl_11xx.o)

.debug_line     0x00000000     0x5f74
 .debug_line    0x00000000      0x725 ./src/HW_functions.o
 .debug_line    0x00000725       0xc9 ./src/flash_fw.o
 .debug_line    0x000007ee       0xf4 ./src/hid_desc.o
 .debug_line    0x000008e2      0x679 ./src/hid_i2c.o
 .debug_line    0x00000f5b      0x4c0 ./src/hid_main.o
 .debug_line    0x0000141b      0x2e4 ./src/iap_driver.o
 .debug_line    0x000016ff      0x757 ./src/main.o
 .debug_line    0x00001e56      0x218 C:\Users\nxp91080\Documents\LPCXpresso_7.9.2_493\workspace_ntag_i2c_new\NTAG_I2C_API\Release\libNTAG_I2C_API.a(timer_lpc.o)
 .debug_line    0x0000206e      0x5a4 C:\Users\nxp91080\Documents\LPCXpresso_7.9.2_493\workspace_ntag_i2c_new\NTAG_I2C_API\Release\libNTAG_I2C_API.a(ntag_bridge.o)
 .debug_line    0x00002612      0x5a3 C:\Users\nxp91080\Documents\LPCXpresso_7.9.2_493\workspace_ntag_i2c_new\NTAG_I2C_API\Release\libNTAG_I2C_API.a(ntag_driver.o)
 .debug_line    0x00002bb5      0x35f C:\Users\nxp91080\Documents\LPCXpresso_7.9.2_493\workspace_ntag_i2c_new\NTAG_I2C_API\Release\libNTAG_I2C_API.a(isr_common.o)
 .debug_line    0x00002f14      0x437 C:\Users\nxp91080\Documents\LPCXpresso_7.9.2_493\workspace_ntag_i2c_new\NTAG_I2C_API\Release\libNTAG_I2C_API.a(isr_lpc11u6x.o)
 .debug_line    0x0000334b      0x290 C:\Users\nxp91080\Documents\LPCXpresso_7.9.2_493\workspace_ntag_i2c_new\NTAG_I2C_API\Release\libNTAG_I2C_API.a(i2c_lpc11u37h.o)
 .debug_line    0x000035db       0xbe C:\Users\nxp91080\Documents\LPCXpresso_7.9.2_493\workspace_ntag_i2c_new\NTAG_I2C_API\Release\libNTAG_I2C_API.a(cr_startup_lpc11u.o)
 .debug_line    0x00003699      0x1ae C:\Users\nxp91080\Documents\LPCXpresso_7.9.2_493\workspace_ntag_i2c_new\NTAG_I2C_API\Release\libNTAG_I2C_API.a(sysinit.o)
 .debug_line    0x00003847      0x21b C:\Users\nxp91080\Documents\LPCXpresso_7.9.2_493\workspace_ntag_i2c_new\nxp_lpcxpresso_11u24h_board_lib\Release\libnxp_lpcxpresso_11u24h_board_lib.a(board.o)
 .debug_line    0x00003a62      0x283 C:\Users\nxp91080\Documents\LPCXpresso_7.9.2_493\workspace_ntag_i2c_new\nxp_lpcxpresso_11u24h_board_lib\Release\libnxp_lpcxpresso_11u24h_board_lib.a(board_sysinit.o)
 .debug_line    0x00003ce5      0x285 C:\Users\nxp91080\Documents\LPCXpresso_7.9.2_493\workspace_ntag_i2c_new\nxp_lpcxpresso_11u24h_board_lib\Release\libnxp_lpcxpresso_11u24h_board_lib.a(usb_board_sysinit.o)
 .debug_line    0x00003f6a      0x4ea C:\Users\nxp91080\Documents\LPCXpresso_7.9.2_493\workspace_ntag_i2c_new\lpc_chip_11uxx_lib\Release\liblpc_chip_11uxx_lib.a(adc_11xx.o)
 .debug_line    0x00004454      0x2f3 C:\Users\nxp91080\Documents\LPCXpresso_7.9.2_493\workspace_ntag_i2c_new\lpc_chip_11uxx_lib\Release\liblpc_chip_11uxx_lib.a(chip_11xx.o)
 .debug_line    0x00004747      0x4c0 C:\Users\nxp91080\Documents\LPCXpresso_7.9.2_493\workspace_ntag_i2c_new\lpc_chip_11uxx_lib\Release\liblpc_chip_11uxx_lib.a(clock_11xx.o)
 .debug_line    0x00004c07      0x39e C:\Users\nxp91080\Documents\LPCXpresso_7.9.2_493\workspace_ntag_i2c_new\lpc_chip_11uxx_lib\Release\liblpc_chip_11uxx_lib.a(gpio_11xx_1.o)
 .debug_line    0x00004fa5      0x628 C:\Users\nxp91080\Documents\LPCXpresso_7.9.2_493\workspace_ntag_i2c_new\lpc_chip_11uxx_lib\Release\liblpc_chip_11uxx_lib.a(i2cm_11xx.o)
 .debug_line    0x000055cd      0x2f3 C:\Users\nxp91080\Documents\LPCXpresso_7.9.2_493\workspace_ntag_i2c_new\lpc_chip_11uxx_lib\Release\liblpc_chip_11uxx_lib.a(iocon_11xx.o)
 .debug_line    0x000058c0      0x381 C:\Users\nxp91080\Documents\LPCXpresso_7.9.2_493\workspace_ntag_i2c_new\lpc_chip_11uxx_lib\Release\liblpc_chip_11uxx_lib.a(pmu_11xx.o)
 .debug_line    0x00005c41      0x333 C:\Users\nxp91080\Documents\LPCXpresso_7.9.2_493\workspace_ntag_i2c_new\lpc_chip_11uxx_lib\Release\liblpc_chip_11uxx_lib.a(sysctl_11xx.o)

.debug_str      0x00000000     0xb515
 .debug_str     0x00000000      0x7a3 ./src/HW_functions.o
                                0x8a6 (size before relaxing)
 .debug_str     0x000007a3       0x8a ./src/flash_fw.o
                                0x301 (size before relaxing)
 .debug_str     0x0000082d       0x83 ./src/hid_desc.o
                                0x2a6 (size before relaxing)
 .debug_str     0x000008b0     0x18fd ./src/hid_i2c.o
                               0x1fc8 (size before relaxing)
 .debug_str     0x000021ad      0x4d6 ./src/hid_main.o
                               0x1be9 (size before relaxing)
 .debug_str     0x00002683      0x107 ./src/iap_driver.o
                                0x3ea (size before relaxing)
 .debug_str     0x0000278a      0x699 ./src/main.o
                               0x1000 (size before relaxing)
 .debug_str     0x00002e23       0xa8 C:\Users\nxp91080\Documents\LPCXpresso_7.9.2_493\workspace_ntag_i2c_new\NTAG_I2C_API\Release\libNTAG_I2C_API.a(timer_lpc.o)
                                0x5ba (size before relaxing)
 .debug_str     0x00002ecb      0x34a C:\Users\nxp91080\Documents\LPCXpresso_7.9.2_493\workspace_ntag_i2c_new\NTAG_I2C_API\Release\libNTAG_I2C_API.a(ntag_bridge.o)
                                0x992 (size before relaxing)
 .debug_str     0x00003215      0x118 C:\Users\nxp91080\Documents\LPCXpresso_7.9.2_493\workspace_ntag_i2c_new\NTAG_I2C_API\Release\libNTAG_I2C_API.a(ntag_driver.o)
                                0x60e (size before relaxing)
 .debug_str     0x0000332d       0xcb C:\Users\nxp91080\Documents\LPCXpresso_7.9.2_493\workspace_ntag_i2c_new\NTAG_I2C_API\Release\libNTAG_I2C_API.a(isr_common.o)
                                0x420 (size before relaxing)
 .debug_str     0x000033f8       0xba C:\Users\nxp91080\Documents\LPCXpresso_7.9.2_493\workspace_ntag_i2c_new\NTAG_I2C_API\Release\libNTAG_I2C_API.a(isr_lpc11u6x.o)
                                0xbf0 (size before relaxing)
 .debug_str     0x000034b2       0xef C:\Users\nxp91080\Documents\LPCXpresso_7.9.2_493\workspace_ntag_i2c_new\NTAG_I2C_API\Release\libNTAG_I2C_API.a(i2c_lpc11u37h.o)
                                0x44f (size before relaxing)
 .debug_str     0x000035a1      0x13a C:\Users\nxp91080\Documents\LPCXpresso_7.9.2_493\workspace_ntag_i2c_new\NTAG_I2C_API\Release\libNTAG_I2C_API.a(cr_startup_lpc11u.o)
                                0x26f (size before relaxing)
 .debug_str     0x000036db       0x2d C:\Users\nxp91080\Documents\LPCXpresso_7.9.2_493\workspace_ntag_i2c_new\NTAG_I2C_API\Release\libNTAG_I2C_API.a(sysinit.o)
                                0x28d (size before relaxing)
 .debug_str     0x00003708      0x198 C:\Users\nxp91080\Documents\LPCXpresso_7.9.2_493\workspace_ntag_i2c_new\nxp_lpcxpresso_11u24h_board_lib\Release\libnxp_lpcxpresso_11u24h_board_lib.a(board.o)
                                0x396 (size before relaxing)
 .debug_str     0x000038a0      0x31c C:\Users\nxp91080\Documents\LPCXpresso_7.9.2_493\workspace_ntag_i2c_new\nxp_lpcxpresso_11u24h_board_lib\Release\libnxp_lpcxpresso_11u24h_board_lib.a(board_sysinit.o)
                                0x8be (size before relaxing)
 .debug_str     0x00003bbc      0x1b4 C:\Users\nxp91080\Documents\LPCXpresso_7.9.2_493\workspace_ntag_i2c_new\nxp_lpcxpresso_11u24h_board_lib\Release\libnxp_lpcxpresso_11u24h_board_lib.a(usb_board_sysinit.o)
                                0x87e (size before relaxing)
 .debug_str     0x00003d70     0x7166 C:\Users\nxp91080\Documents\LPCXpresso_7.9.2_493\workspace_ntag_i2c_new\lpc_chip_11uxx_lib\Release\liblpc_chip_11uxx_lib.a(adc_11xx.o)
                               0x789e (size before relaxing)
 .debug_str     0x0000aed6       0x13 C:\Users\nxp91080\Documents\LPCXpresso_7.9.2_493\workspace_ntag_i2c_new\lpc_chip_11uxx_lib\Release\liblpc_chip_11uxx_lib.a(chip_11xx.o)
                               0x6ef5 (size before relaxing)
 .debug_str     0x0000aee9      0x244 C:\Users\nxp91080\Documents\LPCXpresso_7.9.2_493\workspace_ntag_i2c_new\lpc_chip_11uxx_lib\Release\liblpc_chip_11uxx_lib.a(clock_11xx.o)
                               0x76e2 (size before relaxing)
 .debug_str     0x0000b12d       0xd2 C:\Users\nxp91080\Documents\LPCXpresso_7.9.2_493\workspace_ntag_i2c_new\lpc_chip_11uxx_lib\Release\liblpc_chip_11uxx_lib.a(gpio_11xx_1.o)
                               0x7540 (size before relaxing)
 .debug_str     0x0000b1ff       0x92 C:\Users\nxp91080\Documents\LPCXpresso_7.9.2_493\workspace_ntag_i2c_new\lpc_chip_11uxx_lib\Release\liblpc_chip_11uxx_lib.a(i2cm_11xx.o)
                               0x778f (size before relaxing)
 .debug_str     0x0000b291       0x24 C:\Users\nxp91080\Documents\LPCXpresso_7.9.2_493\workspace_ntag_i2c_new\lpc_chip_11uxx_lib\Release\liblpc_chip_11uxx_lib.a(iocon_11xx.o)
                               0x6efa (size before relaxing)
 .debug_str     0x0000b2b5       0xeb C:\Users\nxp91080\Documents\LPCXpresso_7.9.2_493\workspace_ntag_i2c_new\lpc_chip_11uxx_lib\Release\liblpc_chip_11uxx_lib.a(pmu_11xx.o)
                               0x6fec (size before relaxing)
 .debug_str     0x0000b3a0      0x175 C:\Users\nxp91080\Documents\LPCXpresso_7.9.2_493\workspace_ntag_i2c_new\lpc_chip_11uxx_lib\Release\liblpc_chip_11uxx_lib.a(sysctl_11xx.o)
                               0x72e5 (size before relaxing)

.comment        0x00000000       0x70
 .comment       0x00000000       0x70 ./src/HW_functions.o
                                 0x71 (size before relaxing)
 .comment       0x00000000       0x71 ./src/flash_fw.o
 .comment       0x00000000       0x71 ./src/hid_desc.o
 .comment       0x00000000       0x71 ./src/hid_i2c.o
 .comment       0x00000000       0x71 ./src/hid_main.o
 .comment       0x00000000       0x71 ./src/iap_driver.o
 .comment       0x00000000       0x71 ./src/main.o
 .comment       0x00000000       0x71 C:\Users\nxp91080\Documents\LPCXpresso_7.9.2_493\workspace_ntag_i2c_new\NTAG_I2C_API\Release\libNTAG_I2C_API.a(timer_lpc.o)
 .comment       0x00000000       0x71 C:\Users\nxp91080\Documents\LPCXpresso_7.9.2_493\workspace_ntag_i2c_new\NTAG_I2C_API\Release\libNTAG_I2C_API.a(ntag_bridge.o)
 .comment       0x00000000       0x71 C:\Users\nxp91080\Documents\LPCXpresso_7.9.2_493\workspace_ntag_i2c_new\NTAG_I2C_API\Release\libNTAG_I2C_API.a(ntag_driver.o)
 .comment       0x00000000       0x71 C:\Users\nxp91080\Documents\LPCXpresso_7.9.2_493\workspace_ntag_i2c_new\NTAG_I2C_API\Release\libNTAG_I2C_API.a(isr_common.o)
 .comment       0x00000000       0x71 C:\Users\nxp91080\Documents\LPCXpresso_7.9.2_493\workspace_ntag_i2c_new\NTAG_I2C_API\Release\libNTAG_I2C_API.a(isr_lpc11u6x.o)
 .comment       0x00000000       0x71 C:\Users\nxp91080\Documents\LPCXpresso_7.9.2_493\workspace_ntag_i2c_new\NTAG_I2C_API\Release\libNTAG_I2C_API.a(i2c_lpc11u37h.o)
 .comment       0x00000000       0x71 C:\Users\nxp91080\Documents\LPCXpresso_7.9.2_493\workspace_ntag_i2c_new\NTAG_I2C_API\Release\libNTAG_I2C_API.a(cr_startup_lpc11u.o)
 .comment       0x00000000       0x71 C:\Users\nxp91080\Documents\LPCXpresso_7.9.2_493\workspace_ntag_i2c_new\NTAG_I2C_API\Release\libNTAG_I2C_API.a(sysinit.o)
 .comment       0x00000000       0x71 C:\Users\nxp91080\Documents\LPCXpresso_7.9.2_493\workspace_ntag_i2c_new\nxp_lpcxpresso_11u24h_board_lib\Release\libnxp_lpcxpresso_11u24h_board_lib.a(board.o)
 .comment       0x00000000       0x71 C:\Users\nxp91080\Documents\LPCXpresso_7.9.2_493\workspace_ntag_i2c_new\nxp_lpcxpresso_11u24h_board_lib\Release\libnxp_lpcxpresso_11u24h_board_lib.a(board_sysinit.o)
 .comment       0x00000000       0x71 C:\Users\nxp91080\Documents\LPCXpresso_7.9.2_493\workspace_ntag_i2c_new\nxp_lpcxpresso_11u24h_board_lib\Release\libnxp_lpcxpresso_11u24h_board_lib.a(usb_board_sysinit.o)
 .comment       0x00000000       0x71 C:\Users\nxp91080\Documents\LPCXpresso_7.9.2_493\workspace_ntag_i2c_new\lpc_chip_11uxx_lib\Release\liblpc_chip_11uxx_lib.a(adc_11xx.o)
 .comment       0x00000000       0x71 C:\Users\nxp91080\Documents\LPCXpresso_7.9.2_493\workspace_ntag_i2c_new\lpc_chip_11uxx_lib\Release\liblpc_chip_11uxx_lib.a(chip_11xx.o)
 .comment       0x00000000       0x71 C:\Users\nxp91080\Documents\LPCXpresso_7.9.2_493\workspace_ntag_i2c_new\lpc_chip_11uxx_lib\Release\liblpc_chip_11uxx_lib.a(clock_11xx.o)
 .comment       0x00000000       0x71 C:\Users\nxp91080\Documents\LPCXpresso_7.9.2_493\workspace_ntag_i2c_new\lpc_chip_11uxx_lib\Release\liblpc_chip_11uxx_lib.a(gpio_11xx_1.o)
 .comment       0x00000000       0x71 C:\Users\nxp91080\Documents\LPCXpresso_7.9.2_493\workspace_ntag_i2c_new\lpc_chip_11uxx_lib\Release\liblpc_chip_11uxx_lib.a(i2cm_11xx.o)
 .comment       0x00000000       0x71 C:\Users\nxp91080\Documents\LPCXpresso_7.9.2_493\workspace_ntag_i2c_new\lpc_chip_11uxx_lib\Release\liblpc_chip_11uxx_lib.a(iocon_11xx.o)
 .comment       0x00000000       0x71 C:\Users\nxp91080\Documents\LPCXpresso_7.9.2_493\workspace_ntag_i2c_new\lpc_chip_11uxx_lib\Release\liblpc_chip_11uxx_lib.a(pmu_11xx.o)
 .comment       0x00000000       0x71 C:\Users\nxp91080\Documents\LPCXpresso_7.9.2_493\workspace_ntag_i2c_new\lpc_chip_11uxx_lib\Release\liblpc_chip_11uxx_lib.a(sysctl_11xx.o)
 .comment       0x00000000       0x71 c:/nxp/lpcxpresso_7.9.2_493/lpcxpresso/tools/bin/../lib/gcc/arm-none-eabi/4.9.3/../../../../arm-none-eabi/lib/armv6-m\libcr_c.a(memcpy.o)
 .comment       0x00000000       0x71 c:/nxp/lpcxpresso_7.9.2_493/lpcxpresso/tools/bin/../lib/gcc/arm-none-eabi/4.9.3/../../../../arm-none-eabi/lib/armv6-m\libcr_c.a(memset.o)
 .comment       0x00000000       0x71 c:/nxp/lpcxpresso_7.9.2_493/lpcxpresso/tools/bin/../lib/gcc/arm-none-eabi/4.9.3/../../../../arm-none-eabi/lib/armv6-m\libcr_c.a(__weak__main.o)
 .comment       0x00000000       0x71 c:/nxp/lpcxpresso_7.9.2_493/lpcxpresso/tools/bin/../lib/gcc/arm-none-eabi/4.9.3/../../../../arm-none-eabi/lib/armv6-m\libcr_c.a(alloc.o)
 .comment       0x00000000       0x71 c:/nxp/lpcxpresso_7.9.2_493/lpcxpresso/tools/bin/../lib/gcc/arm-none-eabi/4.9.3/../../../../arm-none-eabi/lib/armv6-m\libcr_c.a(strlen.o)
 .comment       0x00000000       0x71 c:/nxp/lpcxpresso_7.9.2_493/lpcxpresso/tools/bin/../lib/gcc/arm-none-eabi/4.9.3/../../../../arm-none-eabi/lib/armv6-m\libcr_c.a(__init_alloc.o)
 .comment       0x00000000       0x71 c:/nxp/lpcxpresso_7.9.2_493/lpcxpresso/tools/bin/../lib/gcc/arm-none-eabi/4.9.3/../../../../arm-none-eabi/lib/armv6-m\libcr_c.a(_cr_sbrk.o)
 .comment       0x00000000       0x71 c:/nxp/lpcxpresso_7.9.2_493/lpcxpresso/tools/bin/../lib/gcc/arm-none-eabi/4.9.3/../../../../arm-none-eabi/lib/armv6-m\libcr_c.a(errno.o)
 .comment       0x00000000       0x71 c:/nxp/lpcxpresso_7.9.2_493/lpcxpresso/tools/bin/../lib/gcc/arm-none-eabi/4.9.3/../../../../arm-none-eabi/lib/armv6-m\libcr_c.a(_cr_check_heap.o)

.ARM.attributes
                0x00000000       0x2f
 .ARM.attributes
                0x00000000       0x31 ./src/HW_functions.o
 .ARM.attributes
                0x00000031       0x31 ./src/flash_fw.o
 .ARM.attributes
                0x00000062       0x31 ./src/hid_desc.o
 .ARM.attributes
                0x00000093       0x31 ./src/hid_i2c.o
 .ARM.attributes
                0x000000c4       0x31 ./src/hid_main.o
 .ARM.attributes
                0x000000f5       0x31 ./src/iap_driver.o
 .ARM.attributes
                0x00000126       0x31 ./src/main.o
 .ARM.attributes
                0x00000157       0x31 C:\Users\nxp91080\Documents\LPCXpresso_7.9.2_493\workspace_ntag_i2c_new\NTAG_I2C_API\Release\libNTAG_I2C_API.a(timer_lpc.o)
 .ARM.attributes
                0x00000188       0x31 C:\Users\nxp91080\Documents\LPCXpresso_7.9.2_493\workspace_ntag_i2c_new\NTAG_I2C_API\Release\libNTAG_I2C_API.a(ntag_bridge.o)
 .ARM.attributes
                0x000001b9       0x31 C:\Users\nxp91080\Documents\LPCXpresso_7.9.2_493\workspace_ntag_i2c_new\NTAG_I2C_API\Release\libNTAG_I2C_API.a(ntag_driver.o)
 .ARM.attributes
                0x000001ea       0x31 C:\Users\nxp91080\Documents\LPCXpresso_7.9.2_493\workspace_ntag_i2c_new\NTAG_I2C_API\Release\libNTAG_I2C_API.a(isr_common.o)
 .ARM.attributes
                0x0000021b       0x31 C:\Users\nxp91080\Documents\LPCXpresso_7.9.2_493\workspace_ntag_i2c_new\NTAG_I2C_API\Release\libNTAG_I2C_API.a(isr_lpc11u6x.o)
 .ARM.attributes
                0x0000024c       0x31 C:\Users\nxp91080\Documents\LPCXpresso_7.9.2_493\workspace_ntag_i2c_new\NTAG_I2C_API\Release\libNTAG_I2C_API.a(i2c_lpc11u37h.o)
 .ARM.attributes
                0x0000027d       0x31 C:\Users\nxp91080\Documents\LPCXpresso_7.9.2_493\workspace_ntag_i2c_new\NTAG_I2C_API\Release\libNTAG_I2C_API.a(cr_startup_lpc11u.o)
 .ARM.attributes
                0x000002ae       0x31 C:\Users\nxp91080\Documents\LPCXpresso_7.9.2_493\workspace_ntag_i2c_new\NTAG_I2C_API\Release\libNTAG_I2C_API.a(sysinit.o)
 .ARM.attributes
                0x000002df       0x31 C:\Users\nxp91080\Documents\LPCXpresso_7.9.2_493\workspace_ntag_i2c_new\nxp_lpcxpresso_11u24h_board_lib\Release\libnxp_lpcxpresso_11u24h_board_lib.a(board.o)
 .ARM.attributes
                0x00000310       0x31 C:\Users\nxp91080\Documents\LPCXpresso_7.9.2_493\workspace_ntag_i2c_new\nxp_lpcxpresso_11u24h_board_lib\Release\libnxp_lpcxpresso_11u24h_board_lib.a(board_sysinit.o)
 .ARM.attributes
                0x00000341       0x31 C:\Users\nxp91080\Documents\LPCXpresso_7.9.2_493\workspace_ntag_i2c_new\nxp_lpcxpresso_11u24h_board_lib\Release\libnxp_lpcxpresso_11u24h_board_lib.a(usb_board_sysinit.o)
 .ARM.attributes
                0x00000372       0x31 C:\Users\nxp91080\Documents\LPCXpresso_7.9.2_493\workspace_ntag_i2c_new\lpc_chip_11uxx_lib\Release\liblpc_chip_11uxx_lib.a(adc_11xx.o)
 .ARM.attributes
                0x000003a3       0x31 C:\Users\nxp91080\Documents\LPCXpresso_7.9.2_493\workspace_ntag_i2c_new\lpc_chip_11uxx_lib\Release\liblpc_chip_11uxx_lib.a(chip_11xx.o)
 .ARM.attributes
                0x000003d4       0x31 C:\Users\nxp91080\Documents\LPCXpresso_7.9.2_493\workspace_ntag_i2c_new\lpc_chip_11uxx_lib\Release\liblpc_chip_11uxx_lib.a(clock_11xx.o)
 .ARM.attributes
                0x00000405       0x31 C:\Users\nxp91080\Documents\LPCXpresso_7.9.2_493\workspace_ntag_i2c_new\lpc_chip_11uxx_lib\Release\liblpc_chip_11uxx_lib.a(gpio_11xx_1.o)
 .ARM.attributes
                0x00000436       0x31 C:\Users\nxp91080\Documents\LPCXpresso_7.9.2_493\workspace_ntag_i2c_new\lpc_chip_11uxx_lib\Release\liblpc_chip_11uxx_lib.a(i2cm_11xx.o)
 .ARM.attributes
                0x00000467       0x31 C:\Users\nxp91080\Documents\LPCXpresso_7.9.2_493\workspace_ntag_i2c_new\lpc_chip_11uxx_lib\Release\liblpc_chip_11uxx_lib.a(iocon_11xx.o)
 .ARM.attributes
                0x00000498       0x31 C:\Users\nxp91080\Documents\LPCXpresso_7.9.2_493\workspace_ntag_i2c_new\lpc_chip_11uxx_lib\Release\liblpc_chip_11uxx_lib.a(pmu_11xx.o)
 .ARM.attributes
                0x000004c9       0x31 C:\Users\nxp91080\Documents\LPCXpresso_7.9.2_493\workspace_ntag_i2c_new\lpc_chip_11uxx_lib\Release\liblpc_chip_11uxx_lib.a(sysctl_11xx.o)
 .ARM.attributes
                0x000004fa       0x31 c:/nxp/lpcxpresso_7.9.2_493/lpcxpresso/tools/bin/../lib/gcc/arm-none-eabi/4.9.3/../../../../arm-none-eabi/lib/armv6-m\libcr_c.a(memcpy.o)
 .ARM.attributes
                0x0000052b       0x31 c:/nxp/lpcxpresso_7.9.2_493/lpcxpresso/tools/bin/../lib/gcc/arm-none-eabi/4.9.3/../../../../arm-none-eabi/lib/armv6-m\libcr_c.a(memset.o)
 .ARM.attributes
                0x0000055c       0x31 c:/nxp/lpcxpresso_7.9.2_493/lpcxpresso/tools/bin/../lib/gcc/arm-none-eabi/4.9.3/../../../../arm-none-eabi/lib/armv6-m\libcr_c.a(__weak__main.o)
 .ARM.attributes
                0x0000058d       0x31 c:/nxp/lpcxpresso_7.9.2_493/lpcxpresso/tools/bin/../lib/gcc/arm-none-eabi/4.9.3/../../../../arm-none-eabi/lib/armv6-m\libcr_c.a(alloc.o)
 .ARM.attributes
                0x000005be       0x31 c:/nxp/lpcxpresso_7.9.2_493/lpcxpresso/tools/bin/../lib/gcc/arm-none-eabi/4.9.3/../../../../arm-none-eabi/lib/armv6-m\libcr_c.a(strlen.o)
 .ARM.attributes
                0x000005ef       0x31 c:/nxp/lpcxpresso_7.9.2_493/lpcxpresso/tools/bin/../lib/gcc/arm-none-eabi/4.9.3/../../../../arm-none-eabi/lib/armv6-m\libcr_c.a(__init_alloc.o)
 .ARM.attributes
                0x00000620       0x31 c:/nxp/lpcxpresso_7.9.2_493/lpcxpresso/tools/bin/../lib/gcc/arm-none-eabi/4.9.3/../../../../arm-none-eabi/lib/armv6-m\libcr_c.a(_cr_sbrk.o)
 .ARM.attributes
                0x00000651       0x31 c:/nxp/lpcxpresso_7.9.2_493/lpcxpresso/tools/bin/../lib/gcc/arm-none-eabi/4.9.3/../../../../arm-none-eabi/lib/armv6-m\libcr_c.a(errno.o)
 .ARM.attributes
                0x00000682       0x31 c:/nxp/lpcxpresso_7.9.2_493/lpcxpresso/tools/bin/../lib/gcc/arm-none-eabi/4.9.3/../../../../arm-none-eabi/lib/armv6-m\libcr_c.a(_cr_check_heap.o)
 .ARM.attributes
                0x000006b3       0x21 c:/nxp/lpcxpresso_7.9.2_493/lpcxpresso/tools/bin/../lib/gcc/arm-none-eabi/4.9.3/armv6-m\libcr_eabihelpers.a(division_32.o)
 .ARM.attributes
                0x000006d4       0x21 c:/nxp/lpcxpresso_7.9.2_493/lpcxpresso/tools/bin/../lib/gcc/arm-none-eabi/4.9.3/armv6-m\libcr_eabihelpers.a(division_idiv0.o)
 .ARM.attributes
                0x000006f5       0x21 c:/nxp/lpcxpresso_7.9.2_493/lpcxpresso/tools/bin/../lib/gcc/arm-none-eabi/4.9.3/armv6-m\libcr_eabihelpers.a(memcpy.o)
 .ARM.attributes
                0x00000716       0x21 c:/nxp/lpcxpresso_7.9.2_493/lpcxpresso/tools/bin/../lib/gcc/arm-none-eabi/4.9.3/armv6-m\libcr_eabihelpers.a(thumb1_switch_helpers.o)

.debug_frame    0x00000000     0x118c
 .debug_frame   0x00000000      0x188 ./src/HW_functions.o
 .debug_frame   0x00000188       0x30 ./src/flash_fw.o
 .debug_frame   0x000001b8       0xa4 ./src/hid_i2c.o
 .debug_frame   0x0000025c       0x5c ./src/hid_main.o
 .debug_frame   0x000002b8       0xe8 ./src/iap_driver.o
 .debug_frame   0x000003a0      0x120 ./src/main.o
 .debug_frame   0x000004c0       0x64 C:\Users\nxp91080\Documents\LPCXpresso_7.9.2_493\workspace_ntag_i2c_new\NTAG_I2C_API\Release\libNTAG_I2C_API.a(timer_lpc.o)
 .debug_frame   0x00000524      0x2dc C:\Users\nxp91080\Documents\LPCXpresso_7.9.2_493\workspace_ntag_i2c_new\NTAG_I2C_API\Release\libNTAG_I2C_API.a(ntag_bridge.o)
 .debug_frame   0x00000800      0x158 C:\Users\nxp91080\Documents\LPCXpresso_7.9.2_493\workspace_ntag_i2c_new\NTAG_I2C_API\Release\libNTAG_I2C_API.a(ntag_driver.o)
 .debug_frame   0x00000958       0x58 C:\Users\nxp91080\Documents\LPCXpresso_7.9.2_493\workspace_ntag_i2c_new\NTAG_I2C_API\Release\libNTAG_I2C_API.a(isr_common.o)
 .debug_frame   0x000009b0       0xa8 C:\Users\nxp91080\Documents\LPCXpresso_7.9.2_493\workspace_ntag_i2c_new\NTAG_I2C_API\Release\libNTAG_I2C_API.a(isr_lpc11u6x.o)
 .debug_frame   0x00000a58       0xc8 C:\Users\nxp91080\Documents\LPCXpresso_7.9.2_493\workspace_ntag_i2c_new\NTAG_I2C_API\Release\libNTAG_I2C_API.a(i2c_lpc11u37h.o)
 .debug_frame   0x00000b20       0xb0 C:\Users\nxp91080\Documents\LPCXpresso_7.9.2_493\workspace_ntag_i2c_new\NTAG_I2C_API\Release\libNTAG_I2C_API.a(cr_startup_lpc11u.o)
 .debug_frame   0x00000bd0       0x40 C:\Users\nxp91080\Documents\LPCXpresso_7.9.2_493\workspace_ntag_i2c_new\NTAG_I2C_API\Release\libNTAG_I2C_API.a(sysinit.o)
 .debug_frame   0x00000c10       0x5c C:\Users\nxp91080\Documents\LPCXpresso_7.9.2_493\workspace_ntag_i2c_new\nxp_lpcxpresso_11u24h_board_lib\Release\libnxp_lpcxpresso_11u24h_board_lib.a(board.o)
 .debug_frame   0x00000c6c       0x54 C:\Users\nxp91080\Documents\LPCXpresso_7.9.2_493\workspace_ntag_i2c_new\nxp_lpcxpresso_11u24h_board_lib\Release\libnxp_lpcxpresso_11u24h_board_lib.a(board_sysinit.o)
 .debug_frame   0x00000cc0       0x3c C:\Users\nxp91080\Documents\LPCXpresso_7.9.2_493\workspace_ntag_i2c_new\nxp_lpcxpresso_11u24h_board_lib\Release\libnxp_lpcxpresso_11u24h_board_lib.a(usb_board_sysinit.o)
 .debug_frame   0x00000cfc      0x124 C:\Users\nxp91080\Documents\LPCXpresso_7.9.2_493\workspace_ntag_i2c_new\lpc_chip_11uxx_lib\Release\liblpc_chip_11uxx_lib.a(adc_11xx.o)
 .debug_frame   0x00000e20       0x28 C:\Users\nxp91080\Documents\LPCXpresso_7.9.2_493\workspace_ntag_i2c_new\lpc_chip_11uxx_lib\Release\liblpc_chip_11uxx_lib.a(chip_11xx.o)
 .debug_frame   0x00000e48      0x100 C:\Users\nxp91080\Documents\LPCXpresso_7.9.2_493\workspace_ntag_i2c_new\lpc_chip_11uxx_lib\Release\liblpc_chip_11uxx_lib.a(clock_11xx.o)
 .debug_frame   0x00000f48       0x80 C:\Users\nxp91080\Documents\LPCXpresso_7.9.2_493\workspace_ntag_i2c_new\lpc_chip_11uxx_lib\Release\liblpc_chip_11uxx_lib.a(gpio_11xx_1.o)
 .debug_frame   0x00000fc8       0xe4 C:\Users\nxp91080\Documents\LPCXpresso_7.9.2_493\workspace_ntag_i2c_new\lpc_chip_11uxx_lib\Release\liblpc_chip_11uxx_lib.a(i2cm_11xx.o)
 .debug_frame   0x000010ac       0x20 C:\Users\nxp91080\Documents\LPCXpresso_7.9.2_493\workspace_ntag_i2c_new\lpc_chip_11uxx_lib\Release\liblpc_chip_11uxx_lib.a(iocon_11xx.o)
 .debug_frame   0x000010cc       0x68 C:\Users\nxp91080\Documents\LPCXpresso_7.9.2_493\workspace_ntag_i2c_new\lpc_chip_11uxx_lib\Release\liblpc_chip_11uxx_lib.a(pmu_11xx.o)
 .debug_frame   0x00001134       0x58 C:\Users\nxp91080\Documents\LPCXpresso_7.9.2_493\workspace_ntag_i2c_new\lpc_chip_11uxx_lib\Release\liblpc_chip_11uxx_lib.a(sysctl_11xx.o)

.debug_macro    0x00000000     0x25aa
 .debug_macro   0x00000000      0x168 C:\Users\nxp91080\Documents\LPCXpresso_7.9.2_493\workspace_ntag_i2c_new\lpc_chip_11uxx_lib\Release\liblpc_chip_11uxx_lib.a(adc_11xx.o)
 .debug_macro   0x00000168      0x832 C:\Users\nxp91080\Documents\LPCXpresso_7.9.2_493\workspace_ntag_i2c_new\lpc_chip_11uxx_lib\Release\liblpc_chip_11uxx_lib.a(adc_11xx.o)
 .debug_macro   0x0000099a       0x10 C:\Users\nxp91080\Documents\LPCXpresso_7.9.2_493\workspace_ntag_i2c_new\lpc_chip_11uxx_lib\Release\liblpc_chip_11uxx_lib.a(adc_11xx.o)
 .debug_macro   0x000009aa      0x12d C:\Users\nxp91080\Documents\LPCXpresso_7.9.2_493\workspace_ntag_i2c_new\lpc_chip_11uxx_lib\Release\liblpc_chip_11uxx_lib.a(adc_11xx.o)
 .debug_macro   0x00000ad7      0x5b2 C:\Users\nxp91080\Documents\LPCXpresso_7.9.2_493\workspace_ntag_i2c_new\lpc_chip_11uxx_lib\Release\liblpc_chip_11uxx_lib.a(adc_11xx.o)
 .debug_macro   0x00001089       0x22 C:\Users\nxp91080\Documents\LPCXpresso_7.9.2_493\workspace_ntag_i2c_new\lpc_chip_11uxx_lib\Release\liblpc_chip_11uxx_lib.a(adc_11xx.o)
 .debug_macro   0x000010ab       0x7b C:\Users\nxp91080\Documents\LPCXpresso_7.9.2_493\workspace_ntag_i2c_new\lpc_chip_11uxx_lib\Release\liblpc_chip_11uxx_lib.a(adc_11xx.o)
 .debug_macro   0x00001126       0x10 C:\Users\nxp91080\Documents\LPCXpresso_7.9.2_493\workspace_ntag_i2c_new\lpc_chip_11uxx_lib\Release\liblpc_chip_11uxx_lib.a(adc_11xx.o)
 .debug_macro   0x00001136       0x1f C:\Users\nxp91080\Documents\LPCXpresso_7.9.2_493\workspace_ntag_i2c_new\lpc_chip_11uxx_lib\Release\liblpc_chip_11uxx_lib.a(adc_11xx.o)
 .debug_macro   0x00001155       0x3a C:\Users\nxp91080\Documents\LPCXpresso_7.9.2_493\workspace_ntag_i2c_new\lpc_chip_11uxx_lib\Release\liblpc_chip_11uxx_lib.a(adc_11xx.o)
 .debug_macro   0x0000118f       0x1f C:\Users\nxp91080\Documents\LPCXpresso_7.9.2_493\workspace_ntag_i2c_new\lpc_chip_11uxx_lib\Release\liblpc_chip_11uxx_lib.a(adc_11xx.o)
 .debug_macro   0x000011ae      0x242 C:\Users\nxp91080\Documents\LPCXpresso_7.9.2_493\workspace_ntag_i2c_new\lpc_chip_11uxx_lib\Release\liblpc_chip_11uxx_lib.a(adc_11xx.o)
 .debug_macro   0x000013f0      0x125 C:\Users\nxp91080\Documents\LPCXpresso_7.9.2_493\workspace_ntag_i2c_new\lpc_chip_11uxx_lib\Release\liblpc_chip_11uxx_lib.a(adc_11xx.o)
 .debug_macro   0x00001515       0x2e C:\Users\nxp91080\Documents\LPCXpresso_7.9.2_493\workspace_ntag_i2c_new\lpc_chip_11uxx_lib\Release\liblpc_chip_11uxx_lib.a(adc_11xx.o)
 .debug_macro   0x00001543       0xf1 C:\Users\nxp91080\Documents\LPCXpresso_7.9.2_493\workspace_ntag_i2c_new\lpc_chip_11uxx_lib\Release\liblpc_chip_11uxx_lib.a(adc_11xx.o)
 .debug_macro   0x00001634       0x10 C:\Users\nxp91080\Documents\LPCXpresso_7.9.2_493\workspace_ntag_i2c_new\lpc_chip_11uxx_lib\Release\liblpc_chip_11uxx_lib.a(adc_11xx.o)
 .debug_macro   0x00001644      0x137 C:\Users\nxp91080\Documents\LPCXpresso_7.9.2_493\workspace_ntag_i2c_new\lpc_chip_11uxx_lib\Release\liblpc_chip_11uxx_lib.a(adc_11xx.o)
 .debug_macro   0x0000177b       0x4c C:\Users\nxp91080\Documents\LPCXpresso_7.9.2_493\workspace_ntag_i2c_new\lpc_chip_11uxx_lib\Release\liblpc_chip_11uxx_lib.a(adc_11xx.o)
 .debug_macro   0x000017c7       0x4f C:\Users\nxp91080\Documents\LPCXpresso_7.9.2_493\workspace_ntag_i2c_new\lpc_chip_11uxx_lib\Release\liblpc_chip_11uxx_lib.a(adc_11xx.o)
 .debug_macro   0x00001816       0x18 C:\Users\nxp91080\Documents\LPCXpresso_7.9.2_493\workspace_ntag_i2c_new\lpc_chip_11uxx_lib\Release\liblpc_chip_11uxx_lib.a(adc_11xx.o)
 .debug_macro   0x0000182e       0x22 C:\Users\nxp91080\Documents\LPCXpresso_7.9.2_493\workspace_ntag_i2c_new\lpc_chip_11uxx_lib\Release\liblpc_chip_11uxx_lib.a(adc_11xx.o)
 .debug_macro   0x00001850       0x7c C:\Users\nxp91080\Documents\LPCXpresso_7.9.2_493\workspace_ntag_i2c_new\lpc_chip_11uxx_lib\Release\liblpc_chip_11uxx_lib.a(adc_11xx.o)
 .debug_macro   0x000018cc       0x1c C:\Users\nxp91080\Documents\LPCXpresso_7.9.2_493\workspace_ntag_i2c_new\lpc_chip_11uxx_lib\Release\liblpc_chip_11uxx_lib.a(adc_11xx.o)
 .debug_macro   0x000018e8       0x40 C:\Users\nxp91080\Documents\LPCXpresso_7.9.2_493\workspace_ntag_i2c_new\lpc_chip_11uxx_lib\Release\liblpc_chip_11uxx_lib.a(adc_11xx.o)
 .debug_macro   0x00001928      0x184 C:\Users\nxp91080\Documents\LPCXpresso_7.9.2_493\workspace_ntag_i2c_new\lpc_chip_11uxx_lib\Release\liblpc_chip_11uxx_lib.a(adc_11xx.o)
 .debug_macro   0x00001aac       0x88 C:\Users\nxp91080\Documents\LPCXpresso_7.9.2_493\workspace_ntag_i2c_new\lpc_chip_11uxx_lib\Release\liblpc_chip_11uxx_lib.a(adc_11xx.o)
 .debug_macro   0x00001b34       0x40 C:\Users\nxp91080\Documents\LPCXpresso_7.9.2_493\workspace_ntag_i2c_new\lpc_chip_11uxx_lib\Release\liblpc_chip_11uxx_lib.a(adc_11xx.o)
 .debug_macro   0x00001b74       0x2e C:\Users\nxp91080\Documents\LPCXpresso_7.9.2_493\workspace_ntag_i2c_new\lpc_chip_11uxx_lib\Release\liblpc_chip_11uxx_lib.a(adc_11xx.o)
 .debug_macro   0x00001ba2      0x168 C:\Users\nxp91080\Documents\LPCXpresso_7.9.2_493\workspace_ntag_i2c_new\lpc_chip_11uxx_lib\Release\liblpc_chip_11uxx_lib.a(chip_11xx.o)
 .debug_macro   0x00001d0a      0x168 C:\Users\nxp91080\Documents\LPCXpresso_7.9.2_493\workspace_ntag_i2c_new\lpc_chip_11uxx_lib\Release\liblpc_chip_11uxx_lib.a(clock_11xx.o)
 .debug_macro   0x00001e72      0x168 C:\Users\nxp91080\Documents\LPCXpresso_7.9.2_493\workspace_ntag_i2c_new\lpc_chip_11uxx_lib\Release\liblpc_chip_11uxx_lib.a(gpio_11xx_1.o)
 .debug_macro   0x00001fda      0x16e C:\Users\nxp91080\Documents\LPCXpresso_7.9.2_493\workspace_ntag_i2c_new\lpc_chip_11uxx_lib\Release\liblpc_chip_11uxx_lib.a(i2cm_11xx.o)
 .debug_macro   0x00002148      0x168 C:\Users\nxp91080\Documents\LPCXpresso_7.9.2_493\workspace_ntag_i2c_new\lpc_chip_11uxx_lib\Release\liblpc_chip_11uxx_lib.a(iocon_11xx.o)
 .debug_macro   0x000022b0      0x168 C:\Users\nxp91080\Documents\LPCXpresso_7.9.2_493\workspace_ntag_i2c_new\lpc_chip_11uxx_lib\Release\liblpc_chip_11uxx_lib.a(pmu_11xx.o)
 .debug_macro   0x00002418      0x192 C:\Users\nxp91080\Documents\LPCXpresso_7.9.2_493\workspace_ntag_i2c_new\lpc_chip_11uxx_lib\Release\liblpc_chip_11uxx_lib.a(sysctl_11xx.o)
