Archive member included because of file (symbol)

C:\Users\nxp91080\Documents\LPCXpresso_7.9.2_493\workspace_ntag_i2c_new\NTAG_I2C_API\Debug\libNTAG_I2C_API.a(timer_lpc.o)
                              ./src/main.o (HAL_Timer_Init)
C:\Users\nxp91080\Documents\LPCXpresso_7.9.2_493\workspace_ntag_i2c_new\NTAG_I2C_API\Debug\libNTAG_I2C_API.a(ntag_bridge.o)
                              ./src/main.o (NTAG_WaitForEvent)
C:\Users\nxp91080\Documents\LPCXpresso_7.9.2_493\workspace_ntag_i2c_new\NTAG_I2C_API\Debug\libNTAG_I2C_API.a(ntag_driver.o)
                              C:\Users\nxp91080\Documents\LPCXpresso_7.9.2_493\workspace_ntag_i2c_new\NTAG_I2C_API\Debug\libNTAG_I2C_API.a(ntag_bridge.o) (NTAG_WaitForFDPinState)
C:\Users\nxp91080\Documents\LPCXpresso_7.9.2_493\workspace_ntag_i2c_new\NTAG_I2C_API\Debug\libNTAG_I2C_API.a(isr_common.o)
                              ./src/main.o (HAL_ISR_RegisterCallback)
C:\Users\nxp91080\Documents\LPCXpresso_7.9.2_493\workspace_ntag_i2c_new\NTAG_I2C_API\Debug\libNTAG_I2C_API.a(isr_lpc11u6x.o)
                              ./src/main.o (HAL_ISR_Init)
C:\Users\nxp91080\Documents\LPCXpresso_7.9.2_493\workspace_ntag_i2c_new\NTAG_I2C_API\Debug\libNTAG_I2C_API.a(i2c_lpc11u37h.o)
                              ./src/main.o (I2CMasterInit)
C:\Users\nxp91080\Documents\LPCXpresso_7.9.2_493\workspace_ntag_i2c_new\NTAG_I2C_API\Debug\libNTAG_I2C_API.a(cr_startup_lpc11u.o)
                              (ResetISR)
C:\Users\nxp91080\Documents\LPCXpresso_7.9.2_493\workspace_ntag_i2c_new\NTAG_I2C_API\Debug\libNTAG_I2C_API.a(sysinit.o)
                              ./src/main.o (HAL_BSP_BoardInit)
C:\Users\nxp91080\Documents\LPCXpresso_7.9.2_493\workspace_ntag_i2c_new\nxp_lpcxpresso_11u24h_board_lib\Debug\libnxp_lpcxpresso_11u24h_board_lib.a(board.o)
                              ./src/HW_functions.o (Board_LED_Set)
C:\Users\nxp91080\Documents\LPCXpresso_7.9.2_493\workspace_ntag_i2c_new\nxp_lpcxpresso_11u24h_board_lib\Debug\libnxp_lpcxpresso_11u24h_board_lib.a(board_sysinit.o)
                              C:\Users\nxp91080\Documents\LPCXpresso_7.9.2_493\workspace_ntag_i2c_new\NTAG_I2C_API\Debug\libNTAG_I2C_API.a(sysinit.o) (Board_SystemInit)
C:\Users\nxp91080\Documents\LPCXpresso_7.9.2_493\workspace_ntag_i2c_new\nxp_lpcxpresso_11u24h_board_lib\Debug\libnxp_lpcxpresso_11u24h_board_lib.a(usb_board_sysinit.o)
                              ./src/hid_main.o (USB_Board_SystemInit)
C:\Users\nxp91080\Documents\LPCXpresso_7.9.2_493\workspace_ntag_i2c_new\lpc_chip_11uxx_lib\Debug\liblpc_chip_11uxx_lib.a(adc_11xx.o)
                              ./src/HW_functions.o (readAdcVal)
C:\Users\nxp91080\Documents\LPCXpresso_7.9.2_493\workspace_ntag_i2c_new\lpc_chip_11uxx_lib\Debug\liblpc_chip_11uxx_lib.a(chip_11xx.o)
                              ./src/iap_driver.o (SystemCoreClockUpdate)
C:\Users\nxp91080\Documents\LPCXpresso_7.9.2_493\workspace_ntag_i2c_new\lpc_chip_11uxx_lib\Debug\liblpc_chip_11uxx_lib.a(clock_11xx.o)
                              C:\Users\nxp91080\Documents\LPCXpresso_7.9.2_493\workspace_ntag_i2c_new\nxp_lpcxpresso_11u24h_board_lib\Debug\libnxp_lpcxpresso_11u24h_board_lib.a(usb_board_sysinit.o) (Chip_Clock_SetSystemPLLSource)
C:\Users\nxp91080\Documents\LPCXpresso_7.9.2_493\workspace_ntag_i2c_new\lpc_chip_11uxx_lib\Debug\liblpc_chip_11uxx_lib.a(gpio_11xx_1.o)
                              C:\Users\nxp91080\Documents\LPCXpresso_7.9.2_493\workspace_ntag_i2c_new\nxp_lpcxpresso_11u24h_board_lib\Debug\libnxp_lpcxpresso_11u24h_board_lib.a(board.o) (Chip_GPIO_Init)
C:\Users\nxp91080\Documents\LPCXpresso_7.9.2_493\workspace_ntag_i2c_new\lpc_chip_11uxx_lib\Debug\liblpc_chip_11uxx_lib.a(i2cm_11xx.o)
                              ./src/hid_i2c.o (Chip_I2CM_Init)
C:\Users\nxp91080\Documents\LPCXpresso_7.9.2_493\workspace_ntag_i2c_new\lpc_chip_11uxx_lib\Debug\liblpc_chip_11uxx_lib.a(iocon_11xx.o)
                              ./src/hid_i2c.o (Chip_IOCON_PinMuxSet)
C:\Users\nxp91080\Documents\LPCXpresso_7.9.2_493\workspace_ntag_i2c_new\lpc_chip_11uxx_lib\Debug\liblpc_chip_11uxx_lib.a(pmu_11xx.o)
                              C:\Users\nxp91080\Documents\LPCXpresso_7.9.2_493\workspace_ntag_i2c_new\NTAG_I2C_API\Debug\libNTAG_I2C_API.a(timer_lpc.o) (Chip_PMU_SleepState)
C:\Users\nxp91080\Documents\LPCXpresso_7.9.2_493\workspace_ntag_i2c_new\lpc_chip_11uxx_lib\Debug\liblpc_chip_11uxx_lib.a(sysctl_11xx.o)
                              C:\Users\nxp91080\Documents\LPCXpresso_7.9.2_493\workspace_ntag_i2c_new\nxp_lpcxpresso_11u24h_board_lib\Debug\libnxp_lpcxpresso_11u24h_board_lib.a(usb_board_sysinit.o) (Chip_SYSCTL_PowerDown)
c:/nxp/lpcxpresso_7.9.2_493/lpcxpresso/tools/bin/../lib/gcc/arm-none-eabi/4.9.3/../../../../arm-none-eabi/lib/armv6-m\libcr_c.a(memcpy.o)
                              ./src/HW_functions.o (memcpy)
c:/nxp/lpcxpresso_7.9.2_493/lpcxpresso/tools/bin/../lib/gcc/arm-none-eabi/4.9.3/../../../../arm-none-eabi/lib/armv6-m\libcr_c.a(memset.o)
                              ./src/hid_i2c.o (memset)
[...]
Memory Configuration

Name             Origin             Length             Attributes
MFlash32         0x00000000         0x00008000         xr
RamLoc8          0x10000200         0x00001de0         xrw
RamUsb2          0x20004000         0x00000800         xrw
*default*        0x00000000         0xffffffff

Linker script and memory map

LOAD ./src/HW_functions.o
LOAD ./src/flash_fw.o
LOAD ./src/hid_desc.o
LOAD ./src/hid_i2c.o
LOAD ./src/hid_main.o
LOAD ./src/iap_driver.o
LOAD ./src/main.o
LOAD C:\Users\nxp91080\Documents\LPCXpresso_7.9.2_493\workspace_ntag_i2c_new\NTAG_I2C_API\Debug\libNTAG_I2C_API.a
LOAD C:\Users\nxp91080\Documents\LPCXpresso_7.9.2_493\workspace_ntag_i2c_new\nxp_lpcxpresso_11u24h_board_lib\Debug\libnxp_lpcxpresso_11u24h_board_lib.a
LOAD C:\Users\nxp91080\Documents\LPCXpresso_7.9.2_493\workspace_ntag_i2c_new\lpc_chip_11uxx_lib\Debug\liblpc_chip_11uxx_lib.a
START GROUP
LOAD c:/nxp/lpcxpresso_7.9.2_493/lpcxpresso/tools/bin/../lib/gcc/arm-none-eabi/4.9.3/../../../../arm-none-eabi/lib/armv6-m\libcr_c.a
LOAD c:/nxp/lpcxpresso_7.9.2_493/lpcxpresso/tools/bin/../lib/gcc/arm-none-eabi/4.9.3/armv6-m\libcr_eabihelpers.a
END GROUP
                0x00000000                __base_MFlash32 = 0x0
                0x00000000                __base_Flash = 0x0
                0x00008000                __top_MFlash32 = 0x8000
                0x00008000                __top_Flash = 0x8000
                0x10000200                __base_RamLoc8 = 0x10000200
                0x10000200                __base_RAM = 0x10000200
                0x10001fe0                __top_RamLoc8 = 0x10001fe0
                0x10001fe0                __top_RAM = 0x10001fe0
                0x20004000                __base_RamUsb2 = 0x20004000
                0x20004000                __base_RAM2 = 0x20004000
                0x20004800                __top_RamUsb2 = 0x20004800
                0x20004800                __top_RAM2 = 0x20004800

.text           0x00000000     0x2388
 FILL mask 0xff
                0x00000000                __vectors_start__ = ABSOLUTE (.)
 *(.isr_vector)
 .isr_vector    0x00000000       0xc0 C:\Users\nxp91080\Documents\LPCXpresso_7.9.2_493\workspace_ntag_i2c_new\NTAG_I2C_API\Debug\libNTAG_I2C_API.a(cr_startup_lpc11u.o)
                0x00000000                g_pfnVectors
                0x000000c0                . = ALIGN (0x4)
                0x000000c0                __section_table_start = .
                0x000000c0                __data_section_table = .
                0x000000c0        0x4 LONG 0x2388 LOADADDR (.data)
                0x000000c4        0x4 LONG 0x10000200 ADDR (.data)
                0x000000c8        0x4 LONG 0x48 SIZEOF (.data)
                0x000000cc        0x4 LONG 0x2388 LOADADDR (.data_RAM2)
                0x000000d0        0x4 LONG 0x20004000 ADDR (.data_RAM2)
                0x000000d4        0x4 LONG 0x0 SIZEOF (.data_RAM2)
                0x000000d8                __data_section_table_end = .
                0x000000d8                __bss_section_table = .
                0x000000d8        0x4 LONG 0x10000248 ADDR (.bss)
                0x000000dc        0x4 LONG 0xc8 SIZEOF (.bss)
                0x000000e0        0x4 LONG 0x20004000 ADDR (.bss_RAM2)
                0x000000e4        0x4 LONG 0x0 SIZEOF (.bss_RAM2)
                0x000000e8                __bss_section_table_end = .
                0x000000e8                __section_table_end = .
 *(.after_vectors*)
 .after_vectors
                0x000000e8      0x124 C:\Users\nxp91080\Documents\LPCXpresso_7.9.2_493\workspace_ntag_i2c_new\NTAG_I2C_API\Debug\libNTAG_I2C_API.a(cr_startup_lpc11u.o)
                0x000000e8                data_init
                0x00000128                bss_init
                0x0000015c                ResetISR
                0x000001dc                NMI_Handler
                0x000001e4                HardFault_Handler
                0x000001ec                SVCall_Handler
                0x000001f4                PendSV_Handler
                0x00000204                UART_IRQHandler
                0x00000204                TIMER32_1_IRQHandler
                0x00000204                IntDefaultHandler
                0x00000204                SSP0_IRQHandler
                0x00000204                USBWakeup_IRQHandler
                0x00000204                FLEX_INT7_IRQHandler
                0x00000204                TIMER32_0_IRQHandler
                0x00000204                FLEX_INT2_IRQHandler
                0x00000204                TIMER16_1_IRQHandler
                0x00000204                USB_FIQHandler
                0x00000204                FLEX_INT5_IRQHandler
                0x00000204                ADC_IRQHandler
                0x00000204                SSP1_IRQHandler
                0x00000204                FLEX_INT3_IRQHandler
                0x00000204                BOD_IRQHandler
                0x00000204                WDT_IRQHandler
                0x00000204                GINT0_IRQHandler
                0x00000204                FLEX_INT4_IRQHandler
                0x00000204                TIMER16_0_IRQHandler
                0x00000204                FLEX_INT6_IRQHandler
                0x00000204                FMC_IRQHandler
                0x00000204                GINT1_IRQHandler
 *(.text*)
 .text.init_TempSensor
                0x0000020c       0x1c ./src/HW_functions.o
                0x0000020c                init_TempSensor
 .text.HW_setup_Board_for_use_with_NTAG
                0x00000228       0x54 ./src/HW_functions.o
                0x00000228                HW_setup_Board_for_use_with_NTAG
 .text.HW_switchLEDs
                0x0000027c       0x64 ./src/HW_functions.o
                0x0000027c                HW_switchLEDs
 .text.init_Buttons
                0x000002e0       0x38 ./src/HW_functions.o
                0x000002e0                init_Buttons
 .text.HW_Get_Button_State
                0x00000318        0xe ./src/HW_functions.o
                0x00000318                HW_Get_Button_State
 *fill*         0x00000326        0x2 
 .text.HW_getVolt
                0x00000328       0x34 ./src/HW_functions.o
                0x00000328                HW_getVolt
 .text.ADC_Init
                0x0000035c       0x44 ./src/HW_functions.o
                0x0000035c                ADC_Init
 .text.HW_init_Peripherals
                0x000003a0       0x18 ./src/HW_functions.o
                0x000003a0                HW_init_Peripherals
 .text.InitTimer
                0x000003b8       0x34 ./src/HW_functions.o
                0x000003b8                InitTimer
 .text.LCDInit  0x000003ec       0xb4 ./src/HW_functions.o
                0x000003ec                LCDInit
 .text.flash    0x000004a0       0x50 ./src/flash_fw.o
                0x000004a0                flash
 .text.USB_IRQHandler
                0x000004f0       0x3c ./src/hid_main.o
                0x000004f0                USB_IRQHandler
 .text.iap_init
                0x0000052c        0xa ./src/iap_driver.o
                0x0000052c                iap_init
 *fill*         0x00000536        0x2 
 .text.iap_erase_sector
                0x00000538       0x3c ./src/iap_driver.o
                0x00000538                iap_erase_sector
 .text.iap_prepare_sector
                0x00000574       0x2c ./src/iap_driver.o
                0x00000574                iap_prepare_sector
 .text.iap_copy_ram_to_flash
                0x000005a0       0x40 ./src/iap_driver.o
                0x000005a0                iap_copy_ram_to_flash
 .text.boot_jump
                0x000005e0        0xa ./src/main.o
                0x000005e0                boot_jump
 *fill*         0x000005ea        0x2 
 .text.wait_for_RF_write_in_SRAM
                0x000005ec       0x44 ./src/main.o
                0x000005ec                wait_for_RF_write_in_SRAM
 .text.Setup    0x00000630       0xa4 ./src/main.o
                0x00000630                Setup
 .text.LED_blink
                0x000006d4       0x5a ./src/main.o
                0x000006d4                LED_blink
 .text.check_Buttons
                0x0000072e       0x48 ./src/main.o
                0x0000072e                check_Buttons
 .text.LCDWrite
                0x00000776       0x52 ./src/main.o
                0x00000776                LCDWrite
 .text.flashing_status
                0x000007c8       0xa4 ./src/main.o
                0x000007c8                flashing_status
 .text.Flash_Demo
                0x0000086c      0x1c8 ./src/main.o
                0x0000086c                Flash_Demo
 .text.LCDinitialization
                0x00000a34       0x78 ./src/main.o
                0x00000a34                LCDinitialization
 .text.startup.main
                0x00000aac       0x90 ./src/main.o
                0x00000aac                main
 .text.NVIC_SetPriority
                0x00000b3c       0xd4 C:\Users\nxp91080\Documents\LPCXpresso_7.9.2_493\workspace_ntag_i2c_new\NTAG_I2C_API\Debug\libNTAG_I2C_API.a(timer_lpc.o)
 .text.SysTick_Config
                0x00000c10       0x48 C:\Users\nxp91080\Documents\LPCXpresso_7.9.2_493\workspace_ntag_i2c_new\NTAG_I2C_API\Debug\libNTAG_I2C_API.a(timer_lpc.o)
 .text.HAL_Timer_Init
                0x00000c58       0x24 C:\Users\nxp91080\Documents\LPCXpresso_7.9.2_493\workspace_ntag_i2c_new\NTAG_I2C_API\Debug\libNTAG_I2C_API.a(timer_lpc.o)
                0x00000c58                HAL_Timer_Init
 .text.HAL_Timer_delay_ms
                0x00000c7c       0x34 C:\Users\nxp91080\Documents\LPCXpresso_7.9.2_493\workspace_ntag_i2c_new\NTAG_I2C_API\Debug\libNTAG_I2C_API.a(timer_lpc.o)
                0x00000c7c                HAL_Timer_delay_ms
 .text.HAL_Timer_getTime_ms
                0x00000cb0       0x14 C:\Users\nxp91080\Documents\LPCXpresso_7.9.2_493\workspace_ntag_i2c_new\NTAG_I2C_API\Debug\libNTAG_I2C_API.a(timer_lpc.o)
                0x00000cb0                HAL_Timer_getTime_ms
 .text.SysTick_Handler
                0x00000cc4       0x18 C:\Users\nxp91080\Documents\LPCXpresso_7.9.2_493\workspace_ntag_i2c_new\NTAG_I2C_API\Debug\libNTAG_I2C_API.a(timer_lpc.o)
                0x00000cc4                SysTick_Handler
 .text.NTAG_WaitForEvent
                0x00000cdc      0x250 C:\Users\nxp91080\Documents\LPCXpresso_7.9.2_493\workspace_ntag_i2c_new\NTAG_I2C_API\Debug\libNTAG_I2C_API.a(ntag_bridge.o)
                0x00000cdc                NTAG_WaitForEvent
 .text.NTAG_SetFDOnFunction
                0x00000f2c       0x28 C:\Users\nxp91080\Documents\LPCXpresso_7.9.2_493\workspace_ntag_i2c_new\NTAG_I2C_API\Debug\libNTAG_I2C_API.a(ntag_bridge.o)
                0x00000f2c                NTAG_SetFDOnFunction
 .text.NTAG_SetFDOffFunction
                0x00000f54       0x28 C:\Users\nxp91080\Documents\LPCXpresso_7.9.2_493\workspace_ntag_i2c_new\NTAG_I2C_API\Debug\libNTAG_I2C_API.a(ntag_bridge.o)
                0x00000f54                NTAG_SetFDOffFunction
 .text.NTAG_SetPthruOnOff
                0x00000f7c       0x4c C:\Users\nxp91080\Documents\LPCXpresso_7.9.2_493\workspace_ntag_i2c_new\NTAG_I2C_API\Debug\libNTAG_I2C_API.a(ntag_bridge.o)
                0x00000f7c                NTAG_SetPthruOnOff
 .text.NTAG_SetTransferDir
                0x00000fc8       0xb0 C:\Users\nxp91080\Documents\LPCXpresso_7.9.2_493\workspace_ntag_i2c_new\NTAG_I2C_API\Debug\libNTAG_I2C_API.a(ntag_bridge.o)
                0x00000fc8                NTAG_SetTransferDir
 .text.NTAG_WaitForFDPinState
                0x00001078       0x70 C:\Users\nxp91080\Documents\LPCXpresso_7.9.2_493\workspace_ntag_i2c_new\NTAG_I2C_API\Debug\libNTAG_I2C_API.a(ntag_driver.o)
                0x00001078                NTAG_WaitForFDPinState
 .text.NTAG_InitDevice
                0x000010e8       0x70 C:\Users\nxp91080\Documents\LPCXpresso_7.9.2_493\workspace_ntag_i2c_new\NTAG_I2C_API\Debug\libNTAG_I2C_API.a(ntag_driver.o)
                0x000010e8                NTAG_InitDevice
 .text.NTAG_ReadBytes
                0x00001158      0x15c C:\Users\nxp91080\Documents\LPCXpresso_7.9.2_493\workspace_ntag_i2c_new\NTAG_I2C_API\Debug\libNTAG_I2C_API.a(ntag_driver.o)
                0x00001158                NTAG_ReadBytes
 .text.NTAG_WriteBytes
                0x000012b4      0x198 C:\Users\nxp91080\Documents\LPCXpresso_7.9.2_493\workspace_ntag_i2c_new\NTAG_I2C_API\Debug\libNTAG_I2C_API.a(ntag_driver.o)
                0x000012b4                NTAG_WriteBytes
 .text.NTAG_ReadRegister
                0x0000144c       0x8c C:\Users\nxp91080\Documents\LPCXpresso_7.9.2_493\workspace_ntag_i2c_new\NTAG_I2C_API\Debug\libNTAG_I2C_API.a(ntag_driver.o)
                0x0000144c                NTAG_ReadRegister
 .text.NTAG_WriteRegister
                0x000014d8       0x70 C:\Users\nxp91080\Documents\LPCXpresso_7.9.2_493\workspace_ntag_i2c_new\NTAG_I2C_API\Debug\libNTAG_I2C_API.a(ntag_driver.o)
                0x000014d8                NTAG_WriteRegister
 .text.NTAG_ReadBlock
                0x00001548       0xcc C:\Users\nxp91080\Documents\LPCXpresso_7.9.2_493\workspace_ntag_i2c_new\NTAG_I2C_API\Debug\libNTAG_I2C_API.a(ntag_driver.o)
                0x00001548                NTAG_ReadBlock
 .text.NTAG_WriteBlock
                0x00001614      0x134 C:\Users\nxp91080\Documents\LPCXpresso_7.9.2_493\workspace_ntag_i2c_new\NTAG_I2C_API\Debug\libNTAG_I2C_API.a(ntag_driver.o)
                0x00001614                NTAG_WriteBlock
 .text.HAL_ISR_RegisterCallback
                0x00001748       0x78 C:\Users\nxp91080\Documents\LPCXpresso_7.9.2_493\workspace_ntag_i2c_new\NTAG_I2C_API\Debug\libNTAG_I2C_API.a(isr_common.o)
                0x00001748                HAL_ISR_RegisterCallback
 .text.HAL_ISR_SleepWithTimeout
                0x000017c0       0xa0 C:\Users\nxp91080\Documents\LPCXpresso_7.9.2_493\workspace_ntag_i2c_new\NTAG_I2C_API\Debug\libNTAG_I2C_API.a(isr_common.o)
                0x000017c0                HAL_ISR_SleepWithTimeout
 .text.NVIC_EnableIRQ
                0x00001860       0x2c C:\Users\nxp91080\Documents\LPCXpresso_7.9.2_493\workspace_ntag_i2c_new\NTAG_I2C_API\Debug\libNTAG_I2C_API.a(isr_lpc11u6x.o)
 .text.NVIC_DisableIRQ
                0x0000188c       0x30 C:\Users\nxp91080\Documents\LPCXpresso_7.9.2_493\workspace_ntag_i2c_new\NTAG_I2C_API\Debug\libNTAG_I2C_API.a(isr_lpc11u6x.o)
 .text.NVIC_ClearPendingIRQ
                0x000018bc       0x30 C:\Users\nxp91080\Documents\LPCXpresso_7.9.2_493\workspace_ntag_i2c_new\NTAG_I2C_API\Debug\libNTAG_I2C_API.a(isr_lpc11u6x.o)
 .text.Chip_SYSCTL_SetPinInterrupt
                0x000018ec       0x44 C:\Users\nxp91080\Documents\LPCXpresso_7.9.2_493\workspace_ntag_i2c_new\NTAG_I2C_API\Debug\libNTAG_I2C_API.a(isr_lpc11u6x.o)
 .text.Chip_Clock_EnablePeriphClock
                0x00001930       0x30 C:\Users\nxp91080\Documents\LPCXpresso_7.9.2_493\workspace_ntag_i2c_new\NTAG_I2C_API\Debug\libNTAG_I2C_API.a(isr_lpc11u6x.o)
 .text.map_pin_to_port
                0x00001960       0x40 C:\Users\nxp91080\Documents\LPCXpresso_7.9.2_493\workspace_ntag_i2c_new\NTAG_I2C_API\Debug\libNTAG_I2C_API.a(isr_lpc11u6x.o)
                0x00001960                map_pin_to_port
 .text.HAL_ISR_Init
                0x000019a0       0x8c C:\Users\nxp91080\Documents\LPCXpresso_7.9.2_493\workspace_ntag_i2c_new\NTAG_I2C_API\Debug\libNTAG_I2C_API.a(isr_lpc11u6x.o)
                0x000019a0                HAL_ISR_Init
 .text.setupMode
                0x00001a2c      0x134 C:\Users\nxp91080\Documents\LPCXpresso_7.9.2_493\workspace_ntag_i2c_new\NTAG_I2C_API\Debug\libNTAG_I2C_API.a(isr_lpc11u6x.o)
                0x00001a2c                setupMode
 .text.disableInterrupt
                0x00001b60       0x1c C:\Users\nxp91080\Documents\LPCXpresso_7.9.2_493\workspace_ntag_i2c_new\NTAG_I2C_API\Debug\libNTAG_I2C_API.a(isr_lpc11u6x.o)
                0x00001b60                disableInterrupt
 .text.enableInterrupt
                0x00001b7c       0x28 C:\Users\nxp91080\Documents\LPCXpresso_7.9.2_493\workspace_ntag_i2c_new\NTAG_I2C_API\Debug\libNTAG_I2C_API.a(isr_lpc11u6x.o)
                0x00001b7c                enableInterrupt
 .text.FLEX_INT0_IRQHandler
                0x00001ba4       0x38 C:\Users\nxp91080\Documents\LPCXpresso_7.9.2_493\workspace_ntag_i2c_new\NTAG_I2C_API\Debug\libNTAG_I2C_API.a(isr_lpc11u6x.o)
                0x00001ba4                FLEX_INT0_IRQHandler
 .text.FLEX_INT1_IRQHandler
                0x00001bdc       0x38 C:\Users\nxp91080\Documents\LPCXpresso_7.9.2_493\workspace_ntag_i2c_new\NTAG_I2C_API\Debug\libNTAG_I2C_API.a(isr_lpc11u6x.o)
                0x00001bdc                FLEX_INT1_IRQHandler
 .text.I2C_IRQHandler
                0x00001c14        0x8 C:\Users\nxp91080\Documents\LPCXpresso_7.9.2_493\workspace_ntag_i2c_new\NTAG_I2C_API\Debug\libNTAG_I2C_API.a(i2c_lpc11u37h.o)
                0x00001c14                I2C_IRQHandler
 .text.I2CMasterInit
                0x00001c1c       0x28 C:\Users\nxp91080\Documents\LPCXpresso_7.9.2_493\workspace_ntag_i2c_new\NTAG_I2C_API\Debug\libNTAG_I2C_API.a(i2c_lpc11u37h.o)
                0x00001c1c                I2CMasterInit
 .text.TransmitPoll
                0x00001c44       0x30 C:\Users\nxp91080\Documents\LPCXpresso_7.9.2_493\workspace_ntag_i2c_new\NTAG_I2C_API\Debug\libNTAG_I2C_API.a(i2c_lpc11u37h.o)
                0x00001c44                TransmitPoll
 .text.ReceivePoll
                0x00001c74       0x30 C:\Users\nxp91080\Documents\LPCXpresso_7.9.2_493\workspace_ntag_i2c_new\NTAG_I2C_API\Debug\libNTAG_I2C_API.a(i2c_lpc11u37h.o)
                0x00001c74                ReceivePoll
 .text.HAL_BSP_BoardInit
                0x00001ca4       0x10 C:\Users\nxp91080\Documents\LPCXpresso_7.9.2_493\workspace_ntag_i2c_new\NTAG_I2C_API\Debug\libNTAG_I2C_API.a(sysinit.o)
                0x00001ca4                HAL_BSP_BoardInit
 .text.Board_LED_Set
                0x00001cb4       0x18 C:\Users\nxp91080\Documents\LPCXpresso_7.9.2_493\workspace_ntag_i2c_new\nxp_lpcxpresso_11u24h_board_lib\Debug\libnxp_lpcxpresso_11u24h_board_lib.a(board.o)
                0x00001cb4                Board_LED_Set
 .text.Board_Init
                0x00001ccc       0x70 C:\Users\nxp91080\Documents\LPCXpresso_7.9.2_493\workspace_ntag_i2c_new\nxp_lpcxpresso_11u24h_board_lib\Debug\libnxp_lpcxpresso_11u24h_board_lib.a(board.o)
                0x00001ccc                Board_Init
 .text.Board_SystemInit
                0x00001d3c       0xb4 C:\Users\nxp91080\Documents\LPCXpresso_7.9.2_493\workspace_ntag_i2c_new\nxp_lpcxpresso_11u24h_board_lib\Debug\libnxp_lpcxpresso_11u24h_board_lib.a(board_sysinit.o)
                0x00001d3c                Board_SystemInit
 .text.readAdcVal
                0x00001df0       0x10 C:\Users\nxp91080\Documents\LPCXpresso_7.9.2_493\workspace_ntag_i2c_new\lpc_chip_11uxx_lib\Debug\liblpc_chip_11uxx_lib.a(adc_11xx.o)
                0x00001df0                readAdcVal
 .text.SystemCoreClockUpdate
                0x00001e00       0x10 C:\Users\nxp91080\Documents\LPCXpresso_7.9.2_493\workspace_ntag_i2c_new\lpc_chip_11uxx_lib\Debug\liblpc_chip_11uxx_lib.a(chip_11xx.o)
                0x00001e00                SystemCoreClockUpdate
 .text.Chip_Clock_SetMainClockSource
                0x00001e10       0x14 C:\Users\nxp91080\Documents\LPCXpresso_7.9.2_493\workspace_ntag_i2c_new\lpc_chip_11uxx_lib\Debug\liblpc_chip_11uxx_lib.a(clock_11xx.o)
                0x00001e10                Chip_Clock_SetMainClockSource
 .text.Chip_Clock_GetSystemClockRate
                0x00001e24       0x8c C:\Users\nxp91080\Documents\LPCXpresso_7.9.2_493\workspace_ntag_i2c_new\lpc_chip_11uxx_lib\Debug\liblpc_chip_11uxx_lib.a(clock_11xx.o)
                0x00001e24                Chip_Clock_GetSystemClockRate
 .text.Chip_GPIO_Init
                0x00001eb0       0x14 C:\Users\nxp91080\Documents\LPCXpresso_7.9.2_493\workspace_ntag_i2c_new\lpc_chip_11uxx_lib\Debug\liblpc_chip_11uxx_lib.a(gpio_11xx_1.o)
                0x00001eb0                Chip_GPIO_Init
 .text.Chip_I2CM_Init
                0x00001ec4       0x20 C:\Users\nxp91080\Documents\LPCXpresso_7.9.2_493\workspace_ntag_i2c_new\lpc_chip_11uxx_lib\Debug\liblpc_chip_11uxx_lib.a(i2cm_11xx.o)
                0x00001ec4                Chip_I2CM_Init
 .text.Chip_I2CM_SetBusSpeed
                0x00001ee4       0x20 C:\Users\nxp91080\Documents\LPCXpresso_7.9.2_493\workspace_ntag_i2c_new\lpc_chip_11uxx_lib\Debug\liblpc_chip_11uxx_lib.a(i2cm_11xx.o)
                0x00001ee4                Chip_I2CM_SetBusSpeed
 .text.Chip_I2CM_Write
                0x00001f04       0x6c C:\Users\nxp91080\Documents\LPCXpresso_7.9.2_493\workspace_ntag_i2c_new\lpc_chip_11uxx_lib\Debug\liblpc_chip_11uxx_lib.a(i2cm_11xx.o)
                0x00001f04                Chip_I2CM_Write
 .text.Chip_I2CM_Read
                0x00001f70       0xb0 C:\Users\nxp91080\Documents\LPCXpresso_7.9.2_493\workspace_ntag_i2c_new\lpc_chip_11uxx_lib\Debug\liblpc_chip_11uxx_lib.a(i2cm_11xx.o)
                0x00001f70                Chip_I2CM_Read
 .text.Chip_PMU_SleepState
                0x00002020        0x8 C:\Users\nxp91080\Documents\LPCXpresso_7.9.2_493\workspace_ntag_i2c_new\lpc_chip_11uxx_lib\Debug\liblpc_chip_11uxx_lib.a(pmu_11xx.o)
                0x00002020                Chip_PMU_SleepState
 .text.Chip_SYSCTL_PowerUp
                0x00002028       0x24 C:\Users\nxp91080\Documents\LPCXpresso_7.9.2_493\workspace_ntag_i2c_new\lpc_chip_11uxx_lib\Debug\liblpc_chip_11uxx_lib.a(sysctl_11xx.o)
                0x00002028                Chip_SYSCTL_PowerUp
 .text.memcpy   0x0000204c        0x8 c:/nxp/lpcxpresso_7.9.2_493/lpcxpresso/tools/bin/../lib/gcc/arm-none-eabi/4.9.3/../../../../arm-none-eabi/lib/armv6-m\libcr_c.a(memcpy.o)
                0x0000204c                memcpy
 .text.memset   0x00002054        0x8 c:/nxp/lpcxpresso_7.9.2_493/lpcxpresso/tools/bin/../lib/gcc/arm-none-eabi/4.9.3/../../../../arm-none-eabi/lib/armv6-m\libcr_c.a(memset.o)
                0x00002054                memset
 .text.__weak_main
                0x0000205c        0x8 c:/nxp/lpcxpresso_7.9.2_493/lpcxpresso/tools/bin/../lib/gcc/arm-none-eabi/4.9.3/../../../../arm-none-eabi/lib/armv6-m\libcr_c.a(__weak__main.o)
                0x0000205c                __weak_main
                0x0000205c                __main
 .text.malloc   0x00002064       0xcc c:/nxp/lpcxpresso_7.9.2_493/lpcxpresso/tools/bin/../lib/gcc/arm-none-eabi/4.9.3/../../../../arm-none-eabi/lib/armv6-m\libcr_c.a(alloc.o)
                0x00002064                malloc
 .text.free     0x00002130       0x2e c:/nxp/lpcxpresso_7.9.2_493/lpcxpresso/tools/bin/../lib/gcc/arm-none-eabi/4.9.3/../../../../arm-none-eabi/lib/armv6-m\libcr_c.a(alloc.o)
                0x00002130                free
 *fill*         0x0000215e        0x2 
 .text._sbrk    0x00002160       0x40 c:/nxp/lpcxpresso_7.9.2_493/lpcxpresso/tools/bin/../lib/gcc/arm-none-eabi/4.9.3/../../../../arm-none-eabi/lib/armv6-m\libcr_c.a(_cr_sbrk.o)
                0x00002160                _sbrk
 .text.__check_heap_overflow
                0x000021a0       0x14 c:/nxp/lpcxpresso_7.9.2_493/lpcxpresso/tools/bin/../lib/gcc/arm-none-eabi/4.9.3/../../../../arm-none-eabi/lib/armv6-m\libcr_c.a(_cr_check_heap.o)
                0x000021a0                __check_heap_overflow
 .text.__aeabi_division_idivmod
                0x000021b4       0x78 c:/nxp/lpcxpresso_7.9.2_493/lpcxpresso/tools/bin/../lib/gcc/arm-none-eabi/4.9.3/armv6-m\libcr_eabihelpers.a(division_32.o)
                0x000021b4                __aeabi_idivmod
                0x000021b4                __aeabi_idiv
                0x000021ba                __aeabi_uidivmod
                0x000021ba                __aeabi_uidiv
 .text.__aeabi_division_idiv0
                0x0000222c        0x2 c:/nxp/lpcxpresso_7.9.2_493/lpcxpresso/tools/bin/../lib/gcc/arm-none-eabi/4.9.3/armv6-m\libcr_eabihelpers.a(division_idiv0.o)
                0x0000222c                __aeabi_idiv0
 .text.__aeabi_memcpy
                0x0000222e       0x2c c:/nxp/lpcxpresso_7.9.2_493/lpcxpresso/tools/bin/../lib/gcc/arm-none-eabi/4.9.3/armv6-m\libcr_eabihelpers.a(memcpy.o)
                0x0000222e                __aeabi_memcpy4
                0x0000222e                __aeabi_memcpy8
                0x0000222e                __aeabi_memcpy
 .text.__aeabi_memset_lowlevel
                0x0000225a       0x2a c:/nxp/lpcxpresso_7.9.2_493/lpcxpresso/tools/bin/../lib/gcc/arm-none-eabi/4.9.3/armv6-m\libcr_eabihelpers.a(memcpy.o)
                0x0000225a                __aeabi_lowlevel_memset
 *(.rodata .rodata.* .constdata .constdata.*)
 .rodata.str1.1
                0x00002284       0x44 ./src/main.o
 .rodata.NTAG_WaitForEvent
                0x000022c8       0x78 C:\Users\nxp91080\Documents\LPCXpresso_7.9.2_493\workspace_ntag_i2c_new\NTAG_I2C_API\Debug\libNTAG_I2C_API.a(ntag_bridge.o)
 .rodata.OscRateIn
                0x00002340        0x4 C:\Users\nxp91080\Documents\LPCXpresso_7.9.2_493\workspace_ntag_i2c_new\nxp_lpcxpresso_11u24h_board_lib\Debug\libnxp_lpcxpresso_11u24h_board_lib.a(board.o)
                0x00002340                OscRateIn
 .rodata.ledBits
                0x00002344        0x3 C:\Users\nxp91080\Documents\LPCXpresso_7.9.2_493\workspace_ntag_i2c_new\nxp_lpcxpresso_11u24h_board_lib\Debug\libnxp_lpcxpresso_11u24h_board_lib.a(board.o)
 *fill*         0x00002347        0x1 
 .rodata.wdtOSCRate
                0x00002348       0x40 C:\Users\nxp91080\Documents\LPCXpresso_7.9.2_493\workspace_ntag_i2c_new\lpc_chip_11uxx_lib\Debug\liblpc_chip_11uxx_lib.a(clock_11xx.o)
                0x00002388                . = ALIGN (0x4)

.glue_7         0x00002388        0x0
 .glue_7        0x00000000        0x0 linker stubs

.glue_7t        0x00002388        0x0
 .glue_7t       0x00000000        0x0 linker stubs

.vfp11_veneer   0x00002388        0x0
 .vfp11_veneer  0x00000000        0x0 linker stubs

.v4_bx          0x00002388        0x0
 .v4_bx         0x00000000        0x0 linker stubs

.iplt           0x00002388        0x0
 .iplt          0x00000000        0x0 ./src/HW_functions.o

.rel.dyn        0x00002388        0x0
 .rel.iplt      0x00000000        0x0 ./src/HW_functions.o

.ARM.extab
 *(.ARM.extab* .gnu.linkonce.armextab.*)
                0x00002388                __exidx_start = .

.ARM.exidx
 *(.ARM.exidx* .gnu.linkonce.armexidx.*)
                0x00002388                __exidx_end = .
                0x00002388                _etext = .

.data_RAM2      0x20004000        0x0 load address 0x00002388
 FILL mask 0xff
                0x20004000                PROVIDE (__start_data_RAM2, .)
 *(.ramfunc.$RAM2)
 *(.ramfunc.$RamUsb2)
 *(.data.$RAM2*)
 *(.data.$RamUsb2*)
                0x20004000                . = ALIGN (0x4)
                0x20004000                PROVIDE (__end_data_RAM2, .)

.uninit_RESERVED
                0x10000200        0x0
 *(.bss.$RESERVED*)
                0x10000200                . = ALIGN (0x4)
                0x10000200                _end_uninit_RESERVED = .

.data           0x10000200       0x48 load address 0x00002388
 FILL mask 0xff
                0x10000200                _data = .
 *(vtable)
 *(.ramfunc*)
 *(.data*)
 .data.ntag_device_list
                0x10000200       0x30 C:\Users\nxp91080\Documents\LPCXpresso_7.9.2_493\workspace_ntag_i2c_new\NTAG_I2C_API\Debug\libNTAG_I2C_API.a(ntag_driver.o)
                0x10000200                ntag_device_list
 .data.isr_callback_list
                0x10000230       0x18 C:\Users\nxp91080\Documents\LPCXpresso_7.9.2_493\workspace_ntag_i2c_new\NTAG_I2C_API\Debug\libNTAG_I2C_API.a(isr_common.o)
                0x10000230                isr_callback_list
                0x10000248                . = ALIGN (0x4)
                0x10000248                _edata = .

.igot.plt       0x10000248        0x0 load address 0x000023d0
 .igot.plt      0x00000000        0x0 ./src/HW_functions.o

.bss_RAM2       0x20004000        0x0
                0x20004000                PROVIDE (__start_bss_RAM2, .)
 *(.bss.$RAM2*)
 *(.bss.$RamUsb2*)
                0x20004000                . = ALIGN ((. != 0x0)?0x4:0x1)
                0x20004000                PROVIDE (__end_bss_RAM2, .)

.bss            0x10000248       0xc8
                0x10000248                _bss = .
 *(.bss*)
 .bss.g_hUsb    0x10000248        0x4 ./src/hid_main.o
 .bss.cmd_table
                0x1000024c       0x14 ./src/iap_driver.o
 .bss.result_table
                0x10000260       0x14 ./src/iap_driver.o
 .bss.started   0x10000274        0x1 ./src/main.o
                0x10000274                started
 *fill*         0x10000275        0x3 
 .bss.i2cHandleMaster
                0x10000278        0x4 ./src/main.o
 .bss.sram_buf  0x1000027c       0x40 ./src/main.o
 .bss.LCD_initialized
                0x100002bc        0x1 ./src/main.o
                0x100002bc                LCD_initialized
 .bss.flash_on_progress
                0x100002bd        0x1 ./src/main.o
                0x100002bd                flash_on_progress
 *fill*         0x100002be        0x2 
 .bss.timer     0x100002c0        0x4 C:\Users\nxp91080\Documents\LPCXpresso_7.9.2_493\workspace_ntag_i2c_new\NTAG_I2C_API\Debug\libNTAG_I2C_API.a(timer_lpc.o)
 .bss.command.5620
                0x100002c4       0x10 C:\Users\nxp91080\Documents\LPCXpresso_7.9.2_493\workspace_ntag_i2c_new\nxp_lpcxpresso_11u24h_board_lib\Debug\libnxp_lpcxpresso_11u24h_board_lib.a(board_sysinit.o)
 .bss.result.5621
                0x100002d4        0xc C:\Users\nxp91080\Documents\LPCXpresso_7.9.2_493\workspace_ntag_i2c_new\nxp_lpcxpresso_11u24h_board_lib\Debug\libnxp_lpcxpresso_11u24h_board_lib.a(board_sysinit.o)
 .bss.errno     0x100002e0        0x4 c:/nxp/lpcxpresso_7.9.2_493/lpcxpresso/tools/bin/../lib/gcc/arm-none-eabi/4.9.3/../../../../arm-none-eabi/lib/armv6-m\libcr_c.a(errno.o)
                0x100002e0                errno
 *(COMMON)
 COMMON         0x100002e4        0xb ./src/HW_functions.o
                0x100002e4                ntag_handle
                0x100002e8                rom
                0x100002ec                CHAR_BOARD_MAJ
                0x100002ed                CHAR_BOARD_MIN
                0x100002ee                error
 *fill*         0x100002ef        0x1 
 COMMON         0x100002f0        0x4 ./src/hid_main.o
                0x100002f0                g_pUsbApi
 COMMON         0x100002f4       0x10 ./src/main.o
                0x100002f4                LCDmessagebuffer
 COMMON         0x10000304        0x4 C:\Users\nxp91080\Documents\LPCXpresso_7.9.2_493\workspace_ntag_i2c_new\lpc_chip_11uxx_lib\Debug\liblpc_chip_11uxx_lib.a(chip_11xx.o)
                0x10000304                SystemCoreClock
 COMMON         0x10000308        0x8 c:/nxp/lpcxpresso_7.9.2_493/lpcxpresso/tools/bin/../lib/gcc/arm-none-eabi/4.9.3/../../../../arm-none-eabi/lib/armv6-m\libcr_c.a(__init_alloc.o)
                0x10000308                __heaps
                0x1000030c                __end_of_heap
                0x10000310                . = ALIGN (0x4)
                0x10000310                _ebss = .
                0x10000310                PROVIDE (end, .)

.noinit_RAM2    0x20004000        0x0
 *(.noinit.$RAM2*)
 *(.noinit.$RamUsb2*)
                0x20004000                . = ALIGN (0x4)

.noinit         0x10000310        0x0
                0x10000310                _noinit = .
 *(.noinit*)
                0x10000310                . = ALIGN (0x4)
                0x10000310                _end_noinit = .
                0x10000310                PROVIDE (_pvHeapStart, DEFINED (__user_heap_base)?__user_heap_base:.)
                0x10001fe0                PROVIDE (_vStackTop, DEFINED (__user_stack_top)?__user_stack_top:(__top_RamLoc8 - 0x0))
                0xefffdb01                PROVIDE (__valid_user_code_checksum, (0x0 - (((_vStackTop + (ResetISR + 0x1)) + (DEFINED (NMI_Handler)?NMI_Handler:M0_NMI_Handler + 0x1)) + (DEFINED (HardFault_Handler)?HardFault_Handler:M0_HardFault_Handler + 0x1))))
OUTPUT(NTAG_I2C_Explorer_BootLoader.axf elf32-littlearm)

.debug_info     0x00000000     0xdbc1
 .debug_info    0x00000000     0x134c ./src/HW_functions.o
 .debug_info    0x0000134c      0x216 ./src/flash_fw.o
 .debug_info    0x00001562     0x218c ./src/hid_main.o
 .debug_info    0x000036ee      0x5ef ./src/iap_driver.o
 .debug_info    0x00003cdd     0x18e3 ./src/main.o
 .debug_info    0x000055c0      0x5cb C:\Users\nxp91080\Documents\LPCXpresso_7.9.2_493\workspace_ntag_i2c_new\NTAG_I2C_API\Debug\libNTAG_I2C_API.a(timer_lpc.o)
 .debug_info    0x00005b8b      0xa3a C:\Users\nxp91080\Documents\LPCXpresso_7.9.2_493\workspace_ntag_i2c_new\NTAG_I2C_API\Debug\libNTAG_I2C_API.a(ntag_bridge.o)
 .debug_info    0x000065c5      0x7df C:\Users\nxp91080\Documents\LPCXpresso_7.9.2_493\workspace_ntag_i2c_new\NTAG_I2C_API\Debug\libNTAG_I2C_API.a(ntag_driver.o)
 .debug_info    0x00006da4      0x3f5 C:\Users\nxp91080\Documents\LPCXpresso_7.9.2_493\workspace_ntag_i2c_new\NTAG_I2C_API\Debug\libNTAG_I2C_API.a(isr_common.o)
 .debug_info    0x00007199      0xc4b C:\Users\nxp91080\Documents\LPCXpresso_7.9.2_493\workspace_ntag_i2c_new\NTAG_I2C_API\Debug\libNTAG_I2C_API.a(isr_lpc11u6x.o)
 .debug_info    0x00007de4      0x4f1 C:\Users\nxp91080\Documents\LPCXpresso_7.9.2_493\workspace_ntag_i2c_new\NTAG_I2C_API\Debug\libNTAG_I2C_API.a(i2c_lpc11u37h.o)
 .debug_info    0x000082d5      0x203 C:\Users\nxp91080\Documents\LPCXpresso_7.9.2_493\workspace_ntag_i2c_new\NTAG_I2C_API\Debug\libNTAG_I2C_API.a(cr_startup_lpc11u.o)
 .debug_info    0x000084d8      0x1dc C:\Users\nxp91080\Documents\LPCXpresso_7.9.2_493\workspace_ntag_i2c_new\NTAG_I2C_API\Debug\libNTAG_I2C_API.a(sysinit.o)
 .debug_info    0x000086b4      0x6bf C:\Users\nxp91080\Documents\LPCXpresso_7.9.2_493\workspace_ntag_i2c_new\nxp_lpcxpresso_11u24h_board_lib\Debug\libnxp_lpcxpresso_11u24h_board_lib.a(board.o)
 .debug_info    0x00008d73      0xb56 C:\Users\nxp91080\Documents\LPCXpresso_7.9.2_493\workspace_ntag_i2c_new\nxp_lpcxpresso_11u24h_board_lib\Debug\libnxp_lpcxpresso_11u24h_board_lib.a(board_sysinit.o)
 .debug_info    0x000098c9     0x1002 C:\Users\nxp91080\Documents\LPCXpresso_7.9.2_493\workspace_ntag_i2c_new\lpc_chip_11uxx_lib\Debug\liblpc_chip_11uxx_lib.a(adc_11xx.o)
 .debug_info    0x0000a8cb      0x1c9 C:\Users\nxp91080\Documents\LPCXpresso_7.9.2_493\workspace_ntag_i2c_new\lpc_chip_11uxx_lib\Debug\liblpc_chip_11uxx_lib.a(chip_11xx.o)
 .debug_info    0x0000aa94      0xc09 C:\Users\nxp91080\Documents\LPCXpresso_7.9.2_493\workspace_ntag_i2c_new\lpc_chip_11uxx_lib\Debug\liblpc_chip_11uxx_lib.a(clock_11xx.o)
 .debug_info    0x0000b69d      0xada C:\Users\nxp91080\Documents\LPCXpresso_7.9.2_493\workspace_ntag_i2c_new\lpc_chip_11uxx_lib\Debug\liblpc_chip_11uxx_lib.a(gpio_11xx_1.o)
 .debug_info    0x0000c177      0xf95 C:\Users\nxp91080\Documents\LPCXpresso_7.9.2_493\workspace_ntag_i2c_new\lpc_chip_11uxx_lib\Debug\liblpc_chip_11uxx_lib.a(i2cm_11xx.o)
 .debug_info    0x0000d10c      0x441 C:\Users\nxp91080\Documents\LPCXpresso_7.9.2_493\workspace_ntag_i2c_new\lpc_chip_11uxx_lib\Debug\liblpc_chip_11uxx_lib.a(pmu_11xx.o)
 .debug_info    0x0000d54d      0x674 C:\Users\nxp91080\Documents\LPCXpresso_7.9.2_493\workspace_ntag_i2c_new\lpc_chip_11uxx_lib\Debug\liblpc_chip_11uxx_lib.a(sysctl_11xx.o)

.debug_abbrev   0x00000000     0x2ff7
 .debug_abbrev  0x00000000      0x3bf ./src/HW_functions.o
 .debug_abbrev  0x000003bf      0x102 ./src/flash_fw.o
 .debug_abbrev  0x000004c1      0x3d8 ./src/hid_main.o
 .debug_abbrev  0x00000899      0x1de ./src/iap_driver.o
 .debug_abbrev  0x00000a77      0x44d ./src/main.o
 .debug_abbrev  0x00000ec4      0x229 C:\Users\nxp91080\Documents\LPCXpresso_7.9.2_493\workspace_ntag_i2c_new\NTAG_I2C_API\Debug\libNTAG_I2C_API.a(timer_lpc.o)
 .debug_abbrev  0x000010ed      0x187 C:\Users\nxp91080\Documents\LPCXpresso_7.9.2_493\workspace_ntag_i2c_new\NTAG_I2C_API\Debug\libNTAG_I2C_API.a(ntag_bridge.o)
 .debug_abbrev  0x00001274      0x201 C:\Users\nxp91080\Documents\LPCXpresso_7.9.2_493\workspace_ntag_i2c_new\NTAG_I2C_API\Debug\libNTAG_I2C_API.a(ntag_driver.o)
 .debug_abbrev  0x00001475      0x16d C:\Users\nxp91080\Documents\LPCXpresso_7.9.2_493\workspace_ntag_i2c_new\NTAG_I2C_API\Debug\libNTAG_I2C_API.a(isr_common.o)
 .debug_abbrev  0x000015e2      0x264 C:\Users\nxp91080\Documents\LPCXpresso_7.9.2_493\workspace_ntag_i2c_new\NTAG_I2C_API\Debug\libNTAG_I2C_API.a(isr_lpc11u6x.o)
 .debug_abbrev  0x00001846      0x19a C:\Users\nxp91080\Documents\LPCXpresso_7.9.2_493\workspace_ntag_i2c_new\NTAG_I2C_API\Debug\libNTAG_I2C_API.a(i2c_lpc11u37h.o)
 .debug_abbrev  0x000019e0       0xf5 C:\Users\nxp91080\Documents\LPCXpresso_7.9.2_493\workspace_ntag_i2c_new\NTAG_I2C_API\Debug\libNTAG_I2C_API.a(cr_startup_lpc11u.o)
 .debug_abbrev  0x00001ad5       0xe6 C:\Users\nxp91080\Documents\LPCXpresso_7.9.2_493\workspace_ntag_i2c_new\NTAG_I2C_API\Debug\libNTAG_I2C_API.a(sysinit.o)
 .debug_abbrev  0x00001bbb      0x28e C:\Users\nxp91080\Documents\LPCXpresso_7.9.2_493\workspace_ntag_i2c_new\nxp_lpcxpresso_11u24h_board_lib\Debug\libnxp_lpcxpresso_11u24h_board_lib.a(board.o)
 .debug_abbrev  0x00001e49      0x29d C:\Users\nxp91080\Documents\LPCXpresso_7.9.2_493\workspace_ntag_i2c_new\nxp_lpcxpresso_11u24h_board_lib\Debug\libnxp_lpcxpresso_11u24h_board_lib.a(board_sysinit.o)
 .debug_abbrev  0x000020e6      0x359 C:\Users\nxp91080\Documents\LPCXpresso_7.9.2_493\workspace_ntag_i2c_new\lpc_chip_11uxx_lib\Debug\liblpc_chip_11uxx_lib.a(adc_11xx.o)
 .debug_abbrev  0x0000243f       0xed C:\Users\nxp91080\Documents\LPCXpresso_7.9.2_493\workspace_ntag_i2c_new\lpc_chip_11uxx_lib\Debug\liblpc_chip_11uxx_lib.a(chip_11xx.o)
 .debug_abbrev  0x0000252c      0x2c4 C:\Users\nxp91080\Documents\LPCXpresso_7.9.2_493\workspace_ntag_i2c_new\lpc_chip_11uxx_lib\Debug\liblpc_chip_11uxx_lib.a(clock_11xx.o)
 .debug_abbrev  0x000027f0      0x1ee C:\Users\nxp91080\Documents\LPCXpresso_7.9.2_493\workspace_ntag_i2c_new\lpc_chip_11uxx_lib\Debug\liblpc_chip_11uxx_lib.a(gpio_11xx_1.o)
 .debug_abbrev  0x000029de      0x334 C:\Users\nxp91080\Documents\LPCXpresso_7.9.2_493\workspace_ntag_i2c_new\lpc_chip_11uxx_lib\Debug\liblpc_chip_11uxx_lib.a(i2cm_11xx.o)
 .debug_abbrev  0x00002d12      0x1c5 C:\Users\nxp91080\Documents\LPCXpresso_7.9.2_493\workspace_ntag_i2c_new\lpc_chip_11uxx_lib\Debug\liblpc_chip_11uxx_lib.a(pmu_11xx.o)
 .debug_abbrev  0x00002ed7      0x120 C:\Users\nxp91080\Documents\LPCXpresso_7.9.2_493\workspace_ntag_i2c_new\lpc_chip_11uxx_lib\Debug\liblpc_chip_11uxx_lib.a(sysctl_11xx.o)

.debug_loc      0x00000000     0x240b
 .debug_loc     0x00000000      0x1f7 ./src/HW_functions.o
 .debug_loc     0x000001f7      0x12b ./src/flash_fw.o
 .debug_loc     0x00000322       0xbb ./src/hid_main.o
 .debug_loc     0x000003dd      0x239 ./src/iap_driver.o
 .debug_loc     0x00000616      0x355 ./src/main.o
 .debug_loc     0x0000096b      0x27b C:\Users\nxp91080\Documents\LPCXpresso_7.9.2_493\workspace_ntag_i2c_new\nxp_lpcxpresso_11u24h_board_lib\Debug\libnxp_lpcxpresso_11u24h_board_lib.a(board.o)
 .debug_loc     0x00000be6       0x13 C:\Users\nxp91080\Documents\LPCXpresso_7.9.2_493\workspace_ntag_i2c_new\nxp_lpcxpresso_11u24h_board_lib\Debug\libnxp_lpcxpresso_11u24h_board_lib.a(board_sysinit.o)
 .debug_loc     0x00000bf9      0x976 C:\Users\nxp91080\Documents\LPCXpresso_7.9.2_493\workspace_ntag_i2c_new\lpc_chip_11uxx_lib\Debug\liblpc_chip_11uxx_lib.a(adc_11xx.o)
 .debug_loc     0x0000156f      0x208 C:\Users\nxp91080\Documents\LPCXpresso_7.9.2_493\workspace_ntag_i2c_new\lpc_chip_11uxx_lib\Debug\liblpc_chip_11uxx_lib.a(clock_11xx.o)
 .debug_loc     0x00001777      0x3a8 C:\Users\nxp91080\Documents\LPCXpresso_7.9.2_493\workspace_ntag_i2c_new\lpc_chip_11uxx_lib\Debug\liblpc_chip_11uxx_lib.a(gpio_11xx_1.o)
 .debug_loc     0x00001b1f      0x81d C:\Users\nxp91080\Documents\LPCXpresso_7.9.2_493\workspace_ntag_i2c_new\lpc_chip_11uxx_lib\Debug\liblpc_chip_11uxx_lib.a(i2cm_11xx.o)
 .debug_loc     0x0000233c       0x13 C:\Users\nxp91080\Documents\LPCXpresso_7.9.2_493\workspace_ntag_i2c_new\lpc_chip_11uxx_lib\Debug\liblpc_chip_11uxx_lib.a(pmu_11xx.o)
 .debug_loc     0x0000234f       0xbc C:\Users\nxp91080\Documents\LPCXpresso_7.9.2_493\workspace_ntag_i2c_new\lpc_chip_11uxx_lib\Debug\liblpc_chip_11uxx_lib.a(sysctl_11xx.o)

.debug_aranges  0x00000000      0x760
 .debug_aranges
                0x00000000       0x90 ./src/HW_functions.o
 .debug_aranges
                0x00000090       0x20 ./src/flash_fw.o
 .debug_aranges
                0x000000b0       0x30 ./src/hid_main.o
 .debug_aranges
                0x000000e0       0x58 ./src/iap_driver.o
 .debug_aranges
                0x00000138       0x68 ./src/main.o
 .debug_aranges
                0x000001a0       0x48 C:\Users\nxp91080\Documents\LPCXpresso_7.9.2_493\workspace_ntag_i2c_new\NTAG_I2C_API\Debug\libNTAG_I2C_API.a(timer_lpc.o)
 .debug_aranges
                0x000001e8       0xe0 C:\Users\nxp91080\Documents\LPCXpresso_7.9.2_493\workspace_ntag_i2c_new\NTAG_I2C_API\Debug\libNTAG_I2C_API.a(ntag_bridge.o)
 .debug_aranges
                0x000002c8       0x78 C:\Users\nxp91080\Documents\LPCXpresso_7.9.2_493\workspace_ntag_i2c_new\NTAG_I2C_API\Debug\libNTAG_I2C_API.a(ntag_driver.o)
 .debug_aranges
                0x00000340       0x28 C:\Users\nxp91080\Documents\LPCXpresso_7.9.2_493\workspace_ntag_i2c_new\NTAG_I2C_API\Debug\libNTAG_I2C_API.a(isr_common.o)
 .debug_aranges
                0x00000368       0x78 C:\Users\nxp91080\Documents\LPCXpresso_7.9.2_493\workspace_ntag_i2c_new\NTAG_I2C_API\Debug\libNTAG_I2C_API.a(isr_lpc11u6x.o)
 .debug_aranges
                0x000003e0       0x58 C:\Users\nxp91080\Documents\LPCXpresso_7.9.2_493\workspace_ntag_i2c_new\NTAG_I2C_API\Debug\libNTAG_I2C_API.a(i2c_lpc11u37h.o)
 .debug_aranges
                0x00000438       0x60 C:\Users\nxp91080\Documents\LPCXpresso_7.9.2_493\workspace_ntag_i2c_new\NTAG_I2C_API\Debug\libNTAG_I2C_API.a(cr_startup_lpc11u.o)
 .debug_aranges
                0x00000498       0x28 C:\Users\nxp91080\Documents\LPCXpresso_7.9.2_493\workspace_ntag_i2c_new\NTAG_I2C_API\Debug\libNTAG_I2C_API.a(sysinit.o)
 .debug_aranges
                0x000004c0       0x38 C:\Users\nxp91080\Documents\LPCXpresso_7.9.2_493\workspace_ntag_i2c_new\nxp_lpcxpresso_11u24h_board_lib\Debug\libnxp_lpcxpresso_11u24h_board_lib.a(board.o)
 .debug_aranges
                0x000004f8       0x30 C:\Users\nxp91080\Documents\LPCXpresso_7.9.2_493\workspace_ntag_i2c_new\nxp_lpcxpresso_11u24h_board_lib\Debug\libnxp_lpcxpresso_11u24h_board_lib.a(board_sysinit.o)
 .debug_aranges
                0x00000528       0x80 C:\Users\nxp91080\Documents\LPCXpresso_7.9.2_493\workspace_ntag_i2c_new\lpc_chip_11uxx_lib\Debug\liblpc_chip_11uxx_lib.a(adc_11xx.o)
 .debug_aranges
                0x000005a8       0x20 C:\Users\nxp91080\Documents\LPCXpresso_7.9.2_493\workspace_ntag_i2c_new\lpc_chip_11uxx_lib\Debug\liblpc_chip_11uxx_lib.a(chip_11xx.o)
 .debug_aranges
                0x000005c8       0x80 C:\Users\nxp91080\Documents\LPCXpresso_7.9.2_493\workspace_ntag_i2c_new\lpc_chip_11uxx_lib\Debug\liblpc_chip_11uxx_lib.a(clock_11xx.o)
 .debug_aranges
                0x00000648       0x48 C:\Users\nxp91080\Documents\LPCXpresso_7.9.2_493\workspace_ntag_i2c_new\lpc_chip_11uxx_lib\Debug\liblpc_chip_11uxx_lib.a(gpio_11xx_1.o)
 .debug_aranges
                0x00000690       0x58 C:\Users\nxp91080\Documents\LPCXpresso_7.9.2_493\workspace_ntag_i2c_new\lpc_chip_11uxx_lib\Debug\liblpc_chip_11uxx_lib.a(i2cm_11xx.o)
 .debug_aranges
                0x000006e8       0x40 C:\Users\nxp91080\Documents\LPCXpresso_7.9.2_493\workspace_ntag_i2c_new\lpc_chip_11uxx_lib\Debug\liblpc_chip_11uxx_lib.a(pmu_11xx.o)
 .debug_aranges
                0x00000728       0x38 C:\Users\nxp91080\Documents\LPCXpresso_7.9.2_493\workspace_ntag_i2c_new\lpc_chip_11uxx_lib\Debug\liblpc_chip_11uxx_lib.a(sysctl_11xx.o)

.debug_ranges   0x00000000      0xc80
 .debug_ranges  0x00000000       0xb0 ./src/HW_functions.o
 .debug_ranges  0x000000b0       0x10 ./src/flash_fw.o
 .debug_ranges  0x000000c0       0xb8 ./src/hid_main.o
 .debug_ranges  0x00000178       0x48 ./src/iap_driver.o
 .debug_ranges  0x000001c0       0x88 ./src/main.o
 .debug_ranges  0x00000248       0x38 C:\Users\nxp91080\Documents\LPCXpresso_7.9.2_493\workspace_ntag_i2c_new\NTAG_I2C_API\Debug\libNTAG_I2C_API.a(timer_lpc.o)
 .debug_ranges  0x00000280       0xd0 C:\Users\nxp91080\Documents\LPCXpresso_7.9.2_493\workspace_ntag_i2c_new\NTAG_I2C_API\Debug\libNTAG_I2C_API.a(ntag_bridge.o)
 .debug_ranges  0x00000350       0x68 C:\Users\nxp91080\Documents\LPCXpresso_7.9.2_493\workspace_ntag_i2c_new\NTAG_I2C_API\Debug\libNTAG_I2C_API.a(ntag_driver.o)
 .debug_ranges  0x000003b8       0x18 C:\Users\nxp91080\Documents\LPCXpresso_7.9.2_493\workspace_ntag_i2c_new\NTAG_I2C_API\Debug\libNTAG_I2C_API.a(isr_common.o)
 .debug_ranges  0x000003d0       0x68 C:\Users\nxp91080\Documents\LPCXpresso_7.9.2_493\workspace_ntag_i2c_new\NTAG_I2C_API\Debug\libNTAG_I2C_API.a(isr_lpc11u6x.o)
 .debug_ranges  0x00000438       0x48 C:\Users\nxp91080\Documents\LPCXpresso_7.9.2_493\workspace_ntag_i2c_new\NTAG_I2C_API\Debug\libNTAG_I2C_API.a(i2c_lpc11u37h.o)
 .debug_ranges  0x00000480       0x50 C:\Users\nxp91080\Documents\LPCXpresso_7.9.2_493\workspace_ntag_i2c_new\NTAG_I2C_API\Debug\libNTAG_I2C_API.a(cr_startup_lpc11u.o)
 .debug_ranges  0x000004d0       0x18 C:\Users\nxp91080\Documents\LPCXpresso_7.9.2_493\workspace_ntag_i2c_new\NTAG_I2C_API\Debug\libNTAG_I2C_API.a(sysinit.o)
 .debug_ranges  0x000004e8       0xb8 C:\Users\nxp91080\Documents\LPCXpresso_7.9.2_493\workspace_ntag_i2c_new\nxp_lpcxpresso_11u24h_board_lib\Debug\libnxp_lpcxpresso_11u24h_board_lib.a(board.o)
 .debug_ranges  0x000005a0       0x88 C:\Users\nxp91080\Documents\LPCXpresso_7.9.2_493\workspace_ntag_i2c_new\nxp_lpcxpresso_11u24h_board_lib\Debug\libnxp_lpcxpresso_11u24h_board_lib.a(board_sysinit.o)
 .debug_ranges  0x00000628      0x188 C:\Users\nxp91080\Documents\LPCXpresso_7.9.2_493\workspace_ntag_i2c_new\lpc_chip_11uxx_lib\Debug\liblpc_chip_11uxx_lib.a(adc_11xx.o)
 .debug_ranges  0x000007b0       0x10 C:\Users\nxp91080\Documents\LPCXpresso_7.9.2_493\workspace_ntag_i2c_new\lpc_chip_11uxx_lib\Debug\liblpc_chip_11uxx_lib.a(chip_11xx.o)
 .debug_ranges  0x000007c0      0x1a0 C:\Users\nxp91080\Documents\LPCXpresso_7.9.2_493\workspace_ntag_i2c_new\lpc_chip_11uxx_lib\Debug\liblpc_chip_11uxx_lib.a(clock_11xx.o)
 .debug_ranges  0x00000960       0x68 C:\Users\nxp91080\Documents\LPCXpresso_7.9.2_493\workspace_ntag_i2c_new\lpc_chip_11uxx_lib\Debug\liblpc_chip_11uxx_lib.a(gpio_11xx_1.o)
 .debug_ranges  0x000009c8      0x260 C:\Users\nxp91080\Documents\LPCXpresso_7.9.2_493\workspace_ntag_i2c_new\lpc_chip_11uxx_lib\Debug\liblpc_chip_11uxx_lib.a(i2cm_11xx.o)
 .debug_ranges  0x00000c28       0x30 C:\Users\nxp91080\Documents\LPCXpresso_7.9.2_493\workspace_ntag_i2c_new\lpc_chip_11uxx_lib\Debug\liblpc_chip_11uxx_lib.a(pmu_11xx.o)
 .debug_ranges  0x00000c58       0x28 C:\Users\nxp91080\Documents\LPCXpresso_7.9.2_493\workspace_ntag_i2c_new\lpc_chip_11uxx_lib\Debug\liblpc_chip_11uxx_lib.a(sysctl_11xx.o)

.debug_macro    0x00000000     0x44f3
 .debug_macro   0x00000000      0x283 ./src/HW_functions.o
 .debug_macro   0x00000283      0x868 ./src/HW_functions.o
 .debug_macro   0x00000aeb       0x10 ./src/HW_functions.o
 .debug_macro   0x00000afb      0x12d ./src/HW_functions.o
 .debug_macro   0x00000c28      0x5b2 ./src/HW_functions.o
 .debug_macro   0x000011da       0x22 ./src/HW_functions.o
 .debug_macro   0x000011fc       0x7b ./src/HW_functions.o
 .debug_macro   0x00001277       0x10 ./src/HW_functions.o
 .debug_macro   0x00001287       0x1f ./src/HW_functions.o
 .debug_macro   0x000012a6       0x3a ./src/HW_functions.o
 .debug_macro   0x000012e0       0x1f ./src/HW_functions.o
 .debug_macro   0x000012ff      0x242 ./src/HW_functions.o
 .debug_macro   0x00001541      0x125 ./src/HW_functions.o
 .debug_macro   0x00001666       0x2e ./src/HW_functions.o
 .debug_macro   0x00001694       0xf1 ./src/HW_functions.o
 .debug_macro   0x00001785       0x10 ./src/HW_functions.o
 .debug_macro   0x00001795      0x137 ./src/HW_functions.o
 .debug_macro   0x000018cc       0x4c ./src/HW_functions.o
 .debug_macro   0x00001918       0x4f ./src/HW_functions.o
 .debug_macro   0x00001967       0x18 ./src/HW_functions.o
 .debug_macro   0x0000197f       0x22 ./src/HW_functions.o
 .debug_macro   0x000019a1       0x7c ./src/HW_functions.o
 .debug_macro   0x00001a1d       0x1c ./src/HW_functions.o
 .debug_macro   0x00001a39       0x40 ./src/HW_functions.o
 .debug_macro   0x00001a79      0x184 ./src/HW_functions.o
 .debug_macro   0x00001bfd       0x88 ./src/HW_functions.o
 .debug_macro   0x00001c85       0x40 ./src/HW_functions.o
 .debug_macro   0x00001cc5       0x2e ./src/HW_functions.o
 .debug_macro   0x00001cf3       0x57 ./src/HW_functions.o
 .debug_macro   0x00001d4a       0x9a ./src/HW_functions.o
 .debug_macro   0x00001de4       0x28 ./src/HW_functions.o
 .debug_macro   0x00001e0c       0x70 ./src/HW_functions.o
 .debug_macro   0x00001e7c       0x1c ./src/HW_functions.o
 .debug_macro   0x00001e98       0x1c ./src/HW_functions.o
 .debug_macro   0x00001eb4       0x28 ./src/HW_functions.o
 .debug_macro   0x00001edc       0x1c ./src/HW_functions.o
 .debug_macro   0x00001ef8       0x5f ./src/HW_functions.o
 .debug_macro   0x00001f57       0xf4 ./src/HW_functions.o
 .debug_macro   0x0000204b      0x112 ./src/HW_functions.o
 .debug_macro   0x0000215d       0x22 ./src/HW_functions.o
 .debug_macro   0x0000217f      0x112 ./src/HW_functions.o
 .debug_macro   0x00002291       0x1c ./src/HW_functions.o
 .debug_macro   0x000022ad       0xb8 ./src/HW_functions.o
 .debug_macro   0x00002365       0x6d ./src/flash_fw.o
 .debug_macro   0x000023d2      0x263 ./src/hid_main.o
 .debug_macro   0x00002635      0x1eb ./src/iap_driver.o
 .debug_macro   0x00002820      0x2c6 ./src/main.o
 .debug_macro   0x00002ae6       0x74 ./src/main.o
 .debug_macro   0x00002b5a       0x22 ./src/main.o
 .debug_macro   0x00002b7c       0xb2 ./src/main.o
 .debug_macro   0x00002c2e      0x1ac C:\Users\nxp91080\Documents\LPCXpresso_7.9.2_493\workspace_ntag_i2c_new\NTAG_I2C_API\Debug\libNTAG_I2C_API.a(timer_lpc.o)
 .debug_macro   0x00002dda      0x862 C:\Users\nxp91080\Documents\LPCXpresso_7.9.2_493\workspace_ntag_i2c_new\NTAG_I2C_API\Debug\libNTAG_I2C_API.a(timer_lpc.o)
 .debug_macro   0x0000363c       0xd2 C:\Users\nxp91080\Documents\LPCXpresso_7.9.2_493\workspace_ntag_i2c_new\NTAG_I2C_API\Debug\libNTAG_I2C_API.a(timer_lpc.o)
 .debug_macro   0x0000370e      0x1f7 C:\Users\nxp91080\Documents\LPCXpresso_7.9.2_493\workspace_ntag_i2c_new\NTAG_I2C_API\Debug\libNTAG_I2C_API.a(ntag_bridge.o)
 .debug_macro   0x00003905       0x22 C:\Users\nxp91080\Documents\LPCXpresso_7.9.2_493\workspace_ntag_i2c_new\NTAG_I2C_API\Debug\libNTAG_I2C_API.a(ntag_bridge.o)
 .debug_macro   0x00003927       0x73 C:\Users\nxp91080\Documents\LPCXpresso_7.9.2_493\workspace_ntag_i2c_new\NTAG_I2C_API\Debug\libNTAG_I2C_API.a(ntag_bridge.o)
 .debug_macro   0x0000399a       0x16 C:\Users\nxp91080\Documents\LPCXpresso_7.9.2_493\workspace_ntag_i2c_new\NTAG_I2C_API\Debug\libNTAG_I2C_API.a(ntag_bridge.o)
 .debug_macro   0x000039b0       0x5f C:\Users\nxp91080\Documents\LPCXpresso_7.9.2_493\workspace_ntag_i2c_new\NTAG_I2C_API\Debug\libNTAG_I2C_API.a(ntag_bridge.o)
 .debug_macro   0x00003a0f      0x231 C:\Users\nxp91080\Documents\LPCXpresso_7.9.2_493\workspace_ntag_i2c_new\NTAG_I2C_API\Debug\libNTAG_I2C_API.a(ntag_driver.o)
 .debug_macro   0x00003c40       0x2e C:\Users\nxp91080\Documents\LPCXpresso_7.9.2_493\workspace_ntag_i2c_new\NTAG_I2C_API\Debug\libNTAG_I2C_API.a(ntag_driver.o)
 .debug_macro   0x00003c6e       0x16 C:\Users\nxp91080\Documents\LPCXpresso_7.9.2_493\workspace_ntag_i2c_new\NTAG_I2C_API\Debug\libNTAG_I2C_API.a(ntag_driver.o)
 .debug_macro   0x00003c84      0x205 C:\Users\nxp91080\Documents\LPCXpresso_7.9.2_493\workspace_ntag_i2c_new\NTAG_I2C_API\Debug\libNTAG_I2C_API.a(isr_common.o)
 .debug_macro   0x00003e89       0x28 C:\Users\nxp91080\Documents\LPCXpresso_7.9.2_493\workspace_ntag_i2c_new\NTAG_I2C_API\Debug\libNTAG_I2C_API.a(isr_common.o)
 .debug_macro   0x00003eb1       0x52 C:\Users\nxp91080\Documents\LPCXpresso_7.9.2_493\workspace_ntag_i2c_new\NTAG_I2C_API\Debug\libNTAG_I2C_API.a(isr_common.o)
 .debug_macro   0x00003f03       0x22 C:\Users\nxp91080\Documents\LPCXpresso_7.9.2_493\workspace_ntag_i2c_new\NTAG_I2C_API\Debug\libNTAG_I2C_API.a(isr_common.o)
 .debug_macro   0x00003f25      0x1d7 C:\Users\nxp91080\Documents\LPCXpresso_7.9.2_493\workspace_ntag_i2c_new\NTAG_I2C_API\Debug\libNTAG_I2C_API.a(isr_lpc11u6x.o)
 .debug_macro   0x000040fc       0x58 C:\Users\nxp91080\Documents\LPCXpresso_7.9.2_493\workspace_ntag_i2c_new\NTAG_I2C_API\Debug\libNTAG_I2C_API.a(isr_lpc11u6x.o)
 .debug_macro   0x00004154      0x1b5 C:\Users\nxp91080\Documents\LPCXpresso_7.9.2_493\workspace_ntag_i2c_new\NTAG_I2C_API\Debug\libNTAG_I2C_API.a(i2c_lpc11u37h.o)
 .debug_macro   0x00004309       0x16 C:\Users\nxp91080\Documents\LPCXpresso_7.9.2_493\workspace_ntag_i2c_new\NTAG_I2C_API\Debug\libNTAG_I2C_API.a(i2c_lpc11u37h.o)
 .debug_macro   0x0000431f       0x1d C:\Users\nxp91080\Documents\LPCXpresso_7.9.2_493\workspace_ntag_i2c_new\NTAG_I2C_API\Debug\libNTAG_I2C_API.a(cr_startup_lpc11u.o)
 .debug_macro   0x0000433c      0x1b7 C:\Users\nxp91080\Documents\LPCXpresso_7.9.2_493\workspace_ntag_i2c_new\NTAG_I2C_API\Debug\libNTAG_I2C_API.a(sysinit.o)

.debug_line     0x00000000     0x625f
 .debug_line    0x00000000      0xb21 ./src/HW_functions.o
 .debug_line    0x00000b21      0x1ae ./src/flash_fw.o
 .debug_line    0x00000ccf      0x60c ./src/hid_main.o
 .debug_line    0x000012db      0x551 ./src/iap_driver.o
 .debug_line    0x0000182c      0xa50 ./src/main.o
 .debug_line    0x0000227c      0x4eb C:\Users\nxp91080\Documents\LPCXpresso_7.9.2_493\workspace_ntag_i2c_new\NTAG_I2C_API\Debug\libNTAG_I2C_API.a(timer_lpc.o)
 .debug_line    0x00002767      0x81b C:\Users\nxp91080\Documents\LPCXpresso_7.9.2_493\workspace_ntag_i2c_new\NTAG_I2C_API\Debug\libNTAG_I2C_API.a(ntag_bridge.o)
 .debug_line    0x00002f82      0x810 C:\Users\nxp91080\Documents\LPCXpresso_7.9.2_493\workspace_ntag_i2c_new\NTAG_I2C_API\Debug\libNTAG_I2C_API.a(ntag_driver.o)
 .debug_line    0x00003792      0x574 C:\Users\nxp91080\Documents\LPCXpresso_7.9.2_493\workspace_ntag_i2c_new\NTAG_I2C_API\Debug\libNTAG_I2C_API.a(isr_common.o)
 .debug_line    0x00003d06      0x670 C:\Users\nxp91080\Documents\LPCXpresso_7.9.2_493\workspace_ntag_i2c_new\NTAG_I2C_API\Debug\libNTAG_I2C_API.a(isr_lpc11u6x.o)
 .debug_line    0x00004376      0x510 C:\Users\nxp91080\Documents\LPCXpresso_7.9.2_493\workspace_ntag_i2c_new\NTAG_I2C_API\Debug\libNTAG_I2C_API.a(i2c_lpc11u37h.o)
 .debug_line    0x00004886       0xc9 C:\Users\nxp91080\Documents\LPCXpresso_7.9.2_493\workspace_ntag_i2c_new\NTAG_I2C_API\Debug\libNTAG_I2C_API.a(cr_startup_lpc11u.o)
 .debug_line    0x0000494f      0x3a3 C:\Users\nxp91080\Documents\LPCXpresso_7.9.2_493\workspace_ntag_i2c_new\NTAG_I2C_API\Debug\libNTAG_I2C_API.a(sysinit.o)
 .debug_line    0x00004cf2      0x21b C:\Users\nxp91080\Documents\LPCXpresso_7.9.2_493\workspace_ntag_i2c_new\nxp_lpcxpresso_11u24h_board_lib\Debug\libnxp_lpcxpresso_11u24h_board_lib.a(board.o)
 .debug_line    0x00004f0d      0x283 C:\Users\nxp91080\Documents\LPCXpresso_7.9.2_493\workspace_ntag_i2c_new\nxp_lpcxpresso_11u24h_board_lib\Debug\libnxp_lpcxpresso_11u24h_board_lib.a(board_sysinit.o)
 .debug_line    0x00005190      0x33d C:\Users\nxp91080\Documents\LPCXpresso_7.9.2_493\workspace_ntag_i2c_new\lpc_chip_11uxx_lib\Debug\liblpc_chip_11uxx_lib.a(adc_11xx.o)
 .debug_line    0x000054cd      0x118 C:\Users\nxp91080\Documents\LPCXpresso_7.9.2_493\workspace_ntag_i2c_new\lpc_chip_11uxx_lib\Debug\liblpc_chip_11uxx_lib.a(chip_11xx.o)
 .debug_line    0x000055e5      0x2f6 C:\Users\nxp91080\Documents\LPCXpresso_7.9.2_493\workspace_ntag_i2c_new\lpc_chip_11uxx_lib\Debug\liblpc_chip_11uxx_lib.a(clock_11xx.o)
 .debug_line    0x000058db      0x1e5 C:\Users\nxp91080\Documents\LPCXpresso_7.9.2_493\workspace_ntag_i2c_new\lpc_chip_11uxx_lib\Debug\liblpc_chip_11uxx_lib.a(gpio_11xx_1.o)
 .debug_line    0x00005ac0      0x482 C:\Users\nxp91080\Documents\LPCXpresso_7.9.2_493\workspace_ntag_i2c_new\lpc_chip_11uxx_lib\Debug\liblpc_chip_11uxx_lib.a(i2cm_11xx.o)
 .debug_line    0x00005f42      0x1c4 C:\Users\nxp91080\Documents\LPCXpresso_7.9.2_493\workspace_ntag_i2c_new\lpc_chip_11uxx_lib\Debug\liblpc_chip_11uxx_lib.a(pmu_11xx.o)
 .debug_line    0x00006106      0x159 C:\Users\nxp91080\Documents\LPCXpresso_7.9.2_493\workspace_ntag_i2c_new\lpc_chip_11uxx_lib\Debug\liblpc_chip_11uxx_lib.a(sysctl_11xx.o)

.debug_str      0x00000000    0x116a4
 .debug_str     0x00000000     0x966a ./src/HW_functions.o
                               0x97fb (size before relaxing)
 .debug_str     0x0000966a       0xbb ./src/flash_fw.o
                               0x3d6e (size before relaxing)
 .debug_str     0x00009725     0x550c ./src/hid_main.o
                               0xcd78 (size before relaxing)
 .debug_str     0x0000ec31      0x1d3 ./src/iap_driver.o
                               0x74ea (size before relaxing)
 .debug_str     0x0000ee04      0x5d4 ./src/main.o
                               0x9fd2 (size before relaxing)
 .debug_str     0x0000f3d8      0x217 C:\Users\nxp91080\Documents\LPCXpresso_7.9.2_493\workspace_ntag_i2c_new\NTAG_I2C_API\Debug\libNTAG_I2C_API.a(timer_lpc.o)
                               0x76ba (size before relaxing)
 .debug_str     0x0000f5ef      0x2ee C:\Users\nxp91080\Documents\LPCXpresso_7.9.2_493\workspace_ntag_i2c_new\NTAG_I2C_API\Debug\libNTAG_I2C_API.a(ntag_bridge.o)
                               0x844f (size before relaxing)
 .debug_str     0x0000f8dd      0x2c1 C:\Users\nxp91080\Documents\LPCXpresso_7.9.2_493\workspace_ntag_i2c_new\NTAG_I2C_API\Debug\libNTAG_I2C_API.a(ntag_driver.o)
                               0x8342 (size before relaxing)
 .debug_str     0x0000fb9e      0x5a9 C:\Users\nxp91080\Documents\LPCXpresso_7.9.2_493\workspace_ntag_i2c_new\NTAG_I2C_API\Debug\libNTAG_I2C_API.a(isr_common.o)
                               0x7ac4 (size before relaxing)
 .debug_str     0x00010147       0xf5 C:\Users\nxp91080\Documents\LPCXpresso_7.9.2_493\workspace_ntag_i2c_new\NTAG_I2C_API\Debug\libNTAG_I2C_API.a(isr_lpc11u6x.o)
                               0x81b6 (size before relaxing)
 .debug_str     0x0001023c       0xf3 C:\Users\nxp91080\Documents\LPCXpresso_7.9.2_493\workspace_ntag_i2c_new\NTAG_I2C_API\Debug\libNTAG_I2C_API.a(i2c_lpc11u37h.o)
                               0x7b8a (size before relaxing)
 .debug_str     0x0001032f      0x17b C:\Users\nxp91080\Documents\LPCXpresso_7.9.2_493\workspace_ntag_i2c_new\NTAG_I2C_API\Debug\libNTAG_I2C_API.a(cr_startup_lpc11u.o)
                               0x2587 (size before relaxing)
 .debug_str     0x000104aa       0x42 C:\Users\nxp91080\Documents\LPCXpresso_7.9.2_493\workspace_ntag_i2c_new\NTAG_I2C_API\Debug\libNTAG_I2C_API.a(sysinit.o)
                               0x731f (size before relaxing)
 .debug_str     0x000104ec      0x1c8 C:\Users\nxp91080\Documents\LPCXpresso_7.9.2_493\workspace_ntag_i2c_new\nxp_lpcxpresso_11u24h_board_lib\Debug\libnxp_lpcxpresso_11u24h_board_lib.a(board.o)
                                0x394 (size before relaxing)
 .debug_str     0x000106b4      0x358 C:\Users\nxp91080\Documents\LPCXpresso_7.9.2_493\workspace_ntag_i2c_new\nxp_lpcxpresso_11u24h_board_lib\Debug\libnxp_lpcxpresso_11u24h_board_lib.a(board_sysinit.o)
                                0x8bc (size before relaxing)
 .debug_str     0x00010a0c      0x4a1 C:\Users\nxp91080\Documents\LPCXpresso_7.9.2_493\workspace_ntag_i2c_new\lpc_chip_11uxx_lib\Debug\liblpc_chip_11uxx_lib.a(adc_11xx.o)
                                0xc06 (size before relaxing)
 .debug_str     0x00010ead       0x13 C:\Users\nxp91080\Documents\LPCXpresso_7.9.2_493\workspace_ntag_i2c_new\lpc_chip_11uxx_lib\Debug\liblpc_chip_11uxx_lib.a(chip_11xx.o)
                                0x25d (size before relaxing)
 .debug_str     0x00010ec0      0x314 C:\Users\nxp91080\Documents\LPCXpresso_7.9.2_493\workspace_ntag_i2c_new\lpc_chip_11uxx_lib\Debug\liblpc_chip_11uxx_lib.a(clock_11xx.o)
                                0xa4a (size before relaxing)
 .debug_str     0x000111d4       0xd2 C:\Users\nxp91080\Documents\LPCXpresso_7.9.2_493\workspace_ntag_i2c_new\lpc_chip_11uxx_lib\Debug\liblpc_chip_11uxx_lib.a(gpio_11xx_1.o)
                                0x8a8 (size before relaxing)
 .debug_str     0x000112a6      0x284 C:\Users\nxp91080\Documents\LPCXpresso_7.9.2_493\workspace_ntag_i2c_new\lpc_chip_11uxx_lib\Debug\liblpc_chip_11uxx_lib.a(i2cm_11xx.o)
                                0xab3 (size before relaxing)
 .debug_str     0x0001152a       0xff C:\Users\nxp91080\Documents\LPCXpresso_7.9.2_493\workspace_ntag_i2c_new\lpc_chip_11uxx_lib\Debug\liblpc_chip_11uxx_lib.a(pmu_11xx.o)
                                0x354 (size before relaxing)
 .debug_str     0x00011629       0x7b C:\Users\nxp91080\Documents\LPCXpresso_7.9.2_493\workspace_ntag_i2c_new\lpc_chip_11uxx_lib\Debug\liblpc_chip_11uxx_lib.a(sysctl_11xx.o)
                                0x553 (size before relaxing)

.comment        0x00000000       0x70
 .comment       0x00000000       0x70 ./src/HW_functions.o
                                 0x71 (size before relaxing)
 .comment       0x00000000       0x71 ./src/flash_fw.o
 .comment       0x00000000       0x71 ./src/hid_main.o
 .comment       0x00000000       0x71 ./src/iap_driver.o
 .comment       0x00000000       0x71 ./src/main.o
 .comment       0x00000000       0x71 C:\Users\nxp91080\Documents\LPCXpresso_7.9.2_493\workspace_ntag_i2c_new\NTAG_I2C_API\Debug\libNTAG_I2C_API.a(timer_lpc.o)
 .comment       0x00000000       0x71 C:\Users\nxp91080\Documents\LPCXpresso_7.9.2_493\workspace_ntag_i2c_new\NTAG_I2C_API\Debug\libNTAG_I2C_API.a(ntag_bridge.o)
 .comment       0x00000000       0x71 C:\Users\nxp91080\Documents\LPCXpresso_7.9.2_493\workspace_ntag_i2c_new\NTAG_I2C_API\Debug\libNTAG_I2C_API.a(ntag_driver.o)
 .comment       0x00000000       0x71 C:\Users\nxp91080\Documents\LPCXpresso_7.9.2_493\workspace_ntag_i2c_new\NTAG_I2C_API\Debug\libNTAG_I2C_API.a(isr_common.o)
 .comment       0x00000000       0x71 C:\Users\nxp91080\Documents\LPCXpresso_7.9.2_493\workspace_ntag_i2c_new\NTAG_I2C_API\Debug\libNTAG_I2C_API.a(isr_lpc11u6x.o)
 .comment       0x00000000       0x71 C:\Users\nxp91080\Documents\LPCXpresso_7.9.2_493\workspace_ntag_i2c_new\NTAG_I2C_API\Debug\libNTAG_I2C_API.a(i2c_lpc11u37h.o)
 .comment       0x00000000       0x71 C:\Users\nxp91080\Documents\LPCXpresso_7.9.2_493\workspace_ntag_i2c_new\NTAG_I2C_API\Debug\libNTAG_I2C_API.a(cr_startup_lpc11u.o)
 .comment       0x00000000       0x71 C:\Users\nxp91080\Documents\LPCXpresso_7.9.2_493\workspace_ntag_i2c_new\NTAG_I2C_API\Debug\libNTAG_I2C_API.a(sysinit.o)
 .comment       0x00000000       0x71 C:\Users\nxp91080\Documents\LPCXpresso_7.9.2_493\workspace_ntag_i2c_new\nxp_lpcxpresso_11u24h_board_lib\Debug\libnxp_lpcxpresso_11u24h_board_lib.a(board.o)
 .comment       0x00000000       0x71 C:\Users\nxp91080\Documents\LPCXpresso_7.9.2_493\workspace_ntag_i2c_new\nxp_lpcxpresso_11u24h_board_lib\Debug\libnxp_lpcxpresso_11u24h_board_lib.a(board_sysinit.o)
 .comment       0x00000000       0x71 C:\Users\nxp91080\Documents\LPCXpresso_7.9.2_493\workspace_ntag_i2c_new\lpc_chip_11uxx_lib\Debug\liblpc_chip_11uxx_lib.a(adc_11xx.o)
 .comment       0x00000000       0x71 C:\Users\nxp91080\Documents\LPCXpresso_7.9.2_493\workspace_ntag_i2c_new\lpc_chip_11uxx_lib\Debug\liblpc_chip_11uxx_lib.a(chip_11xx.o)
 .comment       0x00000000       0x71 C:\Users\nxp91080\Documents\LPCXpresso_7.9.2_493\workspace_ntag_i2c_new\lpc_chip_11uxx_lib\Debug\liblpc_chip_11uxx_lib.a(clock_11xx.o)
 .comment       0x00000000       0x71 C:\Users\nxp91080\Documents\LPCXpresso_7.9.2_493\workspace_ntag_i2c_new\lpc_chip_11uxx_lib\Debug\liblpc_chip_11uxx_lib.a(gpio_11xx_1.o)
 .comment       0x00000000       0x71 C:\Users\nxp91080\Documents\LPCXpresso_7.9.2_493\workspace_ntag_i2c_new\lpc_chip_11uxx_lib\Debug\liblpc_chip_11uxx_lib.a(i2cm_11xx.o)
 .comment       0x00000000       0x71 C:\Users\nxp91080\Documents\LPCXpresso_7.9.2_493\workspace_ntag_i2c_new\lpc_chip_11uxx_lib\Debug\liblpc_chip_11uxx_lib.a(pmu_11xx.o)
 .comment       0x00000000       0x71 C:\Users\nxp91080\Documents\LPCXpresso_7.9.2_493\workspace_ntag_i2c_new\lpc_chip_11uxx_lib\Debug\liblpc_chip_11uxx_lib.a(sysctl_11xx.o)
 .comment       0x00000000       0x71 c:/nxp/lpcxpresso_7.9.2_493/lpcxpresso/tools/bin/../lib/gcc/arm-none-eabi/4.9.3/../../../../arm-none-eabi/lib/armv6-m\libcr_c.a(memcpy.o)
 .comment       0x00000000       0x71 c:/nxp/lpcxpresso_7.9.2_493/lpcxpresso/tools/bin/../lib/gcc/arm-none-eabi/4.9.3/../../../../arm-none-eabi/lib/armv6-m\libcr_c.a(memset.o)
 .comment       0x00000000       0x71 c:/nxp/lpcxpresso_7.9.2_493/lpcxpresso/tools/bin/../lib/gcc/arm-none-eabi/4.9.3/../../../../arm-none-eabi/lib/armv6-m\libcr_c.a(__weak__main.o)
 .comment       0x00000000       0x71 c:/nxp/lpcxpresso_7.9.2_493/lpcxpresso/tools/bin/../lib/gcc/arm-none-eabi/4.9.3/../../../../arm-none-eabi/lib/armv6-m\libcr_c.a(alloc.o)
 .comment       0x00000000       0x71 c:/nxp/lpcxpresso_7.9.2_493/lpcxpresso/tools/bin/../lib/gcc/arm-none-eabi/4.9.3/../../../../arm-none-eabi/lib/armv6-m\libcr_c.a(__init_alloc.o)
 .comment       0x00000000       0x71 c:/nxp/lpcxpresso_7.9.2_493/lpcxpresso/tools/bin/../lib/gcc/arm-none-eabi/4.9.3/../../../../arm-none-eabi/lib/armv6-m\libcr_c.a(_cr_sbrk.o)
 .comment       0x00000000       0x71 c:/nxp/lpcxpresso_7.9.2_493/lpcxpresso/tools/bin/../lib/gcc/arm-none-eabi/4.9.3/../../../../arm-none-eabi/lib/armv6-m\libcr_c.a(errno.o)
 .comment       0x00000000       0x71 c:/nxp/lpcxpresso_7.9.2_493/lpcxpresso/tools/bin/../lib/gcc/arm-none-eabi/4.9.3/../../../../arm-none-eabi/lib/armv6-m\libcr_c.a(_cr_check_heap.o)

.ARM.attributes
                0x00000000       0x2f
 .ARM.attributes
                0x00000000       0x31 ./src/HW_functions.o
 .ARM.attributes
                0x00000031       0x31 ./src/flash_fw.o
 .ARM.attributes
                0x00000062       0x31 ./src/hid_main.o
 .ARM.attributes
                0x00000093       0x31 ./src/iap_driver.o
 .ARM.attributes
                0x000000c4       0x31 ./src/main.o
 .ARM.attributes
                0x000000f5       0x31 C:\Users\nxp91080\Documents\LPCXpresso_7.9.2_493\workspace_ntag_i2c_new\NTAG_I2C_API\Debug\libNTAG_I2C_API.a(timer_lpc.o)
 .ARM.attributes
                0x00000126       0x31 C:\Users\nxp91080\Documents\LPCXpresso_7.9.2_493\workspace_ntag_i2c_new\NTAG_I2C_API\Debug\libNTAG_I2C_API.a(ntag_bridge.o)
 .ARM.attributes
                0x00000157       0x31 C:\Users\nxp91080\Documents\LPCXpresso_7.9.2_493\workspace_ntag_i2c_new\NTAG_I2C_API\Debug\libNTAG_I2C_API.a(ntag_driver.o)
 .ARM.attributes
                0x00000188       0x31 C:\Users\nxp91080\Documents\LPCXpresso_7.9.2_493\workspace_ntag_i2c_new\NTAG_I2C_API\Debug\libNTAG_I2C_API.a(isr_common.o)
 .ARM.attributes
                0x000001b9       0x31 C:\Users\nxp91080\Documents\LPCXpresso_7.9.2_493\workspace_ntag_i2c_new\NTAG_I2C_API\Debug\libNTAG_I2C_API.a(isr_lpc11u6x.o)
 .ARM.attributes
                0x000001ea       0x31 C:\Users\nxp91080\Documents\LPCXpresso_7.9.2_493\workspace_ntag_i2c_new\NTAG_I2C_API\Debug\libNTAG_I2C_API.a(i2c_lpc11u37h.o)
 .ARM.attributes
                0x0000021b       0x31 C:\Users\nxp91080\Documents\LPCXpresso_7.9.2_493\workspace_ntag_i2c_new\NTAG_I2C_API\Debug\libNTAG_I2C_API.a(cr_startup_lpc11u.o)
 .ARM.attributes
                0x0000024c       0x31 C:\Users\nxp91080\Documents\LPCXpresso_7.9.2_493\workspace_ntag_i2c_new\NTAG_I2C_API\Debug\libNTAG_I2C_API.a(sysinit.o)
 .ARM.attributes
                0x0000027d       0x31 C:\Users\nxp91080\Documents\LPCXpresso_7.9.2_493\workspace_ntag_i2c_new\nxp_lpcxpresso_11u24h_board_lib\Debug\libnxp_lpcxpresso_11u24h_board_lib.a(board.o)
 .ARM.attributes
                0x000002ae       0x31 C:\Users\nxp91080\Documents\LPCXpresso_7.9.2_493\workspace_ntag_i2c_new\nxp_lpcxpresso_11u24h_board_lib\Debug\libnxp_lpcxpresso_11u24h_board_lib.a(board_sysinit.o)
 .ARM.attributes
                0x000002df       0x31 C:\Users\nxp91080\Documents\LPCXpresso_7.9.2_493\workspace_ntag_i2c_new\lpc_chip_11uxx_lib\Debug\liblpc_chip_11uxx_lib.a(adc_11xx.o)
 .ARM.attributes
                0x00000310       0x31 C:\Users\nxp91080\Documents\LPCXpresso_7.9.2_493\workspace_ntag_i2c_new\lpc_chip_11uxx_lib\Debug\liblpc_chip_11uxx_lib.a(chip_11xx.o)
 .ARM.attributes
                0x00000341       0x31 C:\Users\nxp91080\Documents\LPCXpresso_7.9.2_493\workspace_ntag_i2c_new\lpc_chip_11uxx_lib\Debug\liblpc_chip_11uxx_lib.a(clock_11xx.o)
 .ARM.attributes
                0x00000372       0x31 C:\Users\nxp91080\Documents\LPCXpresso_7.9.2_493\workspace_ntag_i2c_new\lpc_chip_11uxx_lib\Debug\liblpc_chip_11uxx_lib.a(gpio_11xx_1.o)
 .ARM.attributes
                0x000003a3       0x31 C:\Users\nxp91080\Documents\LPCXpresso_7.9.2_493\workspace_ntag_i2c_new\lpc_chip_11uxx_lib\Debug\liblpc_chip_11uxx_lib.a(i2cm_11xx.o)
 .ARM.attributes
                0x000003d4       0x31 C:\Users\nxp91080\Documents\LPCXpresso_7.9.2_493\workspace_ntag_i2c_new\lpc_chip_11uxx_lib\Debug\liblpc_chip_11uxx_lib.a(pmu_11xx.o)
 .ARM.attributes
                0x00000405       0x31 C:\Users\nxp91080\Documents\LPCXpresso_7.9.2_493\workspace_ntag_i2c_new\lpc_chip_11uxx_lib\Debug\liblpc_chip_11uxx_lib.a(sysctl_11xx.o)
 .ARM.attributes
                0x00000436       0x31 c:/nxp/lpcxpresso_7.9.2_493/lpcxpresso/tools/bin/../lib/gcc/arm-none-eabi/4.9.3/../../../../arm-none-eabi/lib/armv6-m\libcr_c.a(memcpy.o)
 .ARM.attributes
                0x00000467       0x31 c:/nxp/lpcxpresso_7.9.2_493/lpcxpresso/tools/bin/../lib/gcc/arm-none-eabi/4.9.3/../../../../arm-none-eabi/lib/armv6-m\libcr_c.a(memset.o)
 .ARM.attributes
                0x00000498       0x31 c:/nxp/lpcxpresso_7.9.2_493/lpcxpresso/tools/bin/../lib/gcc/arm-none-eabi/4.9.3/../../../../arm-none-eabi/lib/armv6-m\libcr_c.a(__weak__main.o)
 .ARM.attributes
                0x000004c9       0x31 c:/nxp/lpcxpresso_7.9.2_493/lpcxpresso/tools/bin/../lib/gcc/arm-none-eabi/4.9.3/../../../../arm-none-eabi/lib/armv6-m\libcr_c.a(alloc.o)
 .ARM.attributes
                0x000004fa       0x31 c:/nxp/lpcxpresso_7.9.2_493/lpcxpresso/tools/bin/../lib/gcc/arm-none-eabi/4.9.3/../../../../arm-none-eabi/lib/armv6-m\libcr_c.a(__init_alloc.o)
 .ARM.attributes
                0x0000052b       0x31 c:/nxp/lpcxpresso_7.9.2_493/lpcxpresso/tools/bin/../lib/gcc/arm-none-eabi/4.9.3/../../../../arm-none-eabi/lib/armv6-m\libcr_c.a(_cr_sbrk.o)
 .ARM.attributes
                0x0000055c       0x31 c:/nxp/lpcxpresso_7.9.2_493/lpcxpresso/tools/bin/../lib/gcc/arm-none-eabi/4.9.3/../../../../arm-none-eabi/lib/armv6-m\libcr_c.a(errno.o)
 .ARM.attributes
                0x0000058d       0x31 c:/nxp/lpcxpresso_7.9.2_493/lpcxpresso/tools/bin/../lib/gcc/arm-none-eabi/4.9.3/../../../../arm-none-eabi/lib/armv6-m\libcr_c.a(_cr_check_heap.o)
 .ARM.attributes
                0x000005be       0x21 c:/nxp/lpcxpresso_7.9.2_493/lpcxpresso/tools/bin/../lib/gcc/arm-none-eabi/4.9.3/armv6-m\libcr_eabihelpers.a(division_32.o)
 .ARM.attributes
                0x000005df       0x21 c:/nxp/lpcxpresso_7.9.2_493/lpcxpresso/tools/bin/../lib/gcc/arm-none-eabi/4.9.3/armv6-m\libcr_eabihelpers.a(division_idiv0.o)
 .ARM.attributes
                0x00000600       0x21 c:/nxp/lpcxpresso_7.9.2_493/lpcxpresso/tools/bin/../lib/gcc/arm-none-eabi/4.9.3/armv6-m\libcr_eabihelpers.a(memcpy.o)

.debug_frame    0x00000000     0x130c
 .debug_frame   0x00000000      0x188 ./src/HW_functions.o
 .debug_frame   0x00000188       0x30 ./src/flash_fw.o
 .debug_frame   0x000001b8       0x5c ./src/hid_main.o
 .debug_frame   0x00000214       0xe8 ./src/iap_driver.o
 .debug_frame   0x000002fc      0x120 ./src/main.o
 .debug_frame   0x0000041c       0xc8 C:\Users\nxp91080\Documents\LPCXpresso_7.9.2_493\workspace_ntag_i2c_new\NTAG_I2C_API\Debug\libNTAG_I2C_API.a(timer_lpc.o)
 .debug_frame   0x000004e4      0x330 C:\Users\nxp91080\Documents\LPCXpresso_7.9.2_493\workspace_ntag_i2c_new\NTAG_I2C_API\Debug\libNTAG_I2C_API.a(ntag_bridge.o)
 .debug_frame   0x00000814      0x190 C:\Users\nxp91080\Documents\LPCXpresso_7.9.2_493\workspace_ntag_i2c_new\NTAG_I2C_API\Debug\libNTAG_I2C_API.a(ntag_driver.o)
 .debug_frame   0x000009a4       0x50 C:\Users\nxp91080\Documents\LPCXpresso_7.9.2_493\workspace_ntag_i2c_new\NTAG_I2C_API\Debug\libNTAG_I2C_API.a(isr_common.o)
 .debug_frame   0x000009f4      0x194 C:\Users\nxp91080\Documents\LPCXpresso_7.9.2_493\workspace_ntag_i2c_new\NTAG_I2C_API\Debug\libNTAG_I2C_API.a(isr_lpc11u6x.o)
 .debug_frame   0x00000b88      0x104 C:\Users\nxp91080\Documents\LPCXpresso_7.9.2_493\workspace_ntag_i2c_new\NTAG_I2C_API\Debug\libNTAG_I2C_API.a(i2c_lpc11u37h.o)
 .debug_frame   0x00000c8c      0x118 C:\Users\nxp91080\Documents\LPCXpresso_7.9.2_493\workspace_ntag_i2c_new\NTAG_I2C_API\Debug\libNTAG_I2C_API.a(cr_startup_lpc11u.o)
 .debug_frame   0x00000da4       0x48 C:\Users\nxp91080\Documents\LPCXpresso_7.9.2_493\workspace_ntag_i2c_new\NTAG_I2C_API\Debug\libNTAG_I2C_API.a(sysinit.o)
 .debug_frame   0x00000dec       0x5c C:\Users\nxp91080\Documents\LPCXpresso_7.9.2_493\workspace_ntag_i2c_new\nxp_lpcxpresso_11u24h_board_lib\Debug\libnxp_lpcxpresso_11u24h_board_lib.a(board.o)
 .debug_frame   0x00000e48       0x54 C:\Users\nxp91080\Documents\LPCXpresso_7.9.2_493\workspace_ntag_i2c_new\nxp_lpcxpresso_11u24h_board_lib\Debug\libnxp_lpcxpresso_11u24h_board_lib.a(board_sysinit.o)
 .debug_frame   0x00000e9c      0x124 C:\Users\nxp91080\Documents\LPCXpresso_7.9.2_493\workspace_ntag_i2c_new\lpc_chip_11uxx_lib\Debug\liblpc_chip_11uxx_lib.a(adc_11xx.o)
 .debug_frame   0x00000fc0       0x28 C:\Users\nxp91080\Documents\LPCXpresso_7.9.2_493\workspace_ntag_i2c_new\lpc_chip_11uxx_lib\Debug\liblpc_chip_11uxx_lib.a(chip_11xx.o)
 .debug_frame   0x00000fe8      0x100 C:\Users\nxp91080\Documents\LPCXpresso_7.9.2_493\workspace_ntag_i2c_new\lpc_chip_11uxx_lib\Debug\liblpc_chip_11uxx_lib.a(clock_11xx.o)
 .debug_frame   0x000010e8       0x80 C:\Users\nxp91080\Documents\LPCXpresso_7.9.2_493\workspace_ntag_i2c_new\lpc_chip_11uxx_lib\Debug\liblpc_chip_11uxx_lib.a(gpio_11xx_1.o)
 .debug_frame   0x00001168       0xe4 C:\Users\nxp91080\Documents\LPCXpresso_7.9.2_493\workspace_ntag_i2c_new\lpc_chip_11uxx_lib\Debug\liblpc_chip_11uxx_lib.a(i2cm_11xx.o)
 .debug_frame   0x0000124c       0x68 C:\Users\nxp91080\Documents\LPCXpresso_7.9.2_493\workspace_ntag_i2c_new\lpc_chip_11uxx_lib\Debug\liblpc_chip_11uxx_lib.a(pmu_11xx.o)
 .debug_frame   0x000012b4       0x58 C:\Users\nxp91080\Documents\LPCXpresso_7.9.2_493\workspace_ntag_i2c_new\lpc_chip_11uxx_lib\Debug\liblpc_chip_11uxx_lib.a(sysctl_11xx.o)
