Archive member included because of file (symbol)

C:\Users\nxp91080\Documents\LPCXpresso_7.9.2_493\NTAG_I2C\workspace_ntag_i2c_new\NTAG_I2C_API\Debug\libNTAG_I2C_API.a(timer_lpc.o)
                              ./src/main.o (HAL_Timer_Init)
C:\Users\nxp91080\Documents\LPCXpresso_7.9.2_493\NTAG_I2C\workspace_ntag_i2c_new\NTAG_I2C_API\Debug\libNTAG_I2C_API.a(ntag_bridge.o)
                              ./src/main.o (NTAG_WaitForEvent)
C:\Users\nxp91080\Documents\LPCXpresso_7.9.2_493\NTAG_I2C\workspace_ntag_i2c_new\NTAG_I2C_API\Debug\libNTAG_I2C_API.a(ntag_driver.o)
                              C:\Users\nxp91080\Documents\LPCXpresso_7.9.2_493\NTAG_I2C\workspace_ntag_i2c_new\NTAG_I2C_API\Debug\libNTAG_I2C_API.a(ntag_bridge.o) (NTAG_WaitForFDPinState)
C:\Users\nxp91080\Documents\LPCXpresso_7.9.2_493\NTAG_I2C\workspace_ntag_i2c_new\NTAG_I2C_API\Debug\libNTAG_I2C_API.a(isr_common.o)
                              ./src/main.o (HAL_ISR_RegisterCallback)
C:\Users\nxp91080\Documents\LPCXpresso_7.9.2_493\NTAG_I2C\workspace_ntag_i2c_new\NTAG_I2C_API\Debug\libNTAG_I2C_API.a(isr_lpc11u6x.o)
                              ./src/main.o (HAL_ISR_Init)
C:\Users\nxp91080\Documents\LPCXpresso_7.9.2_493\NTAG_I2C\workspace_ntag_i2c_new\NTAG_I2C_API\Debug\libNTAG_I2C_API.a(i2c_lpc11u37h.o)
                              ./src/main.o (I2CMasterInit)
C:\Users\nxp91080\Documents\LPCXpresso_7.9.2_493\NTAG_I2C\workspace_ntag_i2c_new\NTAG_I2C_API\Debug\libNTAG_I2C_API.a(cr_startup_lpc11u.o)
                              (ResetISR)
C:\Users\nxp91080\Documents\LPCXpresso_7.9.2_493\NTAG_I2C\workspace_ntag_i2c_new\NTAG_I2C_API\Debug\libNTAG_I2C_API.a(sysinit.o)
                              ./src/main.o (HAL_BSP_BoardInit)
C:\Users\nxp91080\Documents\LPCXpresso_7.9.2_493\NTAG_I2C\workspace_ntag_i2c_new\nxp_lpcxpresso_11u24h_board_lib\Debug\libnxp_lpcxpresso_11u24h_board_lib.a(board.o)
                              ./src/HW_functions.o (Board_LED_Set)
C:\Users\nxp91080\Documents\LPCXpresso_7.9.2_493\NTAG_I2C\workspace_ntag_i2c_new\nxp_lpcxpresso_11u24h_board_lib\Debug\libnxp_lpcxpresso_11u24h_board_lib.a(board_sysinit.o)
                              C:\Users\nxp91080\Documents\LPCXpresso_7.9.2_493\NTAG_I2C\workspace_ntag_i2c_new\NTAG_I2C_API\Debug\libNTAG_I2C_API.a(sysinit.o) (Board_SystemInit)
C:\Users\nxp91080\Documents\LPCXpresso_7.9.2_493\NTAG_I2C\workspace_ntag_i2c_new\lpc_chip_11uxx_lib\Debug\liblpc_chip_11uxx_lib.a(adc_11xx.o)
                              ./src/HW_functions.o (readAdcVal)
C:\Users\nxp91080\Documents\LPCXpresso_7.9.2_493\NTAG_I2C\workspace_ntag_i2c_new\lpc_chip_11uxx_lib\Debug\liblpc_chip_11uxx_lib.a(chip_11xx.o)
                              ./src/main.o (SystemCoreClockUpdate)
C:\Users\nxp91080\Documents\LPCXpresso_7.9.2_493\NTAG_I2C\workspace_ntag_i2c_new\lpc_chip_11uxx_lib\Debug\liblpc_chip_11uxx_lib.a(clock_11xx.o)
                              ./src/main.o (Chip_Clock_SetMainClockSource)
C:\Users\nxp91080\Documents\LPCXpresso_7.9.2_493\NTAG_I2C\workspace_ntag_i2c_new\lpc_chip_11uxx_lib\Debug\liblpc_chip_11uxx_lib.a(gpio_11xx_1.o)
                              C:\Users\nxp91080\Documents\LPCXpresso_7.9.2_493\NTAG_I2C\workspace_ntag_i2c_new\nxp_lpcxpresso_11u24h_board_lib\Debug\libnxp_lpcxpresso_11u24h_board_lib.a(board.o) (Chip_GPIO_Init)
C:\Users\nxp91080\Documents\LPCXpresso_7.9.2_493\NTAG_I2C\workspace_ntag_i2c_new\lpc_chip_11uxx_lib\Debug\liblpc_chip_11uxx_lib.a(i2cm_11xx.o)
                              C:\Users\nxp91080\Documents\LPCXpresso_7.9.2_493\NTAG_I2C\workspace_ntag_i2c_new\NTAG_I2C_API\Debug\libNTAG_I2C_API.a(i2c_lpc11u37h.o) (Chip_I2CM_Init)
C:\Users\nxp91080\Documents\LPCXpresso_7.9.2_493\NTAG_I2C\workspace_ntag_i2c_new\lpc_chip_11uxx_lib\Debug\liblpc_chip_11uxx_lib.a(pmu_11xx.o)
                              C:\Users\nxp91080\Documents\LPCXpresso_7.9.2_493\NTAG_I2C\workspace_ntag_i2c_new\NTAG_I2C_API\Debug\libNTAG_I2C_API.a(timer_lpc.o) (Chip_PMU_SleepState)
C:\Users\nxp91080\Documents\LPCXpresso_7.9.2_493\NTAG_I2C\workspace_ntag_i2c_new\lpc_chip_11uxx_lib\Debug\liblpc_chip_11uxx_lib.a(sysctl_11xx.o)
                              C:\Users\nxp91080\Documents\LPCXpresso_7.9.2_493\NTAG_I2C\workspace_ntag_i2c_new\lpc_chip_11uxx_lib\Debug\liblpc_chip_11uxx_lib.a(adc_11xx.o) (Chip_SYSCTL_PowerDown)
C:\Users\nxp91080\Documents\LPCXpresso_7.9.2_493\NTAG_I2C\workspace_ntag_i2c_new\lpc_chip_11uxx_lib\Debug\liblpc_chip_11uxx_lib.a(timer_11xx.o)
                              ./src/HW_functions.o (Chip_TIMER_Init)
c:/nxp/lpcxpresso_7.9.2_493/lpcxpresso/tools/bin/../lib/gcc/arm-none-eabi/4.9.3/../../../../arm-none-eabi/lib/armv6-m\libcr_c.a(memcpy.o)
                              ./src/HW_functions.o (memcpy)
c:/nxp/lpcxpresso_7.9.2_493/lpcxpresso/tools/bin/../lib/gcc/arm-none-eabi/4.9.3/../../../../arm-none-eabi/lib/armv6-m\libcr_c.a(memset.o)
                              ./src/main.o (memset)
[...]
Memory Configuration

Name             Origin             Length             Attributes
MFlash32         0x00004000         0x00004000         xr
RamLoc8          0x10000200         0x00001de0         xrw
RamUsb2          0x20004000         0x00000800         xrw
*default*        0x00000000         0xffffffff

Linker script and memory map

LOAD ./src/HW_functions.o
LOAD ./src/crc32.o
LOAD ./src/main.o
LOAD ./src/ndef_parser.o
LOAD C:\Users\nxp91080\Documents\LPCXpresso_7.9.2_493\NTAG_I2C\workspace_ntag_i2c_new\NTAG_I2C_API\Debug\libNTAG_I2C_API.a
LOAD C:\Users\nxp91080\Documents\LPCXpresso_7.9.2_493\NTAG_I2C\workspace_ntag_i2c_new\nxp_lpcxpresso_11u24h_board_lib\Debug\libnxp_lpcxpresso_11u24h_board_lib.a
LOAD C:\Users\nxp91080\Documents\LPCXpresso_7.9.2_493\NTAG_I2C\workspace_ntag_i2c_new\lpc_chip_11uxx_lib\Debug\liblpc_chip_11uxx_lib.a
START GROUP
LOAD c:/nxp/lpcxpresso_7.9.2_493/lpcxpresso/tools/bin/../lib/gcc/arm-none-eabi/4.9.3/../../../../arm-none-eabi/lib/armv6-m\libcr_c.a
LOAD c:/nxp/lpcxpresso_7.9.2_493/lpcxpresso/tools/bin/../lib/gcc/arm-none-eabi/4.9.3/armv6-m\libcr_eabihelpers.a
END GROUP
                0x00004000                __base_MFlash32 = 0x4000
                0x00004000                __base_Flash = 0x4000
                0x00008000                __top_MFlash32 = 0x8000
                0x00008000                __top_Flash = 0x8000
                0x10000200                __base_RamLoc8 = 0x10000200
                0x10000200                __base_RAM = 0x10000200
                0x10001fe0                __top_RamLoc8 = 0x10001fe0
                0x10001fe0                __top_RAM = 0x10001fe0
                0x20004000                __base_RamUsb2 = 0x20004000
                0x20004000                __base_RAM2 = 0x20004000
                0x20004800                __top_RamUsb2 = 0x20004800
                0x20004800                __top_RAM2 = 0x20004800

.text           0x00004000     0x4058
 FILL mask 0xff
                0x00004000                __vectors_start__ = ABSOLUTE (.)
 *(.isr_vector)
 .isr_vector    0x00004000       0xc0 C:\Users\nxp91080\Documents\LPCXpresso_7.9.2_493\NTAG_I2C\workspace_ntag_i2c_new\NTAG_I2C_API\Debug\libNTAG_I2C_API.a(cr_startup_lpc11u.o)
                0x00004000                g_pfnVectors
                0x000040c0                . = ALIGN (0x4)
                0x000040c0                __section_table_start = .
                0x000040c0                __data_section_table = .
                0x000040c0        0x4 LONG 0x8058 LOADADDR (.data)
                0x000040c4        0x4 LONG 0x10000200 ADDR (.data)
                0x000040c8        0x4 LONG 0x48 SIZEOF (.data)
                0x000040cc        0x4 LONG 0x8058 LOADADDR (.data_RAM2)
                0x000040d0        0x4 LONG 0x20004000 ADDR (.data_RAM2)
                0x000040d4        0x4 LONG 0x0 SIZEOF (.data_RAM2)
                0x000040d8                __data_section_table_end = .
                0x000040d8                __bss_section_table = .
                0x000040d8        0x4 LONG 0x10000248 ADDR (.bss)
                0x000040dc        0x4 LONG 0x484 SIZEOF (.bss)
                0x000040e0        0x4 LONG 0x20004000 ADDR (.bss_RAM2)
                0x000040e4        0x4 LONG 0x0 SIZEOF (.bss_RAM2)
                0x000040e8                __bss_section_table_end = .
                0x000040e8                __section_table_end = .
 *(.after_vectors*)
 .after_vectors
                0x000040e8      0x124 C:\Users\nxp91080\Documents\LPCXpresso_7.9.2_493\NTAG_I2C\workspace_ntag_i2c_new\NTAG_I2C_API\Debug\libNTAG_I2C_API.a(cr_startup_lpc11u.o)
                0x000040e8                data_init
                0x00004128                bss_init
                0x0000415c                ResetISR
                0x000041dc                NMI_Handler
                0x000041e4                HardFault_Handler
                0x000041ec                SVCall_Handler
                0x000041f4                PendSV_Handler
                0x00004204                UART_IRQHandler
                0x00004204                IntDefaultHandler
                0x00004204                SSP0_IRQHandler
                0x00004204                USBWakeup_IRQHandler
                0x00004204                TIMER32_0_IRQHandler
                0x00004204                FLEX_INT7_IRQHandler
                0x00004204                FLEX_INT2_IRQHandler
                0x00004204                TIMER16_1_IRQHandler
                0x00004204                USB_FIQHandler
                0x00004204                FLEX_INT5_IRQHandler
                0x00004204                ADC_IRQHandler
                0x00004204                SSP1_IRQHandler
                0x00004204                FLEX_INT3_IRQHandler
                0x00004204                USB_IRQHandler
                0x00004204                BOD_IRQHandler
                0x00004204                WDT_IRQHandler
                0x00004204                GINT0_IRQHandler
                0x00004204                FLEX_INT4_IRQHandler
                0x00004204                TIMER16_0_IRQHandler
                0x00004204                FLEX_INT6_IRQHandler
                0x00004204                FMC_IRQHandler
                0x00004204                GINT1_IRQHandler
 *(.text*)
 .text.Chip_TIMER_Enable
                0x0000420c       0x1c ./src/HW_functions.o
 .text.Chip_TIMER_PrescaleSet
                0x00004228       0x18 ./src/HW_functions.o
 .text.Chip_TIMER_SetMatch
                0x00004240       0x2c ./src/HW_functions.o
 .text.Chip_TIMER_MatchEnableInt
                0x0000426c       0x34 ./src/HW_functions.o
 .text.Chip_TIMER_ResetOnMatchEnable
                0x000042a0       0x34 ./src/HW_functions.o
 .text.Chip_GPIO_SetPinState
                0x000042d4       0x3c ./src/HW_functions.o
 .text.Chip_GPIO_GetPinState
                0x00004310       0x38 ./src/HW_functions.o
 .text.Chip_GPIO_SetPinDIRInput
                0x00004348       0x50 ./src/HW_functions.o
 .text.init_TempSensor
                0x00004398       0x30 ./src/HW_functions.o
                0x00004398                init_TempSensor
 .text.HW_setup_Board_for_use_with_NTAG
                0x000043c8       0x6c ./src/HW_functions.o
                0x000043c8                HW_setup_Board_for_use_with_NTAG
 .text.ledsOFF  0x00004434       0x20 ./src/HW_functions.o
 .text.Red      0x00004454       0x20 ./src/HW_functions.o
 .text.Green    0x00004474       0x20 ./src/HW_functions.o
 .text.Blue     0x00004494       0x20 ./src/HW_functions.o
 .text.HW_switchLEDs
                0x000044b4       0x48 ./src/HW_functions.o
                0x000044b4                HW_switchLEDs
 .text.init_Buttons
                0x000044fc       0x64 ./src/HW_functions.o
                0x000044fc                init_Buttons
 .text.HW_Get_Button_State
                0x00004560       0x3c ./src/HW_functions.o
                0x00004560                HW_Get_Button_State
 .text.HW_getTemp
                0x0000459c       0x54 ./src/HW_functions.o
                0x0000459c                HW_getTemp
 .text.HW_getVolt
                0x000045f0       0x58 ./src/HW_functions.o
                0x000045f0                HW_getVolt
 .text.ADC_Init
                0x00004648       0x74 ./src/HW_functions.o
                0x00004648                ADC_Init
 .text.HW_init_Peripherals
                0x000046bc       0x1c ./src/HW_functions.o
                0x000046bc                HW_init_Peripherals
 .text.InitTimer
                0x000046d8       0x44 ./src/HW_functions.o
                0x000046d8                InitTimer
 .text.InitTimer1
                0x0000471c       0x54 ./src/HW_functions.o
                0x0000471c                InitTimer1
 .text.EnableTimer1
                0x00004770       0x14 ./src/HW_functions.o
                0x00004770                EnableTimer1
 .text.InitPWM  0x00004784       0x74 ./src/HW_functions.o
                0x00004784                InitPWM
 .text.HW_dimLEDs
                0x000047f8       0x50 ./src/HW_functions.o
                0x000047f8                HW_dimLEDs
 .text.InitPWMPins
                0x00004848       0x48 ./src/HW_functions.o
                0x00004848                InitPWMPins
 .text.LCDInit  0x00004890      0x12c ./src/HW_functions.o
                0x00004890                LCDInit
 .text.LCD_off  0x000049bc       0x34 ./src/HW_functions.o
                0x000049bc                LCD_off
 .text.LCD_on   0x000049f0       0x34 ./src/HW_functions.o
                0x000049f0                LCD_on
 .text.LCDWriteNDEFmessage
                0x00004a24       0x80 ./src/HW_functions.o
                0x00004a24                LCDWriteNDEFmessage
 .text.make_crc32_table
                0x00004aa4       0x6c ./src/crc32.o
 .text.crc32    0x00004b10       0x28 ./src/crc32.o
                0x00004b10                crc32
 .text.crc32_update
                0x00004b38       0x68 ./src/crc32.o
                0x00004b38                crc32_update
 .text.NVIC_EnableIRQ
                0x00004ba0       0x2c ./src/main.o
 .text.NVIC_ClearPendingIRQ
                0x00004bcc       0x30 ./src/main.o
 .text.NVIC_SetPriority
                0x00004bfc       0xd4 ./src/main.o
 .text.SysTick_Config
                0x00004cd0       0x48 ./src/main.o
 .text.Chip_SYSCTL_Map
                0x00004d18       0x20 ./src/main.o
 .text.Chip_SYSCTL_EnableBODReset
                0x00004d38       0x20 ./src/main.o
 .text.Chip_TIMER_MatchPending
                0x00004d58       0x34 ./src/main.o
 .text.Chip_TIMER_ClearMatch
                0x00004d8c       0x28 ./src/main.o
 .text.TIMER32_1_IRQHandler
                0x00004db4       0x5c ./src/main.o
                0x00004db4                TIMER32_1_IRQHandler
 .text.main     0x00004e10      0x130 ./src/main.o
                0x00004e10                main
 .text.CopyInterruptToSRAM
                0x00004f40       0x3c ./src/main.o
                0x00004f40                CopyInterruptToSRAM
 .text.LED_Demo
                0x00004f7c      0x264 ./src/main.o
                0x00004f7c                LED_Demo
 .text.RGBcube_Demo
                0x000051e0      0x130 ./src/main.o
                0x000051e0                RGBcube_Demo
 .text.factory_reset_Tag
                0x00005310       0xb4 ./src/main.o
                0x00005310                factory_reset_Tag
 .text.wait_for_RF_write_in_SRAM
                0x000053c4       0x84 ./src/main.o
                0x000053c4                wait_for_RF_write_in_SRAM
 .text.send_VersionInfo
                0x00005448       0xfc ./src/main.o
                0x00005448                send_VersionInfo
 .text.HW_setup_Speedtest
                0x00005544       0x58 ./src/main.o
                0x00005544                HW_setup_Speedtest
 .text.speedTest
                0x0000559c      0x28c ./src/main.o
                0x0000559c                speedTest
 .text.Setup    0x00005828       0x80 ./src/main.o
                0x00005828                Setup
 .text.InitCubeDemo
                0x000058a8       0x40 ./src/main.o
                0x000058a8                InitCubeDemo
 .text.LED_blink
                0x000058e8       0x74 ./src/main.o
                0x000058e8                LED_blink
 .text.check_Buttons
                0x0000595c       0x88 ./src/main.o
                0x0000595c                check_Buttons
 .text.DisplayVoltage
                0x000059e4       0x74 ./src/main.o
                0x000059e4                DisplayVoltage
 .text.DisplayTemp
                0x00005a58       0xa4 ./src/main.o
                0x00005a58                DisplayTemp
 .text.DisplayEmptyTemp
                0x00005afc       0x88 ./src/main.o
                0x00005afc                DisplayEmptyTemp
 .text.get_dec_str
                0x00005b84       0x78 ./src/main.o
                0x00005b84                get_dec_str
 .text.DisplayRGBColorCode
                0x00005bfc      0x1d8 ./src/main.o
                0x00005bfc                DisplayRGBColorCode
 .text.LCDWrite
                0x00005dd4       0x9c ./src/main.o
                0x00005dd4                LCDWrite
 .text.parse_ndef
                0x00005e70      0x278 ./src/ndef_parser.o
                0x00005e70                parse_ndef
 .text.getUriType
                0x000060e8      0x494 ./src/ndef_parser.o
                0x000060e8                getUriType
 .text.NVIC_SetPriority
                0x0000657c       0xd4 C:\Users\nxp91080\Documents\LPCXpresso_7.9.2_493\NTAG_I2C\workspace_ntag_i2c_new\NTAG_I2C_API\Debug\libNTAG_I2C_API.a(timer_lpc.o)
 .text.SysTick_Config
                0x00006650       0x48 C:\Users\nxp91080\Documents\LPCXpresso_7.9.2_493\NTAG_I2C\workspace_ntag_i2c_new\NTAG_I2C_API\Debug\libNTAG_I2C_API.a(timer_lpc.o)
 .text.HAL_Timer_Init
                0x00006698       0x24 C:\Users\nxp91080\Documents\LPCXpresso_7.9.2_493\NTAG_I2C\workspace_ntag_i2c_new\NTAG_I2C_API\Debug\libNTAG_I2C_API.a(timer_lpc.o)
                0x00006698                HAL_Timer_Init
 .text.HAL_Timer_delay_ms
                0x000066bc       0x34 C:\Users\nxp91080\Documents\LPCXpresso_7.9.2_493\NTAG_I2C\workspace_ntag_i2c_new\NTAG_I2C_API\Debug\libNTAG_I2C_API.a(timer_lpc.o)
                0x000066bc                HAL_Timer_delay_ms
 .text.HAL_Timer_getTime_ms
                0x000066f0       0x14 C:\Users\nxp91080\Documents\LPCXpresso_7.9.2_493\NTAG_I2C\workspace_ntag_i2c_new\NTAG_I2C_API\Debug\libNTAG_I2C_API.a(timer_lpc.o)
                0x000066f0                HAL_Timer_getTime_ms
 .text.SysTick_Handler
                0x00006704       0x18 C:\Users\nxp91080\Documents\LPCXpresso_7.9.2_493\NTAG_I2C\workspace_ntag_i2c_new\NTAG_I2C_API\Debug\libNTAG_I2C_API.a(timer_lpc.o)
                0x00006704                SysTick_Handler
 .text.NTAG_WaitForEvent
                0x0000671c      0x250 C:\Users\nxp91080\Documents\LPCXpresso_7.9.2_493\NTAG_I2C\workspace_ntag_i2c_new\NTAG_I2C_API\Debug\libNTAG_I2C_API.a(ntag_bridge.o)
                0x0000671c                NTAG_WaitForEvent
 .text.NTAG_SetFDOnFunction
                0x0000696c       0x28 C:\Users\nxp91080\Documents\LPCXpresso_7.9.2_493\NTAG_I2C\workspace_ntag_i2c_new\NTAG_I2C_API\Debug\libNTAG_I2C_API.a(ntag_bridge.o)
                0x0000696c                NTAG_SetFDOnFunction
 .text.NTAG_SetFDOffFunction
                0x00006994       0x28 C:\Users\nxp91080\Documents\LPCXpresso_7.9.2_493\NTAG_I2C\workspace_ntag_i2c_new\NTAG_I2C_API\Debug\libNTAG_I2C_API.a(ntag_bridge.o)
                0x00006994                NTAG_SetFDOffFunction
 .text.NTAG_SetPthruOnOff
                0x000069bc       0x4c C:\Users\nxp91080\Documents\LPCXpresso_7.9.2_493\NTAG_I2C\workspace_ntag_i2c_new\NTAG_I2C_API\Debug\libNTAG_I2C_API.a(ntag_bridge.o)
                0x000069bc                NTAG_SetPthruOnOff
 .text.NTAG_SetTransferDir
                0x00006a08       0xb0 C:\Users\nxp91080\Documents\LPCXpresso_7.9.2_493\NTAG_I2C\workspace_ntag_i2c_new\NTAG_I2C_API\Debug\libNTAG_I2C_API.a(ntag_bridge.o)
                0x00006a08                NTAG_SetTransferDir
 .text.NTAG_WaitForFDPinState
                0x00006ab8       0x70 C:\Users\nxp91080\Documents\LPCXpresso_7.9.2_493\NTAG_I2C\workspace_ntag_i2c_new\NTAG_I2C_API\Debug\libNTAG_I2C_API.a(ntag_driver.o)
                0x00006ab8                NTAG_WaitForFDPinState
 .text.NTAG_InitDevice
                0x00006b28       0x70 C:\Users\nxp91080\Documents\LPCXpresso_7.9.2_493\NTAG_I2C\workspace_ntag_i2c_new\NTAG_I2C_API\Debug\libNTAG_I2C_API.a(ntag_driver.o)
                0x00006b28                NTAG_InitDevice
 .text.NTAG_ReadBytes
                0x00006b98      0x15c C:\Users\nxp91080\Documents\LPCXpresso_7.9.2_493\NTAG_I2C\workspace_ntag_i2c_new\NTAG_I2C_API\Debug\libNTAG_I2C_API.a(ntag_driver.o)
                0x00006b98                NTAG_ReadBytes
 .text.NTAG_WriteBytes
                0x00006cf4      0x198 C:\Users\nxp91080\Documents\LPCXpresso_7.9.2_493\NTAG_I2C\workspace_ntag_i2c_new\NTAG_I2C_API\Debug\libNTAG_I2C_API.a(ntag_driver.o)
                0x00006cf4                NTAG_WriteBytes
 .text.NTAG_ReadRegister
                0x00006e8c       0x8c C:\Users\nxp91080\Documents\LPCXpresso_7.9.2_493\NTAG_I2C\workspace_ntag_i2c_new\NTAG_I2C_API\Debug\libNTAG_I2C_API.a(ntag_driver.o)
                0x00006e8c                NTAG_ReadRegister
 .text.NTAG_WriteRegister
                0x00006f18       0x70 C:\Users\nxp91080\Documents\LPCXpresso_7.9.2_493\NTAG_I2C\workspace_ntag_i2c_new\NTAG_I2C_API\Debug\libNTAG_I2C_API.a(ntag_driver.o)
                0x00006f18                NTAG_WriteRegister
 .text.NTAG_ReadBlock
                0x00006f88       0xcc C:\Users\nxp91080\Documents\LPCXpresso_7.9.2_493\NTAG_I2C\workspace_ntag_i2c_new\NTAG_I2C_API\Debug\libNTAG_I2C_API.a(ntag_driver.o)
                0x00006f88                NTAG_ReadBlock
 .text.NTAG_WriteBlock
                0x00007054      0x134 C:\Users\nxp91080\Documents\LPCXpresso_7.9.2_493\NTAG_I2C\workspace_ntag_i2c_new\NTAG_I2C_API\Debug\libNTAG_I2C_API.a(ntag_driver.o)
                0x00007054                NTAG_WriteBlock
 .text.HAL_ISR_RegisterCallback
                0x00007188       0x78 C:\Users\nxp91080\Documents\LPCXpresso_7.9.2_493\NTAG_I2C\workspace_ntag_i2c_new\NTAG_I2C_API\Debug\libNTAG_I2C_API.a(isr_common.o)
                0x00007188                HAL_ISR_RegisterCallback
 .text.HAL_ISR_SleepWithTimeout
                0x00007200       0xa0 C:\Users\nxp91080\Documents\LPCXpresso_7.9.2_493\NTAG_I2C\workspace_ntag_i2c_new\NTAG_I2C_API\Debug\libNTAG_I2C_API.a(isr_common.o)
                0x00007200                HAL_ISR_SleepWithTimeout
 .text.NVIC_EnableIRQ
                0x000072a0       0x2c C:\Users\nxp91080\Documents\LPCXpresso_7.9.2_493\NTAG_I2C\workspace_ntag_i2c_new\NTAG_I2C_API\Debug\libNTAG_I2C_API.a(isr_lpc11u6x.o)
 .text.NVIC_DisableIRQ
                0x000072cc       0x30 C:\Users\nxp91080\Documents\LPCXpresso_7.9.2_493\NTAG_I2C\workspace_ntag_i2c_new\NTAG_I2C_API\Debug\libNTAG_I2C_API.a(isr_lpc11u6x.o)
 .text.NVIC_ClearPendingIRQ
                0x000072fc       0x30 C:\Users\nxp91080\Documents\LPCXpresso_7.9.2_493\NTAG_I2C\workspace_ntag_i2c_new\NTAG_I2C_API\Debug\libNTAG_I2C_API.a(isr_lpc11u6x.o)
 .text.Chip_SYSCTL_SetPinInterrupt
                0x0000732c       0x44 C:\Users\nxp91080\Documents\LPCXpresso_7.9.2_493\NTAG_I2C\workspace_ntag_i2c_new\NTAG_I2C_API\Debug\libNTAG_I2C_API.a(isr_lpc11u6x.o)
 .text.Chip_Clock_EnablePeriphClock
                0x00007370       0x30 C:\Users\nxp91080\Documents\LPCXpresso_7.9.2_493\NTAG_I2C\workspace_ntag_i2c_new\NTAG_I2C_API\Debug\libNTAG_I2C_API.a(isr_lpc11u6x.o)
 .text.map_pin_to_port
                0x000073a0       0x40 C:\Users\nxp91080\Documents\LPCXpresso_7.9.2_493\NTAG_I2C\workspace_ntag_i2c_new\NTAG_I2C_API\Debug\libNTAG_I2C_API.a(isr_lpc11u6x.o)
                0x000073a0                map_pin_to_port
 .text.HAL_ISR_Init
                0x000073e0       0x8c C:\Users\nxp91080\Documents\LPCXpresso_7.9.2_493\NTAG_I2C\workspace_ntag_i2c_new\NTAG_I2C_API\Debug\libNTAG_I2C_API.a(isr_lpc11u6x.o)
                0x000073e0                HAL_ISR_Init
 .text.setupMode
                0x0000746c      0x134 C:\Users\nxp91080\Documents\LPCXpresso_7.9.2_493\NTAG_I2C\workspace_ntag_i2c_new\NTAG_I2C_API\Debug\libNTAG_I2C_API.a(isr_lpc11u6x.o)
                0x0000746c                setupMode
 .text.disableInterrupt
                0x000075a0       0x1c C:\Users\nxp91080\Documents\LPCXpresso_7.9.2_493\NTAG_I2C\workspace_ntag_i2c_new\NTAG_I2C_API\Debug\libNTAG_I2C_API.a(isr_lpc11u6x.o)
                0x000075a0                disableInterrupt
 .text.enableInterrupt
                0x000075bc       0x28 C:\Users\nxp91080\Documents\LPCXpresso_7.9.2_493\NTAG_I2C\workspace_ntag_i2c_new\NTAG_I2C_API\Debug\libNTAG_I2C_API.a(isr_lpc11u6x.o)
                0x000075bc                enableInterrupt
 .text.FLEX_INT0_IRQHandler
                0x000075e4       0x38 C:\Users\nxp91080\Documents\LPCXpresso_7.9.2_493\NTAG_I2C\workspace_ntag_i2c_new\NTAG_I2C_API\Debug\libNTAG_I2C_API.a(isr_lpc11u6x.o)
                0x000075e4                FLEX_INT0_IRQHandler
 .text.FLEX_INT1_IRQHandler
                0x0000761c       0x38 C:\Users\nxp91080\Documents\LPCXpresso_7.9.2_493\NTAG_I2C\workspace_ntag_i2c_new\NTAG_I2C_API\Debug\libNTAG_I2C_API.a(isr_lpc11u6x.o)
                0x0000761c                FLEX_INT1_IRQHandler
 .text.I2C_IRQHandler
                0x00007654        0x8 C:\Users\nxp91080\Documents\LPCXpresso_7.9.2_493\NTAG_I2C\workspace_ntag_i2c_new\NTAG_I2C_API\Debug\libNTAG_I2C_API.a(i2c_lpc11u37h.o)
                0x00007654                I2C_IRQHandler
 .text.I2CMasterInit
                0x0000765c       0x28 C:\Users\nxp91080\Documents\LPCXpresso_7.9.2_493\NTAG_I2C\workspace_ntag_i2c_new\NTAG_I2C_API\Debug\libNTAG_I2C_API.a(i2c_lpc11u37h.o)
                0x0000765c                I2CMasterInit
 .text.TransmitPoll
                0x00007684       0x30 C:\Users\nxp91080\Documents\LPCXpresso_7.9.2_493\NTAG_I2C\workspace_ntag_i2c_new\NTAG_I2C_API\Debug\libNTAG_I2C_API.a(i2c_lpc11u37h.o)
                0x00007684                TransmitPoll
 .text.ReceivePoll
                0x000076b4       0x30 C:\Users\nxp91080\Documents\LPCXpresso_7.9.2_493\NTAG_I2C\workspace_ntag_i2c_new\NTAG_I2C_API\Debug\libNTAG_I2C_API.a(i2c_lpc11u37h.o)
                0x000076b4                ReceivePoll
 .text.HAL_BSP_BoardInit
                0x000076e4       0x10 C:\Users\nxp91080\Documents\LPCXpresso_7.9.2_493\NTAG_I2C\workspace_ntag_i2c_new\NTAG_I2C_API\Debug\libNTAG_I2C_API.a(sysinit.o)
                0x000076e4                HAL_BSP_BoardInit
 .text.Board_LED_Set
                0x000076f4       0x18 C:\Users\nxp91080\Documents\LPCXpresso_7.9.2_493\NTAG_I2C\workspace_ntag_i2c_new\nxp_lpcxpresso_11u24h_board_lib\Debug\libnxp_lpcxpresso_11u24h_board_lib.a(board.o)
                0x000076f4                Board_LED_Set
 .text.Board_Init
                0x0000770c       0x70 C:\Users\nxp91080\Documents\LPCXpresso_7.9.2_493\NTAG_I2C\workspace_ntag_i2c_new\nxp_lpcxpresso_11u24h_board_lib\Debug\libnxp_lpcxpresso_11u24h_board_lib.a(board.o)
                0x0000770c                Board_Init
 .text.Board_SystemInit
                0x0000777c       0xb4 C:\Users\nxp91080\Documents\LPCXpresso_7.9.2_493\NTAG_I2C\workspace_ntag_i2c_new\nxp_lpcxpresso_11u24h_board_lib\Debug\libnxp_lpcxpresso_11u24h_board_lib.a(board_sysinit.o)
                0x0000777c                Board_SystemInit
 .text.readAdcVal
                0x00007830       0x10 C:\Users\nxp91080\Documents\LPCXpresso_7.9.2_493\NTAG_I2C\workspace_ntag_i2c_new\lpc_chip_11uxx_lib\Debug\liblpc_chip_11uxx_lib.a(adc_11xx.o)
                0x00007830                readAdcVal
 .text.SystemCoreClockUpdate
                0x00007840       0x10 C:\Users\nxp91080\Documents\LPCXpresso_7.9.2_493\NTAG_I2C\workspace_ntag_i2c_new\lpc_chip_11uxx_lib\Debug\liblpc_chip_11uxx_lib.a(chip_11xx.o)
                0x00007840                SystemCoreClockUpdate
 .text.Chip_Clock_SetMainClockSource
                0x00007850       0x14 C:\Users\nxp91080\Documents\LPCXpresso_7.9.2_493\NTAG_I2C\workspace_ntag_i2c_new\lpc_chip_11uxx_lib\Debug\liblpc_chip_11uxx_lib.a(clock_11xx.o)
                0x00007850                Chip_Clock_SetMainClockSource
 .text.Chip_Clock_GetSystemClockRate
                0x00007864       0x8c C:\Users\nxp91080\Documents\LPCXpresso_7.9.2_493\NTAG_I2C\workspace_ntag_i2c_new\lpc_chip_11uxx_lib\Debug\liblpc_chip_11uxx_lib.a(clock_11xx.o)
                0x00007864                Chip_Clock_GetSystemClockRate
 .text.Chip_GPIO_Init
                0x000078f0       0x14 C:\Users\nxp91080\Documents\LPCXpresso_7.9.2_493\NTAG_I2C\workspace_ntag_i2c_new\lpc_chip_11uxx_lib\Debug\liblpc_chip_11uxx_lib.a(gpio_11xx_1.o)
                0x000078f0                Chip_GPIO_Init
 .text.Chip_I2CM_Init
                0x00007904       0x20 C:\Users\nxp91080\Documents\LPCXpresso_7.9.2_493\NTAG_I2C\workspace_ntag_i2c_new\lpc_chip_11uxx_lib\Debug\liblpc_chip_11uxx_lib.a(i2cm_11xx.o)
                0x00007904                Chip_I2CM_Init
 .text.Chip_I2CM_SetBusSpeed
                0x00007924       0x20 C:\Users\nxp91080\Documents\LPCXpresso_7.9.2_493\NTAG_I2C\workspace_ntag_i2c_new\lpc_chip_11uxx_lib\Debug\liblpc_chip_11uxx_lib.a(i2cm_11xx.o)
                0x00007924                Chip_I2CM_SetBusSpeed
 .text.Chip_I2CM_Write
                0x00007944       0x6c C:\Users\nxp91080\Documents\LPCXpresso_7.9.2_493\NTAG_I2C\workspace_ntag_i2c_new\lpc_chip_11uxx_lib\Debug\liblpc_chip_11uxx_lib.a(i2cm_11xx.o)
                0x00007944                Chip_I2CM_Write
 .text.Chip_I2CM_Read
                0x000079b0       0xb0 C:\Users\nxp91080\Documents\LPCXpresso_7.9.2_493\NTAG_I2C\workspace_ntag_i2c_new\lpc_chip_11uxx_lib\Debug\liblpc_chip_11uxx_lib.a(i2cm_11xx.o)
                0x000079b0                Chip_I2CM_Read
 .text.Chip_PMU_SleepState
                0x00007a60        0x8 C:\Users\nxp91080\Documents\LPCXpresso_7.9.2_493\NTAG_I2C\workspace_ntag_i2c_new\lpc_chip_11uxx_lib\Debug\liblpc_chip_11uxx_lib.a(pmu_11xx.o)
                0x00007a60                Chip_PMU_SleepState
 .text.Chip_SYSCTL_PowerUp
                0x00007a68       0x24 C:\Users\nxp91080\Documents\LPCXpresso_7.9.2_493\NTAG_I2C\workspace_ntag_i2c_new\lpc_chip_11uxx_lib\Debug\liblpc_chip_11uxx_lib.a(sysctl_11xx.o)
                0x00007a68                Chip_SYSCTL_PowerUp
 .text.Chip_TIMER_Init
                0x00007a8c       0x44 C:\Users\nxp91080\Documents\LPCXpresso_7.9.2_493\NTAG_I2C\workspace_ntag_i2c_new\lpc_chip_11uxx_lib\Debug\liblpc_chip_11uxx_lib.a(timer_11xx.o)
                0x00007a8c                Chip_TIMER_Init
 .text.Chip_TIMER_Reset
                0x00007ad0       0x18 C:\Users\nxp91080\Documents\LPCXpresso_7.9.2_493\NTAG_I2C\workspace_ntag_i2c_new\lpc_chip_11uxx_lib\Debug\liblpc_chip_11uxx_lib.a(timer_11xx.o)
                0x00007ad0                Chip_TIMER_Reset
 .text.memcpy   0x00007ae8        0x8 c:/nxp/lpcxpresso_7.9.2_493/lpcxpresso/tools/bin/../lib/gcc/arm-none-eabi/4.9.3/../../../../arm-none-eabi/lib/armv6-m\libcr_c.a(memcpy.o)
                0x00007ae8                memcpy
 .text.memset   0x00007af0        0x8 c:/nxp/lpcxpresso_7.9.2_493/lpcxpresso/tools/bin/../lib/gcc/arm-none-eabi/4.9.3/../../../../arm-none-eabi/lib/armv6-m\libcr_c.a(memset.o)
                0x00007af0                memset
 .text.__weak_main
                0x00007af8        0x8 c:/nxp/lpcxpresso_7.9.2_493/lpcxpresso/tools/bin/../lib/gcc/arm-none-eabi/4.9.3/../../../../arm-none-eabi/lib/armv6-m\libcr_c.a(__weak__main.o)
                0x00007af8                __weak_main
                0x00007af8                __main
 .text.strncmp  0x00007b00       0x54 c:/nxp/lpcxpresso_7.9.2_493/lpcxpresso/tools/bin/../lib/gcc/arm-none-eabi/4.9.3/../../../../arm-none-eabi/lib/armv6-m\libcr_c.a(strncmp.o)
                0x00007b00                strncmp
 .text.__aeabi_division_idivmod
                0x00007b54       0x78 c:/nxp/lpcxpresso_7.9.2_493/lpcxpresso/tools/bin/../lib/gcc/arm-none-eabi/4.9.3/armv6-m\libcr_eabihelpers.a(division_32.o)
                0x00007b54                __aeabi_idivmod
                0x00007b54                __aeabi_idiv
                0x00007b5a                __aeabi_uidivmod
                0x00007b5a                __aeabi_uidiv
 .text.__aeabi_division_idiv0
                0x00007bcc        0x2 c:/nxp/lpcxpresso_7.9.2_493/lpcxpresso/tools/bin/../lib/gcc/arm-none-eabi/4.9.3/armv6-m\libcr_eabihelpers.a(division_idiv0.o)
                0x00007bcc                __aeabi_idiv0
 .text.__aeabi_memcpy
                0x00007bce       0x2c c:/nxp/lpcxpresso_7.9.2_493/lpcxpresso/tools/bin/../lib/gcc/arm-none-eabi/4.9.3/armv6-m\libcr_eabihelpers.a(memcpy.o)
                0x00007bce                __aeabi_memcpy4
                0x00007bce                __aeabi_memcpy8
                0x00007bce                __aeabi_memcpy
 .text.__aeabi_memset_lowlevel
                0x00007bfa       0x2a c:/nxp/lpcxpresso_7.9.2_493/lpcxpresso/tools/bin/../lib/gcc/arm-none-eabi/4.9.3/armv6-m\libcr_eabihelpers.a(memcpy.o)
                0x00007bfa                __aeabi_lowlevel_memset
 *(.rodata .rodata.* .constdata .constdata.*)
 .rodata.Default_BeginingOfMemory
                0x00007c24       0x80 ./src/main.o
 .rodata.Null_Block
                0x00007ca4       0x10 ./src/main.o
 .rodata.Default_Page_56
                0x00007cb4       0x10 ./src/main.o
 .rodata.Default_Page_57
                0x00007cc4       0x10 ./src/main.o
 .rodata.Default_Page_58
                0x00007cd4       0x10 ./src/main.o
 .rodata.main   0x00007ce4       0x50 ./src/main.o
 .rodata        0x00007d34       0x3d ./src/main.o
 *fill*         0x00007d71        0x3 
 .rodata        0x00007d74      0x194 ./src/ndef_parser.o
 .rodata.getUriType
                0x00007f08       0x90 ./src/ndef_parser.o
 .rodata.NTAG_WaitForEvent
                0x00007f98       0x78 C:\Users\nxp91080\Documents\LPCXpresso_7.9.2_493\NTAG_I2C\workspace_ntag_i2c_new\NTAG_I2C_API\Debug\libNTAG_I2C_API.a(ntag_bridge.o)
 .rodata.OscRateIn
                0x00008010        0x4 C:\Users\nxp91080\Documents\LPCXpresso_7.9.2_493\NTAG_I2C\workspace_ntag_i2c_new\nxp_lpcxpresso_11u24h_board_lib\Debug\libnxp_lpcxpresso_11u24h_board_lib.a(board.o)
                0x00008010                OscRateIn
 .rodata.ledBits
                0x00008014        0x3 C:\Users\nxp91080\Documents\LPCXpresso_7.9.2_493\NTAG_I2C\workspace_ntag_i2c_new\nxp_lpcxpresso_11u24h_board_lib\Debug\libnxp_lpcxpresso_11u24h_board_lib.a(board.o)
 *fill*         0x00008017        0x1 
 .rodata.wdtOSCRate
                0x00008018       0x40 C:\Users\nxp91080\Documents\LPCXpresso_7.9.2_493\NTAG_I2C\workspace_ntag_i2c_new\lpc_chip_11uxx_lib\Debug\liblpc_chip_11uxx_lib.a(clock_11xx.o)
                0x00008058                . = ALIGN (0x4)

.glue_7         0x00008058        0x0
 .glue_7        0x00000000        0x0 linker stubs

.glue_7t        0x00008058        0x0
 .glue_7t       0x00000000        0x0 linker stubs

.vfp11_veneer   0x00008058        0x0
 .vfp11_veneer  0x00000000        0x0 linker stubs

.v4_bx          0x00008058        0x0
 .v4_bx         0x00000000        0x0 linker stubs

.iplt           0x00008058        0x0
 .iplt          0x00000000        0x0 ./src/HW_functions.o

.rel.dyn        0x00008058        0x0
 .rel.iplt      0x00000000        0x0 ./src/HW_functions.o

.ARM.extab
 *(.ARM.extab* .gnu.linkonce.armextab.*)
                0x00008058                __exidx_start = .

.ARM.exidx
 *(.ARM.exidx* .gnu.linkonce.armexidx.*)
                0x00008058                __exidx_end = .
                0x00008058                _etext = .

.data_RAM2      0x20004000        0x0 load address 0x00008058
 FILL mask 0xff
                0x20004000                PROVIDE (__start_data_RAM2, .)
 *(.ramfunc.$RAM2)
 *(.ramfunc.$RamUsb2)
 *(.data.$RAM2*)
 *(.data.$RamUsb2*)
                0x20004000                . = ALIGN (0x4)
                0x20004000                PROVIDE (__end_data_RAM2, .)

.uninit_RESERVED
                0x10000200        0x0
 *(.bss.$RESERVED*)
                0x10000200                . = ALIGN (0x4)
                0x10000200                _end_uninit_RESERVED = .

.data           0x10000200       0x48 load address 0x00008058
 FILL mask 0xff
                0x10000200                _data = .
 *(vtable)
 *(.ramfunc*)
 *(.data*)
 .data.ntag_device_list
                0x10000200       0x30 C:\Users\nxp91080\Documents\LPCXpresso_7.9.2_493\NTAG_I2C\workspace_ntag_i2c_new\NTAG_I2C_API\Debug\libNTAG_I2C_API.a(ntag_driver.o)
                0x10000200                ntag_device_list
 .data.isr_callback_list
                0x10000230       0x18 C:\Users\nxp91080\Documents\LPCXpresso_7.9.2_493\NTAG_I2C\workspace_ntag_i2c_new\NTAG_I2C_API\Debug\libNTAG_I2C_API.a(isr_common.o)
                0x10000230                isr_callback_list
                0x10000248                . = ALIGN (0x4)
                0x10000248                _edata = .

.igot.plt       0x10000248        0x0 load address 0x000080a0
 .igot.plt      0x00000000        0x0 ./src/HW_functions.o

.bss_RAM2       0x20004000        0x0
                0x20004000                PROVIDE (__start_bss_RAM2, .)
 *(.bss.$RAM2*)
 *(.bss.$RamUsb2*)
                0x20004000                . = ALIGN ((. != 0x0)?0x4:0x1)
                0x20004000                PROVIDE (__end_bss_RAM2, .)

.bss            0x10000248      0x484
                0x10000248                _bss = .
 *(.bss*)
 .bss.crc32_table
                0x10000248      0x400 ./src/crc32.o
 .bss.crc32_table_computed
                0x10000648        0x4 ./src/crc32.o
 .bss.i2cHandleMaster
                0x1000064c        0x4 ./src/main.o
 .bss.sram_buf  0x10000650       0x40 ./src/main.o
 .bss.init_cube_demo
                0x10000690        0x1 ./src/main.o
                0x10000690                init_cube_demo
 *fill*         0x10000691        0x3 
 .bss.timer     0x10000694        0x4 C:\Users\nxp91080\Documents\LPCXpresso_7.9.2_493\NTAG_I2C\workspace_ntag_i2c_new\NTAG_I2C_API\Debug\libNTAG_I2C_API.a(timer_lpc.o)
 .bss.command.5620
                0x10000698       0x10 C:\Users\nxp91080\Documents\LPCXpresso_7.9.2_493\NTAG_I2C\workspace_ntag_i2c_new\nxp_lpcxpresso_11u24h_board_lib\Debug\libnxp_lpcxpresso_11u24h_board_lib.a(board_sysinit.o)
 .bss.result.5621
                0x100006a8        0xc C:\Users\nxp91080\Documents\LPCXpresso_7.9.2_493\NTAG_I2C\workspace_ntag_i2c_new\nxp_lpcxpresso_11u24h_board_lib\Debug\libnxp_lpcxpresso_11u24h_board_lib.a(board_sysinit.o)
 *(COMMON)
 COMMON         0x100006b4       0x12 ./src/HW_functions.o
                0x100006b4                ntag_handle
                0x100006b8                rom
                0x100006bc                CHAR_BOARD_MAJ
                0x100006c0                CurrentDisplay
                0x100006c4                CHAR_BOARD_MIN
                0x100006c5                error
 *fill*         0x100006c6        0x2 
 COMMON         0x100006c8        0x4 C:\Users\nxp91080\Documents\LPCXpresso_7.9.2_493\NTAG_I2C\workspace_ntag_i2c_new\lpc_chip_11uxx_lib\Debug\liblpc_chip_11uxx_lib.a(chip_11xx.o)
                0x100006c8                SystemCoreClock
                0x100006cc                . = ALIGN (0x4)
                0x100006cc                _ebss = .
                0x100006cc                PROVIDE (end, .)

.noinit_RAM2    0x20004000        0x0
 *(.noinit.$RAM2*)
 *(.noinit.$RamUsb2*)
                0x20004000                . = ALIGN (0x4)

.noinit         0x100006cc        0x0
                0x100006cc                _noinit = .
 *(.noinit*)
                0x100006cc                . = ALIGN (0x4)
                0x100006cc                _end_noinit = .
                0x100006cc                PROVIDE (_pvHeapStart, DEFINED (__user_heap_base)?__user_heap_base:.)
                0x10001fe0                PROVIDE (_vStackTop, DEFINED (__user_stack_top)?__user_stack_top:(__top_RamLoc8 - 0x0))
                0xefff1b01                PROVIDE (__valid_user_code_checksum, (0x0 - (((_vStackTop + (ResetISR + 0x1)) + (DEFINED (NMI_Handler)?NMI_Handler:M0_NMI_Handler + 0x1)) + (DEFINED (HardFault_Handler)?HardFault_Handler:M0_HardFault_Handler + 0x1))))
OUTPUT(NTAG_I2C_Explorer_Demo.axf elf32-littlearm)

.debug_info     0x00000000     0xb93e
 .debug_info    0x00000000      0xfce ./src/HW_functions.o
 .debug_info    0x00000fce      0x1b3 ./src/crc32.o
 .debug_info    0x00001181     0x15a0 ./src/main.o
 .debug_info    0x00002721      0x2bf ./src/ndef_parser.o
 .debug_info    0x000029e0      0x5cb C:\Users\nxp91080\Documents\LPCXpresso_7.9.2_493\NTAG_I2C\workspace_ntag_i2c_new\NTAG_I2C_API\Debug\libNTAG_I2C_API.a(timer_lpc.o)
 .debug_info    0x00002fab      0xa3a C:\Users\nxp91080\Documents\LPCXpresso_7.9.2_493\NTAG_I2C\workspace_ntag_i2c_new\NTAG_I2C_API\Debug\libNTAG_I2C_API.a(ntag_bridge.o)
 .debug_info    0x000039e5      0x7df C:\Users\nxp91080\Documents\LPCXpresso_7.9.2_493\NTAG_I2C\workspace_ntag_i2c_new\NTAG_I2C_API\Debug\libNTAG_I2C_API.a(ntag_driver.o)
 .debug_info    0x000041c4      0x3f5 C:\Users\nxp91080\Documents\LPCXpresso_7.9.2_493\NTAG_I2C\workspace_ntag_i2c_new\NTAG_I2C_API\Debug\libNTAG_I2C_API.a(isr_common.o)
 .debug_info    0x000045b9      0xc4b C:\Users\nxp91080\Documents\LPCXpresso_7.9.2_493\NTAG_I2C\workspace_ntag_i2c_new\NTAG_I2C_API\Debug\libNTAG_I2C_API.a(isr_lpc11u6x.o)
 .debug_info    0x00005204      0x4f1 C:\Users\nxp91080\Documents\LPCXpresso_7.9.2_493\NTAG_I2C\workspace_ntag_i2c_new\NTAG_I2C_API\Debug\libNTAG_I2C_API.a(i2c_lpc11u37h.o)
 .debug_info    0x000056f5      0x203 C:\Users\nxp91080\Documents\LPCXpresso_7.9.2_493\NTAG_I2C\workspace_ntag_i2c_new\NTAG_I2C_API\Debug\libNTAG_I2C_API.a(cr_startup_lpc11u.o)
 .debug_info    0x000058f8      0x1dc C:\Users\nxp91080\Documents\LPCXpresso_7.9.2_493\NTAG_I2C\workspace_ntag_i2c_new\NTAG_I2C_API\Debug\libNTAG_I2C_API.a(sysinit.o)
 .debug_info    0x00005ad4      0x6bf C:\Users\nxp91080\Documents\LPCXpresso_7.9.2_493\NTAG_I2C\workspace_ntag_i2c_new\nxp_lpcxpresso_11u24h_board_lib\Debug\libnxp_lpcxpresso_11u24h_board_lib.a(board.o)
 .debug_info    0x00006193      0xb56 C:\Users\nxp91080\Documents\LPCXpresso_7.9.2_493\NTAG_I2C\workspace_ntag_i2c_new\nxp_lpcxpresso_11u24h_board_lib\Debug\libnxp_lpcxpresso_11u24h_board_lib.a(board_sysinit.o)
 .debug_info    0x00006ce9     0x1002 C:\Users\nxp91080\Documents\LPCXpresso_7.9.2_493\NTAG_I2C\workspace_ntag_i2c_new\lpc_chip_11uxx_lib\Debug\liblpc_chip_11uxx_lib.a(adc_11xx.o)
 .debug_info    0x00007ceb      0x1c9 C:\Users\nxp91080\Documents\LPCXpresso_7.9.2_493\NTAG_I2C\workspace_ntag_i2c_new\lpc_chip_11uxx_lib\Debug\liblpc_chip_11uxx_lib.a(chip_11xx.o)
 .debug_info    0x00007eb4      0xc09 C:\Users\nxp91080\Documents\LPCXpresso_7.9.2_493\NTAG_I2C\workspace_ntag_i2c_new\lpc_chip_11uxx_lib\Debug\liblpc_chip_11uxx_lib.a(clock_11xx.o)
 .debug_info    0x00008abd      0xada C:\Users\nxp91080\Documents\LPCXpresso_7.9.2_493\NTAG_I2C\workspace_ntag_i2c_new\lpc_chip_11uxx_lib\Debug\liblpc_chip_11uxx_lib.a(gpio_11xx_1.o)
 .debug_info    0x00009597      0xf95 C:\Users\nxp91080\Documents\LPCXpresso_7.9.2_493\NTAG_I2C\workspace_ntag_i2c_new\lpc_chip_11uxx_lib\Debug\liblpc_chip_11uxx_lib.a(i2cm_11xx.o)
 .debug_info    0x0000a52c      0x441 C:\Users\nxp91080\Documents\LPCXpresso_7.9.2_493\NTAG_I2C\workspace_ntag_i2c_new\lpc_chip_11uxx_lib\Debug\liblpc_chip_11uxx_lib.a(pmu_11xx.o)
 .debug_info    0x0000a96d      0x674 C:\Users\nxp91080\Documents\LPCXpresso_7.9.2_493\NTAG_I2C\workspace_ntag_i2c_new\lpc_chip_11uxx_lib\Debug\liblpc_chip_11uxx_lib.a(sysctl_11xx.o)
 .debug_info    0x0000afe1      0x95d C:\Users\nxp91080\Documents\LPCXpresso_7.9.2_493\NTAG_I2C\workspace_ntag_i2c_new\lpc_chip_11uxx_lib\Debug\liblpc_chip_11uxx_lib.a(timer_11xx.o)

.debug_abbrev   0x00000000     0x2c11
 .debug_abbrev  0x00000000      0x300 ./src/HW_functions.o
 .debug_abbrev  0x00000300       0xc9 ./src/crc32.o
 .debug_abbrev  0x000003c9      0x3f4 ./src/main.o
 .debug_abbrev  0x000007bd      0x10a ./src/ndef_parser.o
 .debug_abbrev  0x000008c7      0x229 C:\Users\nxp91080\Documents\LPCXpresso_7.9.2_493\NTAG_I2C\workspace_ntag_i2c_new\NTAG_I2C_API\Debug\libNTAG_I2C_API.a(timer_lpc.o)
 .debug_abbrev  0x00000af0      0x187 C:\Users\nxp91080\Documents\LPCXpresso_7.9.2_493\NTAG_I2C\workspace_ntag_i2c_new\NTAG_I2C_API\Debug\libNTAG_I2C_API.a(ntag_bridge.o)
 .debug_abbrev  0x00000c77      0x201 C:\Users\nxp91080\Documents\LPCXpresso_7.9.2_493\NTAG_I2C\workspace_ntag_i2c_new\NTAG_I2C_API\Debug\libNTAG_I2C_API.a(ntag_driver.o)
 .debug_abbrev  0x00000e78      0x16d C:\Users\nxp91080\Documents\LPCXpresso_7.9.2_493\NTAG_I2C\workspace_ntag_i2c_new\NTAG_I2C_API\Debug\libNTAG_I2C_API.a(isr_common.o)
 .debug_abbrev  0x00000fe5      0x264 C:\Users\nxp91080\Documents\LPCXpresso_7.9.2_493\NTAG_I2C\workspace_ntag_i2c_new\NTAG_I2C_API\Debug\libNTAG_I2C_API.a(isr_lpc11u6x.o)
 .debug_abbrev  0x00001249      0x19a C:\Users\nxp91080\Documents\LPCXpresso_7.9.2_493\NTAG_I2C\workspace_ntag_i2c_new\NTAG_I2C_API\Debug\libNTAG_I2C_API.a(i2c_lpc11u37h.o)
 .debug_abbrev  0x000013e3       0xf5 C:\Users\nxp91080\Documents\LPCXpresso_7.9.2_493\NTAG_I2C\workspace_ntag_i2c_new\NTAG_I2C_API\Debug\libNTAG_I2C_API.a(cr_startup_lpc11u.o)
 .debug_abbrev  0x000014d8       0xe6 C:\Users\nxp91080\Documents\LPCXpresso_7.9.2_493\NTAG_I2C\workspace_ntag_i2c_new\NTAG_I2C_API\Debug\libNTAG_I2C_API.a(sysinit.o)
 .debug_abbrev  0x000015be      0x28e C:\Users\nxp91080\Documents\LPCXpresso_7.9.2_493\NTAG_I2C\workspace_ntag_i2c_new\nxp_lpcxpresso_11u24h_board_lib\Debug\libnxp_lpcxpresso_11u24h_board_lib.a(board.o)
 .debug_abbrev  0x0000184c      0x29d C:\Users\nxp91080\Documents\LPCXpresso_7.9.2_493\NTAG_I2C\workspace_ntag_i2c_new\nxp_lpcxpresso_11u24h_board_lib\Debug\libnxp_lpcxpresso_11u24h_board_lib.a(board_sysinit.o)
 .debug_abbrev  0x00001ae9      0x359 C:\Users\nxp91080\Documents\LPCXpresso_7.9.2_493\NTAG_I2C\workspace_ntag_i2c_new\lpc_chip_11uxx_lib\Debug\liblpc_chip_11uxx_lib.a(adc_11xx.o)
 .debug_abbrev  0x00001e42       0xed C:\Users\nxp91080\Documents\LPCXpresso_7.9.2_493\NTAG_I2C\workspace_ntag_i2c_new\lpc_chip_11uxx_lib\Debug\liblpc_chip_11uxx_lib.a(chip_11xx.o)
 .debug_abbrev  0x00001f2f      0x2c4 C:\Users\nxp91080\Documents\LPCXpresso_7.9.2_493\NTAG_I2C\workspace_ntag_i2c_new\lpc_chip_11uxx_lib\Debug\liblpc_chip_11uxx_lib.a(clock_11xx.o)
 .debug_abbrev  0x000021f3      0x1ee C:\Users\nxp91080\Documents\LPCXpresso_7.9.2_493\NTAG_I2C\workspace_ntag_i2c_new\lpc_chip_11uxx_lib\Debug\liblpc_chip_11uxx_lib.a(gpio_11xx_1.o)
 .debug_abbrev  0x000023e1      0x334 C:\Users\nxp91080\Documents\LPCXpresso_7.9.2_493\NTAG_I2C\workspace_ntag_i2c_new\lpc_chip_11uxx_lib\Debug\liblpc_chip_11uxx_lib.a(i2cm_11xx.o)
 .debug_abbrev  0x00002715      0x1c5 C:\Users\nxp91080\Documents\LPCXpresso_7.9.2_493\NTAG_I2C\workspace_ntag_i2c_new\lpc_chip_11uxx_lib\Debug\liblpc_chip_11uxx_lib.a(pmu_11xx.o)
 .debug_abbrev  0x000028da      0x120 C:\Users\nxp91080\Documents\LPCXpresso_7.9.2_493\NTAG_I2C\workspace_ntag_i2c_new\lpc_chip_11uxx_lib\Debug\liblpc_chip_11uxx_lib.a(sysctl_11xx.o)
 .debug_abbrev  0x000029fa      0x217 C:\Users\nxp91080\Documents\LPCXpresso_7.9.2_493\NTAG_I2C\workspace_ntag_i2c_new\lpc_chip_11uxx_lib\Debug\liblpc_chip_11uxx_lib.a(timer_11xx.o)

.debug_aranges  0x00000000      0x878
 .debug_aranges
                0x00000000      0x118 ./src/HW_functions.o
 .debug_aranges
                0x00000118       0x30 ./src/crc32.o
 .debug_aranges
                0x00000148      0x108 ./src/main.o
 .debug_aranges
                0x00000250       0x30 ./src/ndef_parser.o
 .debug_aranges
                0x00000280       0x48 C:\Users\nxp91080\Documents\LPCXpresso_7.9.2_493\NTAG_I2C\workspace_ntag_i2c_new\NTAG_I2C_API\Debug\libNTAG_I2C_API.a(timer_lpc.o)
 .debug_aranges
                0x000002c8       0xe0 C:\Users\nxp91080\Documents\LPCXpresso_7.9.2_493\NTAG_I2C\workspace_ntag_i2c_new\NTAG_I2C_API\Debug\libNTAG_I2C_API.a(ntag_bridge.o)
 .debug_aranges
                0x000003a8       0x78 C:\Users\nxp91080\Documents\LPCXpresso_7.9.2_493\NTAG_I2C\workspace_ntag_i2c_new\NTAG_I2C_API\Debug\libNTAG_I2C_API.a(ntag_driver.o)
 .debug_aranges
                0x00000420       0x28 C:\Users\nxp91080\Documents\LPCXpresso_7.9.2_493\NTAG_I2C\workspace_ntag_i2c_new\NTAG_I2C_API\Debug\libNTAG_I2C_API.a(isr_common.o)
 .debug_aranges
                0x00000448       0x78 C:\Users\nxp91080\Documents\LPCXpresso_7.9.2_493\NTAG_I2C\workspace_ntag_i2c_new\NTAG_I2C_API\Debug\libNTAG_I2C_API.a(isr_lpc11u6x.o)
 .debug_aranges
                0x000004c0       0x58 C:\Users\nxp91080\Documents\LPCXpresso_7.9.2_493\NTAG_I2C\workspace_ntag_i2c_new\NTAG_I2C_API\Debug\libNTAG_I2C_API.a(i2c_lpc11u37h.o)
 .debug_aranges
                0x00000518       0x60 C:\Users\nxp91080\Documents\LPCXpresso_7.9.2_493\NTAG_I2C\workspace_ntag_i2c_new\NTAG_I2C_API\Debug\libNTAG_I2C_API.a(cr_startup_lpc11u.o)
 .debug_aranges
                0x00000578       0x28 C:\Users\nxp91080\Documents\LPCXpresso_7.9.2_493\NTAG_I2C\workspace_ntag_i2c_new\NTAG_I2C_API\Debug\libNTAG_I2C_API.a(sysinit.o)
 .debug_aranges
                0x000005a0       0x38 C:\Users\nxp91080\Documents\LPCXpresso_7.9.2_493\NTAG_I2C\workspace_ntag_i2c_new\nxp_lpcxpresso_11u24h_board_lib\Debug\libnxp_lpcxpresso_11u24h_board_lib.a(board.o)
 .debug_aranges
                0x000005d8       0x30 C:\Users\nxp91080\Documents\LPCXpresso_7.9.2_493\NTAG_I2C\workspace_ntag_i2c_new\nxp_lpcxpresso_11u24h_board_lib\Debug\libnxp_lpcxpresso_11u24h_board_lib.a(board_sysinit.o)
 .debug_aranges
                0x00000608       0x80 C:\Users\nxp91080\Documents\LPCXpresso_7.9.2_493\NTAG_I2C\workspace_ntag_i2c_new\lpc_chip_11uxx_lib\Debug\liblpc_chip_11uxx_lib.a(adc_11xx.o)
 .debug_aranges
                0x00000688       0x20 C:\Users\nxp91080\Documents\LPCXpresso_7.9.2_493\NTAG_I2C\workspace_ntag_i2c_new\lpc_chip_11uxx_lib\Debug\liblpc_chip_11uxx_lib.a(chip_11xx.o)
 .debug_aranges
                0x000006a8       0x80 C:\Users\nxp91080\Documents\LPCXpresso_7.9.2_493\NTAG_I2C\workspace_ntag_i2c_new\lpc_chip_11uxx_lib\Debug\liblpc_chip_11uxx_lib.a(clock_11xx.o)
 .debug_aranges
                0x00000728       0x48 C:\Users\nxp91080\Documents\LPCXpresso_7.9.2_493\NTAG_I2C\workspace_ntag_i2c_new\lpc_chip_11uxx_lib\Debug\liblpc_chip_11uxx_lib.a(gpio_11xx_1.o)
 .debug_aranges
                0x00000770       0x58 C:\Users\nxp91080\Documents\LPCXpresso_7.9.2_493\NTAG_I2C\workspace_ntag_i2c_new\lpc_chip_11uxx_lib\Debug\liblpc_chip_11uxx_lib.a(i2cm_11xx.o)
 .debug_aranges
                0x000007c8       0x40 C:\Users\nxp91080\Documents\LPCXpresso_7.9.2_493\NTAG_I2C\workspace_ntag_i2c_new\lpc_chip_11uxx_lib\Debug\liblpc_chip_11uxx_lib.a(pmu_11xx.o)
 .debug_aranges
                0x00000808       0x38 C:\Users\nxp91080\Documents\LPCXpresso_7.9.2_493\NTAG_I2C\workspace_ntag_i2c_new\lpc_chip_11uxx_lib\Debug\liblpc_chip_11uxx_lib.a(sysctl_11xx.o)
 .debug_aranges
                0x00000840       0x38 C:\Users\nxp91080\Documents\LPCXpresso_7.9.2_493\NTAG_I2C\workspace_ntag_i2c_new\lpc_chip_11uxx_lib\Debug\liblpc_chip_11uxx_lib.a(timer_11xx.o)

.debug_ranges   0x00000000      0xd00
 .debug_ranges  0x00000000      0x108 ./src/HW_functions.o
 .debug_ranges  0x00000108       0x20 ./src/crc32.o
 .debug_ranges  0x00000128       0xf8 ./src/main.o
 .debug_ranges  0x00000220       0x20 ./src/ndef_parser.o
 .debug_ranges  0x00000240       0x38 C:\Users\nxp91080\Documents\LPCXpresso_7.9.2_493\NTAG_I2C\workspace_ntag_i2c_new\NTAG_I2C_API\Debug\libNTAG_I2C_API.a(timer_lpc.o)
 .debug_ranges  0x00000278       0xd0 C:\Users\nxp91080\Documents\LPCXpresso_7.9.2_493\NTAG_I2C\workspace_ntag_i2c_new\NTAG_I2C_API\Debug\libNTAG_I2C_API.a(ntag_bridge.o)
 .debug_ranges  0x00000348       0x68 C:\Users\nxp91080\Documents\LPCXpresso_7.9.2_493\NTAG_I2C\workspace_ntag_i2c_new\NTAG_I2C_API\Debug\libNTAG_I2C_API.a(ntag_driver.o)
 .debug_ranges  0x000003b0       0x18 C:\Users\nxp91080\Documents\LPCXpresso_7.9.2_493\NTAG_I2C\workspace_ntag_i2c_new\NTAG_I2C_API\Debug\libNTAG_I2C_API.a(isr_common.o)
 .debug_ranges  0x000003c8       0x68 C:\Users\nxp91080\Documents\LPCXpresso_7.9.2_493\NTAG_I2C\workspace_ntag_i2c_new\NTAG_I2C_API\Debug\libNTAG_I2C_API.a(isr_lpc11u6x.o)
 .debug_ranges  0x00000430       0x48 C:\Users\nxp91080\Documents\LPCXpresso_7.9.2_493\NTAG_I2C\workspace_ntag_i2c_new\NTAG_I2C_API\Debug\libNTAG_I2C_API.a(i2c_lpc11u37h.o)
 .debug_ranges  0x00000478       0x50 C:\Users\nxp91080\Documents\LPCXpresso_7.9.2_493\NTAG_I2C\workspace_ntag_i2c_new\NTAG_I2C_API\Debug\libNTAG_I2C_API.a(cr_startup_lpc11u.o)
 .debug_ranges  0x000004c8       0x18 C:\Users\nxp91080\Documents\LPCXpresso_7.9.2_493\NTAG_I2C\workspace_ntag_i2c_new\NTAG_I2C_API\Debug\libNTAG_I2C_API.a(sysinit.o)
 .debug_ranges  0x000004e0       0xb8 C:\Users\nxp91080\Documents\LPCXpresso_7.9.2_493\NTAG_I2C\workspace_ntag_i2c_new\nxp_lpcxpresso_11u24h_board_lib\Debug\libnxp_lpcxpresso_11u24h_board_lib.a(board.o)
 .debug_ranges  0x00000598       0x88 C:\Users\nxp91080\Documents\LPCXpresso_7.9.2_493\NTAG_I2C\workspace_ntag_i2c_new\nxp_lpcxpresso_11u24h_board_lib\Debug\libnxp_lpcxpresso_11u24h_board_lib.a(board_sysinit.o)
 .debug_ranges  0x00000620      0x188 C:\Users\nxp91080\Documents\LPCXpresso_7.9.2_493\NTAG_I2C\workspace_ntag_i2c_new\lpc_chip_11uxx_lib\Debug\liblpc_chip_11uxx_lib.a(adc_11xx.o)
 .debug_ranges  0x000007a8       0x10 C:\Users\nxp91080\Documents\LPCXpresso_7.9.2_493\NTAG_I2C\workspace_ntag_i2c_new\lpc_chip_11uxx_lib\Debug\liblpc_chip_11uxx_lib.a(chip_11xx.o)
 .debug_ranges  0x000007b8      0x1a0 C:\Users\nxp91080\Documents\LPCXpresso_7.9.2_493\NTAG_I2C\workspace_ntag_i2c_new\lpc_chip_11uxx_lib\Debug\liblpc_chip_11uxx_lib.a(clock_11xx.o)
 .debug_ranges  0x00000958       0x68 C:\Users\nxp91080\Documents\LPCXpresso_7.9.2_493\NTAG_I2C\workspace_ntag_i2c_new\lpc_chip_11uxx_lib\Debug\liblpc_chip_11uxx_lib.a(gpio_11xx_1.o)
 .debug_ranges  0x000009c0      0x260 C:\Users\nxp91080\Documents\LPCXpresso_7.9.2_493\NTAG_I2C\workspace_ntag_i2c_new\lpc_chip_11uxx_lib\Debug\liblpc_chip_11uxx_lib.a(i2cm_11xx.o)
 .debug_ranges  0x00000c20       0x30 C:\Users\nxp91080\Documents\LPCXpresso_7.9.2_493\NTAG_I2C\workspace_ntag_i2c_new\lpc_chip_11uxx_lib\Debug\liblpc_chip_11uxx_lib.a(pmu_11xx.o)
 .debug_ranges  0x00000c50       0x28 C:\Users\nxp91080\Documents\LPCXpresso_7.9.2_493\NTAG_I2C\workspace_ntag_i2c_new\lpc_chip_11uxx_lib\Debug\liblpc_chip_11uxx_lib.a(sysctl_11xx.o)
 .debug_ranges  0x00000c78       0x88 C:\Users\nxp91080\Documents\LPCXpresso_7.9.2_493\NTAG_I2C\workspace_ntag_i2c_new\lpc_chip_11uxx_lib\Debug\liblpc_chip_11uxx_lib.a(timer_11xx.o)

.debug_line     0x00000000     0x550b
 .debug_line    0x00000000      0x652 ./src/HW_functions.o
 .debug_line    0x00000652      0x139 ./src/crc32.o
 .debug_line    0x0000078b      0x902 ./src/main.o
 .debug_line    0x0000108d      0x148 ./src/ndef_parser.o
 .debug_line    0x000011d5      0x50f C:\Users\nxp91080\Documents\LPCXpresso_7.9.2_493\NTAG_I2C\workspace_ntag_i2c_new\NTAG_I2C_API\Debug\libNTAG_I2C_API.a(timer_lpc.o)
 .debug_line    0x000016e4      0x851 C:\Users\nxp91080\Documents\LPCXpresso_7.9.2_493\NTAG_I2C\workspace_ntag_i2c_new\NTAG_I2C_API\Debug\libNTAG_I2C_API.a(ntag_bridge.o)
 .debug_line    0x00001f35      0x84f C:\Users\nxp91080\Documents\LPCXpresso_7.9.2_493\NTAG_I2C\workspace_ntag_i2c_new\NTAG_I2C_API\Debug\libNTAG_I2C_API.a(ntag_driver.o)
 .debug_line    0x00002784      0x5a1 C:\Users\nxp91080\Documents\LPCXpresso_7.9.2_493\NTAG_I2C\workspace_ntag_i2c_new\NTAG_I2C_API\Debug\libNTAG_I2C_API.a(isr_common.o)
 .debug_line    0x00002d25      0x69d C:\Users\nxp91080\Documents\LPCXpresso_7.9.2_493\NTAG_I2C\workspace_ntag_i2c_new\NTAG_I2C_API\Debug\libNTAG_I2C_API.a(isr_lpc11u6x.o)
 .debug_line    0x000033c2      0x534 C:\Users\nxp91080\Documents\LPCXpresso_7.9.2_493\NTAG_I2C\workspace_ntag_i2c_new\NTAG_I2C_API\Debug\libNTAG_I2C_API.a(i2c_lpc11u37h.o)
 .debug_line    0x000038f6       0xc9 C:\Users\nxp91080\Documents\LPCXpresso_7.9.2_493\NTAG_I2C\workspace_ntag_i2c_new\NTAG_I2C_API\Debug\libNTAG_I2C_API.a(cr_startup_lpc11u.o)
 .debug_line    0x000039bf      0x3b5 C:\Users\nxp91080\Documents\LPCXpresso_7.9.2_493\NTAG_I2C\workspace_ntag_i2c_new\NTAG_I2C_API\Debug\libNTAG_I2C_API.a(sysinit.o)
 .debug_line    0x00003d74      0x22d C:\Users\nxp91080\Documents\LPCXpresso_7.9.2_493\NTAG_I2C\workspace_ntag_i2c_new\nxp_lpcxpresso_11u24h_board_lib\Debug\libnxp_lpcxpresso_11u24h_board_lib.a(board.o)
 .debug_line    0x00003fa1      0x295 C:\Users\nxp91080\Documents\LPCXpresso_7.9.2_493\NTAG_I2C\workspace_ntag_i2c_new\nxp_lpcxpresso_11u24h_board_lib\Debug\libnxp_lpcxpresso_11u24h_board_lib.a(board_sysinit.o)
 .debug_line    0x00004236      0x346 C:\Users\nxp91080\Documents\LPCXpresso_7.9.2_493\NTAG_I2C\workspace_ntag_i2c_new\lpc_chip_11uxx_lib\Debug\liblpc_chip_11uxx_lib.a(adc_11xx.o)
 .debug_line    0x0000457c      0x121 C:\Users\nxp91080\Documents\LPCXpresso_7.9.2_493\NTAG_I2C\workspace_ntag_i2c_new\lpc_chip_11uxx_lib\Debug\liblpc_chip_11uxx_lib.a(chip_11xx.o)
 .debug_line    0x0000469d      0x2ff C:\Users\nxp91080\Documents\LPCXpresso_7.9.2_493\NTAG_I2C\workspace_ntag_i2c_new\lpc_chip_11uxx_lib\Debug\liblpc_chip_11uxx_lib.a(clock_11xx.o)
 .debug_line    0x0000499c      0x1ee C:\Users\nxp91080\Documents\LPCXpresso_7.9.2_493\NTAG_I2C\workspace_ntag_i2c_new\lpc_chip_11uxx_lib\Debug\liblpc_chip_11uxx_lib.a(gpio_11xx_1.o)
 .debug_line    0x00004b8a      0x48b C:\Users\nxp91080\Documents\LPCXpresso_7.9.2_493\NTAG_I2C\workspace_ntag_i2c_new\lpc_chip_11uxx_lib\Debug\liblpc_chip_11uxx_lib.a(i2cm_11xx.o)
 .debug_line    0x00005015      0x1cd C:\Users\nxp91080\Documents\LPCXpresso_7.9.2_493\NTAG_I2C\workspace_ntag_i2c_new\lpc_chip_11uxx_lib\Debug\liblpc_chip_11uxx_lib.a(pmu_11xx.o)
 .debug_line    0x000051e2      0x162 C:\Users\nxp91080\Documents\LPCXpresso_7.9.2_493\NTAG_I2C\workspace_ntag_i2c_new\lpc_chip_11uxx_lib\Debug\liblpc_chip_11uxx_lib.a(sysctl_11xx.o)
 .debug_line    0x00005344      0x1c7 C:\Users\nxp91080\Documents\LPCXpresso_7.9.2_493\NTAG_I2C\workspace_ntag_i2c_new\lpc_chip_11uxx_lib\Debug\liblpc_chip_11uxx_lib.a(timer_11xx.o)

.debug_str      0x00000000     0xb924
 .debug_str     0x00000000      0x83c ./src/HW_functions.o
                                0x92e (size before relaxing)
 .debug_str     0x0000083c       0x5a ./src/crc32.o
                                0x226 (size before relaxing)
 .debug_str     0x00000896      0xb35 ./src/main.o
                               0x11b3 (size before relaxing)
 .debug_str     0x000013cb       0xe1 ./src/ndef_parser.o
                                0x2a2 (size before relaxing)
 .debug_str     0x000014ac     0x7236 C:\Users\nxp91080\Documents\LPCXpresso_7.9.2_493\NTAG_I2C\workspace_ntag_i2c_new\NTAG_I2C_API\Debug\libNTAG_I2C_API.a(timer_lpc.o)
                               0x76c3 (size before relaxing)
 .debug_str     0x000086e2      0xde9 C:\Users\nxp91080\Documents\LPCXpresso_7.9.2_493\NTAG_I2C\workspace_ntag_i2c_new\NTAG_I2C_API\Debug\libNTAG_I2C_API.a(ntag_bridge.o)
                               0x8458 (size before relaxing)
 .debug_str     0x000094cb      0x461 C:\Users\nxp91080\Documents\LPCXpresso_7.9.2_493\NTAG_I2C\workspace_ntag_i2c_new\NTAG_I2C_API\Debug\libNTAG_I2C_API.a(ntag_driver.o)
                               0x834b (size before relaxing)
 .debug_str     0x0000992c      0x5ea C:\Users\nxp91080\Documents\LPCXpresso_7.9.2_493\NTAG_I2C\workspace_ntag_i2c_new\NTAG_I2C_API\Debug\libNTAG_I2C_API.a(isr_common.o)
                               0x7acd (size before relaxing)
 .debug_str     0x00009f16      0x385 C:\Users\nxp91080\Documents\LPCXpresso_7.9.2_493\NTAG_I2C\workspace_ntag_i2c_new\NTAG_I2C_API\Debug\libNTAG_I2C_API.a(isr_lpc11u6x.o)
                               0x81bf (size before relaxing)
 .debug_str     0x0000a29b      0x10c C:\Users\nxp91080\Documents\LPCXpresso_7.9.2_493\NTAG_I2C\workspace_ntag_i2c_new\NTAG_I2C_API\Debug\libNTAG_I2C_API.a(i2c_lpc11u37h.o)
                               0x7b93 (size before relaxing)
 .debug_str     0x0000a3a7      0x1d1 C:\Users\nxp91080\Documents\LPCXpresso_7.9.2_493\NTAG_I2C\workspace_ntag_i2c_new\NTAG_I2C_API\Debug\libNTAG_I2C_API.a(cr_startup_lpc11u.o)
                               0x2587 (size before relaxing)
 .debug_str     0x0000a578       0x54 C:\Users\nxp91080\Documents\LPCXpresso_7.9.2_493\NTAG_I2C\workspace_ntag_i2c_new\NTAG_I2C_API\Debug\libNTAG_I2C_API.a(sysinit.o)
                               0x7328 (size before relaxing)
 .debug_str     0x0000a5cc      0x1f9 C:\Users\nxp91080\Documents\LPCXpresso_7.9.2_493\NTAG_I2C\workspace_ntag_i2c_new\nxp_lpcxpresso_11u24h_board_lib\Debug\libnxp_lpcxpresso_11u24h_board_lib.a(board.o)
                                0x39d (size before relaxing)
 .debug_str     0x0000a7c5      0x2ee C:\Users\nxp91080\Documents\LPCXpresso_7.9.2_493\NTAG_I2C\workspace_ntag_i2c_new\nxp_lpcxpresso_11u24h_board_lib\Debug\libnxp_lpcxpresso_11u24h_board_lib.a(board_sysinit.o)
                                0x8c5 (size before relaxing)
 .debug_str     0x0000aab3      0x4c3 C:\Users\nxp91080\Documents\LPCXpresso_7.9.2_493\NTAG_I2C\workspace_ntag_i2c_new\lpc_chip_11uxx_lib\Debug\liblpc_chip_11uxx_lib.a(adc_11xx.o)
                                0xc0f (size before relaxing)
 .debug_str     0x0000af76       0x13 C:\Users\nxp91080\Documents\LPCXpresso_7.9.2_493\NTAG_I2C\workspace_ntag_i2c_new\lpc_chip_11uxx_lib\Debug\liblpc_chip_11uxx_lib.a(chip_11xx.o)
                                0x266 (size before relaxing)
 .debug_str     0x0000af89      0x393 C:\Users\nxp91080\Documents\LPCXpresso_7.9.2_493\NTAG_I2C\workspace_ntag_i2c_new\lpc_chip_11uxx_lib\Debug\liblpc_chip_11uxx_lib.a(clock_11xx.o)
                                0xa53 (size before relaxing)
 .debug_str     0x0000b31c       0xd2 C:\Users\nxp91080\Documents\LPCXpresso_7.9.2_493\NTAG_I2C\workspace_ntag_i2c_new\lpc_chip_11uxx_lib\Debug\liblpc_chip_11uxx_lib.a(gpio_11xx_1.o)
                                0x8b1 (size before relaxing)
 .debug_str     0x0000b3ee      0x294 C:\Users\nxp91080\Documents\LPCXpresso_7.9.2_493\NTAG_I2C\workspace_ntag_i2c_new\lpc_chip_11uxx_lib\Debug\liblpc_chip_11uxx_lib.a(i2cm_11xx.o)
                                0xabc (size before relaxing)
 .debug_str     0x0000b682      0x105 C:\Users\nxp91080\Documents\LPCXpresso_7.9.2_493\NTAG_I2C\workspace_ntag_i2c_new\lpc_chip_11uxx_lib\Debug\liblpc_chip_11uxx_lib.a(pmu_11xx.o)
                                0x35d (size before relaxing)
 .debug_str     0x0000b787       0x7b C:\Users\nxp91080\Documents\LPCXpresso_7.9.2_493\NTAG_I2C\workspace_ntag_i2c_new\lpc_chip_11uxx_lib\Debug\liblpc_chip_11uxx_lib.a(sysctl_11xx.o)
                                0x55c (size before relaxing)
 .debug_str     0x0000b802      0x122 C:\Users\nxp91080\Documents\LPCXpresso_7.9.2_493\NTAG_I2C\workspace_ntag_i2c_new\lpc_chip_11uxx_lib\Debug\liblpc_chip_11uxx_lib.a(timer_11xx.o)
                                0x8c9 (size before relaxing)

.comment        0x00000000       0x70
 .comment       0x00000000       0x70 ./src/HW_functions.o
                                 0x71 (size before relaxing)
 .comment       0x00000000       0x71 ./src/crc32.o
 .comment       0x00000000       0x71 ./src/main.o
 .comment       0x00000000       0x71 ./src/ndef_parser.o
 .comment       0x00000000       0x71 C:\Users\nxp91080\Documents\LPCXpresso_7.9.2_493\NTAG_I2C\workspace_ntag_i2c_new\NTAG_I2C_API\Debug\libNTAG_I2C_API.a(timer_lpc.o)
 .comment       0x00000000       0x71 C:\Users\nxp91080\Documents\LPCXpresso_7.9.2_493\NTAG_I2C\workspace_ntag_i2c_new\NTAG_I2C_API\Debug\libNTAG_I2C_API.a(ntag_bridge.o)
 .comment       0x00000000       0x71 C:\Users\nxp91080\Documents\LPCXpresso_7.9.2_493\NTAG_I2C\workspace_ntag_i2c_new\NTAG_I2C_API\Debug\libNTAG_I2C_API.a(ntag_driver.o)
 .comment       0x00000000       0x71 C:\Users\nxp91080\Documents\LPCXpresso_7.9.2_493\NTAG_I2C\workspace_ntag_i2c_new\NTAG_I2C_API\Debug\libNTAG_I2C_API.a(isr_common.o)
 .comment       0x00000000       0x71 C:\Users\nxp91080\Documents\LPCXpresso_7.9.2_493\NTAG_I2C\workspace_ntag_i2c_new\NTAG_I2C_API\Debug\libNTAG_I2C_API.a(isr_lpc11u6x.o)
 .comment       0x00000000       0x71 C:\Users\nxp91080\Documents\LPCXpresso_7.9.2_493\NTAG_I2C\workspace_ntag_i2c_new\NTAG_I2C_API\Debug\libNTAG_I2C_API.a(i2c_lpc11u37h.o)
 .comment       0x00000000       0x71 C:\Users\nxp91080\Documents\LPCXpresso_7.9.2_493\NTAG_I2C\workspace_ntag_i2c_new\NTAG_I2C_API\Debug\libNTAG_I2C_API.a(cr_startup_lpc11u.o)
 .comment       0x00000000       0x71 C:\Users\nxp91080\Documents\LPCXpresso_7.9.2_493\NTAG_I2C\workspace_ntag_i2c_new\NTAG_I2C_API\Debug\libNTAG_I2C_API.a(sysinit.o)
 .comment       0x00000000       0x71 C:\Users\nxp91080\Documents\LPCXpresso_7.9.2_493\NTAG_I2C\workspace_ntag_i2c_new\nxp_lpcxpresso_11u24h_board_lib\Debug\libnxp_lpcxpresso_11u24h_board_lib.a(board.o)
 .comment       0x00000000       0x71 C:\Users\nxp91080\Documents\LPCXpresso_7.9.2_493\NTAG_I2C\workspace_ntag_i2c_new\nxp_lpcxpresso_11u24h_board_lib\Debug\libnxp_lpcxpresso_11u24h_board_lib.a(board_sysinit.o)
 .comment       0x00000000       0x71 C:\Users\nxp91080\Documents\LPCXpresso_7.9.2_493\NTAG_I2C\workspace_ntag_i2c_new\lpc_chip_11uxx_lib\Debug\liblpc_chip_11uxx_lib.a(adc_11xx.o)
 .comment       0x00000000       0x71 C:\Users\nxp91080\Documents\LPCXpresso_7.9.2_493\NTAG_I2C\workspace_ntag_i2c_new\lpc_chip_11uxx_lib\Debug\liblpc_chip_11uxx_lib.a(chip_11xx.o)
 .comment       0x00000000       0x71 C:\Users\nxp91080\Documents\LPCXpresso_7.9.2_493\NTAG_I2C\workspace_ntag_i2c_new\lpc_chip_11uxx_lib\Debug\liblpc_chip_11uxx_lib.a(clock_11xx.o)
 .comment       0x00000000       0x71 C:\Users\nxp91080\Documents\LPCXpresso_7.9.2_493\NTAG_I2C\workspace_ntag_i2c_new\lpc_chip_11uxx_lib\Debug\liblpc_chip_11uxx_lib.a(gpio_11xx_1.o)
 .comment       0x00000000       0x71 C:\Users\nxp91080\Documents\LPCXpresso_7.9.2_493\NTAG_I2C\workspace_ntag_i2c_new\lpc_chip_11uxx_lib\Debug\liblpc_chip_11uxx_lib.a(i2cm_11xx.o)
 .comment       0x00000000       0x71 C:\Users\nxp91080\Documents\LPCXpresso_7.9.2_493\NTAG_I2C\workspace_ntag_i2c_new\lpc_chip_11uxx_lib\Debug\liblpc_chip_11uxx_lib.a(pmu_11xx.o)
 .comment       0x00000000       0x71 C:\Users\nxp91080\Documents\LPCXpresso_7.9.2_493\NTAG_I2C\workspace_ntag_i2c_new\lpc_chip_11uxx_lib\Debug\liblpc_chip_11uxx_lib.a(sysctl_11xx.o)
 .comment       0x00000000       0x71 C:\Users\nxp91080\Documents\LPCXpresso_7.9.2_493\NTAG_I2C\workspace_ntag_i2c_new\lpc_chip_11uxx_lib\Debug\liblpc_chip_11uxx_lib.a(timer_11xx.o)
 .comment       0x00000000       0x71 c:/nxp/lpcxpresso_7.9.2_493/lpcxpresso/tools/bin/../lib/gcc/arm-none-eabi/4.9.3/../../../../arm-none-eabi/lib/armv6-m\libcr_c.a(memcpy.o)
 .comment       0x00000000       0x71 c:/nxp/lpcxpresso_7.9.2_493/lpcxpresso/tools/bin/../lib/gcc/arm-none-eabi/4.9.3/../../../../arm-none-eabi/lib/armv6-m\libcr_c.a(memset.o)
 .comment       0x00000000       0x71 c:/nxp/lpcxpresso_7.9.2_493/lpcxpresso/tools/bin/../lib/gcc/arm-none-eabi/4.9.3/../../../../arm-none-eabi/lib/armv6-m\libcr_c.a(__weak__main.o)
 .comment       0x00000000       0x71 c:/nxp/lpcxpresso_7.9.2_493/lpcxpresso/tools/bin/../lib/gcc/arm-none-eabi/4.9.3/../../../../arm-none-eabi/lib/armv6-m\libcr_c.a(strncmp.o)

.ARM.attributes
                0x00000000       0x2f
 .ARM.attributes
                0x00000000       0x31 ./src/HW_functions.o
 .ARM.attributes
                0x00000031       0x31 ./src/crc32.o
 .ARM.attributes
                0x00000062       0x31 ./src/main.o
 .ARM.attributes
                0x00000093       0x31 ./src/ndef_parser.o
 .ARM.attributes
                0x000000c4       0x31 C:\Users\nxp91080\Documents\LPCXpresso_7.9.2_493\NTAG_I2C\workspace_ntag_i2c_new\NTAG_I2C_API\Debug\libNTAG_I2C_API.a(timer_lpc.o)
 .ARM.attributes
                0x000000f5       0x31 C:\Users\nxp91080\Documents\LPCXpresso_7.9.2_493\NTAG_I2C\workspace_ntag_i2c_new\NTAG_I2C_API\Debug\libNTAG_I2C_API.a(ntag_bridge.o)
 .ARM.attributes
                0x00000126       0x31 C:\Users\nxp91080\Documents\LPCXpresso_7.9.2_493\NTAG_I2C\workspace_ntag_i2c_new\NTAG_I2C_API\Debug\libNTAG_I2C_API.a(ntag_driver.o)
 .ARM.attributes
                0x00000157       0x31 C:\Users\nxp91080\Documents\LPCXpresso_7.9.2_493\NTAG_I2C\workspace_ntag_i2c_new\NTAG_I2C_API\Debug\libNTAG_I2C_API.a(isr_common.o)
 .ARM.attributes
                0x00000188       0x31 C:\Users\nxp91080\Documents\LPCXpresso_7.9.2_493\NTAG_I2C\workspace_ntag_i2c_new\NTAG_I2C_API\Debug\libNTAG_I2C_API.a(isr_lpc11u6x.o)
 .ARM.attributes
                0x000001b9       0x31 C:\Users\nxp91080\Documents\LPCXpresso_7.9.2_493\NTAG_I2C\workspace_ntag_i2c_new\NTAG_I2C_API\Debug\libNTAG_I2C_API.a(i2c_lpc11u37h.o)
 .ARM.attributes
                0x000001ea       0x31 C:\Users\nxp91080\Documents\LPCXpresso_7.9.2_493\NTAG_I2C\workspace_ntag_i2c_new\NTAG_I2C_API\Debug\libNTAG_I2C_API.a(cr_startup_lpc11u.o)
 .ARM.attributes
                0x0000021b       0x31 C:\Users\nxp91080\Documents\LPCXpresso_7.9.2_493\NTAG_I2C\workspace_ntag_i2c_new\NTAG_I2C_API\Debug\libNTAG_I2C_API.a(sysinit.o)
 .ARM.attributes
                0x0000024c       0x31 C:\Users\nxp91080\Documents\LPCXpresso_7.9.2_493\NTAG_I2C\workspace_ntag_i2c_new\nxp_lpcxpresso_11u24h_board_lib\Debug\libnxp_lpcxpresso_11u24h_board_lib.a(board.o)
 .ARM.attributes
                0x0000027d       0x31 C:\Users\nxp91080\Documents\LPCXpresso_7.9.2_493\NTAG_I2C\workspace_ntag_i2c_new\nxp_lpcxpresso_11u24h_board_lib\Debug\libnxp_lpcxpresso_11u24h_board_lib.a(board_sysinit.o)
 .ARM.attributes
                0x000002ae       0x31 C:\Users\nxp91080\Documents\LPCXpresso_7.9.2_493\NTAG_I2C\workspace_ntag_i2c_new\lpc_chip_11uxx_lib\Debug\liblpc_chip_11uxx_lib.a(adc_11xx.o)
 .ARM.attributes
                0x000002df       0x31 C:\Users\nxp91080\Documents\LPCXpresso_7.9.2_493\NTAG_I2C\workspace_ntag_i2c_new\lpc_chip_11uxx_lib\Debug\liblpc_chip_11uxx_lib.a(chip_11xx.o)
 .ARM.attributes
                0x00000310       0x31 C:\Users\nxp91080\Documents\LPCXpresso_7.9.2_493\NTAG_I2C\workspace_ntag_i2c_new\lpc_chip_11uxx_lib\Debug\liblpc_chip_11uxx_lib.a(clock_11xx.o)
 .ARM.attributes
                0x00000341       0x31 C:\Users\nxp91080\Documents\LPCXpresso_7.9.2_493\NTAG_I2C\workspace_ntag_i2c_new\lpc_chip_11uxx_lib\Debug\liblpc_chip_11uxx_lib.a(gpio_11xx_1.o)
 .ARM.attributes
                0x00000372       0x31 C:\Users\nxp91080\Documents\LPCXpresso_7.9.2_493\NTAG_I2C\workspace_ntag_i2c_new\lpc_chip_11uxx_lib\Debug\liblpc_chip_11uxx_lib.a(i2cm_11xx.o)
 .ARM.attributes
                0x000003a3       0x31 C:\Users\nxp91080\Documents\LPCXpresso_7.9.2_493\NTAG_I2C\workspace_ntag_i2c_new\lpc_chip_11uxx_lib\Debug\liblpc_chip_11uxx_lib.a(pmu_11xx.o)
 .ARM.attributes
                0x000003d4       0x31 C:\Users\nxp91080\Documents\LPCXpresso_7.9.2_493\NTAG_I2C\workspace_ntag_i2c_new\lpc_chip_11uxx_lib\Debug\liblpc_chip_11uxx_lib.a(sysctl_11xx.o)
 .ARM.attributes
                0x00000405       0x31 C:\Users\nxp91080\Documents\LPCXpresso_7.9.2_493\NTAG_I2C\workspace_ntag_i2c_new\lpc_chip_11uxx_lib\Debug\liblpc_chip_11uxx_lib.a(timer_11xx.o)
 .ARM.attributes
                0x00000436       0x31 c:/nxp/lpcxpresso_7.9.2_493/lpcxpresso/tools/bin/../lib/gcc/arm-none-eabi/4.9.3/../../../../arm-none-eabi/lib/armv6-m\libcr_c.a(memcpy.o)
 .ARM.attributes
                0x00000467       0x31 c:/nxp/lpcxpresso_7.9.2_493/lpcxpresso/tools/bin/../lib/gcc/arm-none-eabi/4.9.3/../../../../arm-none-eabi/lib/armv6-m\libcr_c.a(memset.o)
 .ARM.attributes
                0x00000498       0x31 c:/nxp/lpcxpresso_7.9.2_493/lpcxpresso/tools/bin/../lib/gcc/arm-none-eabi/4.9.3/../../../../arm-none-eabi/lib/armv6-m\libcr_c.a(__weak__main.o)
 .ARM.attributes
                0x000004c9       0x31 c:/nxp/lpcxpresso_7.9.2_493/lpcxpresso/tools/bin/../lib/gcc/arm-none-eabi/4.9.3/../../../../arm-none-eabi/lib/armv6-m\libcr_c.a(strncmp.o)
 .ARM.attributes
                0x000004fa       0x21 c:/nxp/lpcxpresso_7.9.2_493/lpcxpresso/tools/bin/../lib/gcc/arm-none-eabi/4.9.3/armv6-m\libcr_eabihelpers.a(division_32.o)
 .ARM.attributes
                0x0000051b       0x21 c:/nxp/lpcxpresso_7.9.2_493/lpcxpresso/tools/bin/../lib/gcc/arm-none-eabi/4.9.3/armv6-m\libcr_eabihelpers.a(division_idiv0.o)
 .ARM.attributes
                0x0000053c       0x21 c:/nxp/lpcxpresso_7.9.2_493/lpcxpresso/tools/bin/../lib/gcc/arm-none-eabi/4.9.3/armv6-m\libcr_eabihelpers.a(memcpy.o)

.debug_frame    0x00000000     0x17d4
 .debug_frame   0x00000000      0x3e8 ./src/HW_functions.o
 .debug_frame   0x000003e8       0x70 ./src/crc32.o
 .debug_frame   0x00000458      0x3bc ./src/main.o
 .debug_frame   0x00000814       0x70 ./src/ndef_parser.o
 .debug_frame   0x00000884       0xc8 C:\Users\nxp91080\Documents\LPCXpresso_7.9.2_493\NTAG_I2C\workspace_ntag_i2c_new\NTAG_I2C_API\Debug\libNTAG_I2C_API.a(timer_lpc.o)
 .debug_frame   0x0000094c      0x330 C:\Users\nxp91080\Documents\LPCXpresso_7.9.2_493\NTAG_I2C\workspace_ntag_i2c_new\NTAG_I2C_API\Debug\libNTAG_I2C_API.a(ntag_bridge.o)
 .debug_frame   0x00000c7c      0x190 C:\Users\nxp91080\Documents\LPCXpresso_7.9.2_493\NTAG_I2C\workspace_ntag_i2c_new\NTAG_I2C_API\Debug\libNTAG_I2C_API.a(ntag_driver.o)
 .debug_frame   0x00000e0c       0x50 C:\Users\nxp91080\Documents\LPCXpresso_7.9.2_493\NTAG_I2C\workspace_ntag_i2c_new\NTAG_I2C_API\Debug\libNTAG_I2C_API.a(isr_common.o)
 .debug_frame   0x00000e5c      0x194 C:\Users\nxp91080\Documents\LPCXpresso_7.9.2_493\NTAG_I2C\workspace_ntag_i2c_new\NTAG_I2C_API\Debug\libNTAG_I2C_API.a(isr_lpc11u6x.o)
 .debug_frame   0x00000ff0      0x104 C:\Users\nxp91080\Documents\LPCXpresso_7.9.2_493\NTAG_I2C\workspace_ntag_i2c_new\NTAG_I2C_API\Debug\libNTAG_I2C_API.a(i2c_lpc11u37h.o)
 .debug_frame   0x000010f4      0x118 C:\Users\nxp91080\Documents\LPCXpresso_7.9.2_493\NTAG_I2C\workspace_ntag_i2c_new\NTAG_I2C_API\Debug\libNTAG_I2C_API.a(cr_startup_lpc11u.o)
 .debug_frame   0x0000120c       0x48 C:\Users\nxp91080\Documents\LPCXpresso_7.9.2_493\NTAG_I2C\workspace_ntag_i2c_new\NTAG_I2C_API\Debug\libNTAG_I2C_API.a(sysinit.o)
 .debug_frame   0x00001254       0x5c C:\Users\nxp91080\Documents\LPCXpresso_7.9.2_493\NTAG_I2C\workspace_ntag_i2c_new\nxp_lpcxpresso_11u24h_board_lib\Debug\libnxp_lpcxpresso_11u24h_board_lib.a(board.o)
 .debug_frame   0x000012b0       0x54 C:\Users\nxp91080\Documents\LPCXpresso_7.9.2_493\NTAG_I2C\workspace_ntag_i2c_new\nxp_lpcxpresso_11u24h_board_lib\Debug\libnxp_lpcxpresso_11u24h_board_lib.a(board_sysinit.o)
 .debug_frame   0x00001304      0x124 C:\Users\nxp91080\Documents\LPCXpresso_7.9.2_493\NTAG_I2C\workspace_ntag_i2c_new\lpc_chip_11uxx_lib\Debug\liblpc_chip_11uxx_lib.a(adc_11xx.o)
 .debug_frame   0x00001428       0x28 C:\Users\nxp91080\Documents\LPCXpresso_7.9.2_493\NTAG_I2C\workspace_ntag_i2c_new\lpc_chip_11uxx_lib\Debug\liblpc_chip_11uxx_lib.a(chip_11xx.o)
 .debug_frame   0x00001450      0x100 C:\Users\nxp91080\Documents\LPCXpresso_7.9.2_493\NTAG_I2C\workspace_ntag_i2c_new\lpc_chip_11uxx_lib\Debug\liblpc_chip_11uxx_lib.a(clock_11xx.o)
 .debug_frame   0x00001550       0x80 C:\Users\nxp91080\Documents\LPCXpresso_7.9.2_493\NTAG_I2C\workspace_ntag_i2c_new\lpc_chip_11uxx_lib\Debug\liblpc_chip_11uxx_lib.a(gpio_11xx_1.o)
 .debug_frame   0x000015d0       0xe4 C:\Users\nxp91080\Documents\LPCXpresso_7.9.2_493\NTAG_I2C\workspace_ntag_i2c_new\lpc_chip_11uxx_lib\Debug\liblpc_chip_11uxx_lib.a(i2cm_11xx.o)
 .debug_frame   0x000016b4       0x68 C:\Users\nxp91080\Documents\LPCXpresso_7.9.2_493\NTAG_I2C\workspace_ntag_i2c_new\lpc_chip_11uxx_lib\Debug\liblpc_chip_11uxx_lib.a(pmu_11xx.o)
 .debug_frame   0x0000171c       0x58 C:\Users\nxp91080\Documents\LPCXpresso_7.9.2_493\NTAG_I2C\workspace_ntag_i2c_new\lpc_chip_11uxx_lib\Debug\liblpc_chip_11uxx_lib.a(sysctl_11xx.o)
 .debug_frame   0x00001774       0x60 C:\Users\nxp91080\Documents\LPCXpresso_7.9.2_493\NTAG_I2C\workspace_ntag_i2c_new\lpc_chip_11uxx_lib\Debug\liblpc_chip_11uxx_lib.a(timer_11xx.o)

.debug_macro    0x00000000     0x2c6e
 .debug_macro   0x00000000      0x1ac C:\Users\nxp91080\Documents\LPCXpresso_7.9.2_493\NTAG_I2C\workspace_ntag_i2c_new\NTAG_I2C_API\Debug\libNTAG_I2C_API.a(timer_lpc.o)
 .debug_macro   0x000001ac      0x862 C:\Users\nxp91080\Documents\LPCXpresso_7.9.2_493\NTAG_I2C\workspace_ntag_i2c_new\NTAG_I2C_API\Debug\libNTAG_I2C_API.a(timer_lpc.o)
 .debug_macro   0x00000a0e       0x10 C:\Users\nxp91080\Documents\LPCXpresso_7.9.2_493\NTAG_I2C\workspace_ntag_i2c_new\NTAG_I2C_API\Debug\libNTAG_I2C_API.a(timer_lpc.o)
 .debug_macro   0x00000a1e      0x12d C:\Users\nxp91080\Documents\LPCXpresso_7.9.2_493\NTAG_I2C\workspace_ntag_i2c_new\NTAG_I2C_API\Debug\libNTAG_I2C_API.a(timer_lpc.o)
 .debug_macro   0x00000b4b      0x5b2 C:\Users\nxp91080\Documents\LPCXpresso_7.9.2_493\NTAG_I2C\workspace_ntag_i2c_new\NTAG_I2C_API\Debug\libNTAG_I2C_API.a(timer_lpc.o)
 .debug_macro   0x000010fd       0x22 C:\Users\nxp91080\Documents\LPCXpresso_7.9.2_493\NTAG_I2C\workspace_ntag_i2c_new\NTAG_I2C_API\Debug\libNTAG_I2C_API.a(timer_lpc.o)
 .debug_macro   0x0000111f       0x7b C:\Users\nxp91080\Documents\LPCXpresso_7.9.2_493\NTAG_I2C\workspace_ntag_i2c_new\NTAG_I2C_API\Debug\libNTAG_I2C_API.a(timer_lpc.o)
 .debug_macro   0x0000119a       0x10 C:\Users\nxp91080\Documents\LPCXpresso_7.9.2_493\NTAG_I2C\workspace_ntag_i2c_new\NTAG_I2C_API\Debug\libNTAG_I2C_API.a(timer_lpc.o)
 .debug_macro   0x000011aa       0x1f C:\Users\nxp91080\Documents\LPCXpresso_7.9.2_493\NTAG_I2C\workspace_ntag_i2c_new\NTAG_I2C_API\Debug\libNTAG_I2C_API.a(timer_lpc.o)
 .debug_macro   0x000011c9       0x3a C:\Users\nxp91080\Documents\LPCXpresso_7.9.2_493\NTAG_I2C\workspace_ntag_i2c_new\NTAG_I2C_API\Debug\libNTAG_I2C_API.a(timer_lpc.o)
 .debug_macro   0x00001203       0x1f C:\Users\nxp91080\Documents\LPCXpresso_7.9.2_493\NTAG_I2C\workspace_ntag_i2c_new\NTAG_I2C_API\Debug\libNTAG_I2C_API.a(timer_lpc.o)
 .debug_macro   0x00001222      0x242 C:\Users\nxp91080\Documents\LPCXpresso_7.9.2_493\NTAG_I2C\workspace_ntag_i2c_new\NTAG_I2C_API\Debug\libNTAG_I2C_API.a(timer_lpc.o)
 .debug_macro   0x00001464      0x125 C:\Users\nxp91080\Documents\LPCXpresso_7.9.2_493\NTAG_I2C\workspace_ntag_i2c_new\NTAG_I2C_API\Debug\libNTAG_I2C_API.a(timer_lpc.o)
 .debug_macro   0x00001589       0x2e C:\Users\nxp91080\Documents\LPCXpresso_7.9.2_493\NTAG_I2C\workspace_ntag_i2c_new\NTAG_I2C_API\Debug\libNTAG_I2C_API.a(timer_lpc.o)
 .debug_macro   0x000015b7       0xf1 C:\Users\nxp91080\Documents\LPCXpresso_7.9.2_493\NTAG_I2C\workspace_ntag_i2c_new\NTAG_I2C_API\Debug\libNTAG_I2C_API.a(timer_lpc.o)
 .debug_macro   0x000016a8       0x10 C:\Users\nxp91080\Documents\LPCXpresso_7.9.2_493\NTAG_I2C\workspace_ntag_i2c_new\NTAG_I2C_API\Debug\libNTAG_I2C_API.a(timer_lpc.o)
 .debug_macro   0x000016b8      0x137 C:\Users\nxp91080\Documents\LPCXpresso_7.9.2_493\NTAG_I2C\workspace_ntag_i2c_new\NTAG_I2C_API\Debug\libNTAG_I2C_API.a(timer_lpc.o)
 .debug_macro   0x000017ef       0x4c C:\Users\nxp91080\Documents\LPCXpresso_7.9.2_493\NTAG_I2C\workspace_ntag_i2c_new\NTAG_I2C_API\Debug\libNTAG_I2C_API.a(timer_lpc.o)
 .debug_macro   0x0000183b       0x4f C:\Users\nxp91080\Documents\LPCXpresso_7.9.2_493\NTAG_I2C\workspace_ntag_i2c_new\NTAG_I2C_API\Debug\libNTAG_I2C_API.a(timer_lpc.o)
 .debug_macro   0x0000188a       0x18 C:\Users\nxp91080\Documents\LPCXpresso_7.9.2_493\NTAG_I2C\workspace_ntag_i2c_new\NTAG_I2C_API\Debug\libNTAG_I2C_API.a(timer_lpc.o)
 .debug_macro   0x000018a2       0x22 C:\Users\nxp91080\Documents\LPCXpresso_7.9.2_493\NTAG_I2C\workspace_ntag_i2c_new\NTAG_I2C_API\Debug\libNTAG_I2C_API.a(timer_lpc.o)
 .debug_macro   0x000018c4       0x7c C:\Users\nxp91080\Documents\LPCXpresso_7.9.2_493\NTAG_I2C\workspace_ntag_i2c_new\NTAG_I2C_API\Debug\libNTAG_I2C_API.a(timer_lpc.o)
 .debug_macro   0x00001940       0x1c C:\Users\nxp91080\Documents\LPCXpresso_7.9.2_493\NTAG_I2C\workspace_ntag_i2c_new\NTAG_I2C_API\Debug\libNTAG_I2C_API.a(timer_lpc.o)
 .debug_macro   0x0000195c       0x40 C:\Users\nxp91080\Documents\LPCXpresso_7.9.2_493\NTAG_I2C\workspace_ntag_i2c_new\NTAG_I2C_API\Debug\libNTAG_I2C_API.a(timer_lpc.o)
 .debug_macro   0x0000199c      0x184 C:\Users\nxp91080\Documents\LPCXpresso_7.9.2_493\NTAG_I2C\workspace_ntag_i2c_new\NTAG_I2C_API\Debug\libNTAG_I2C_API.a(timer_lpc.o)
 .debug_macro   0x00001b20       0x88 C:\Users\nxp91080\Documents\LPCXpresso_7.9.2_493\NTAG_I2C\workspace_ntag_i2c_new\NTAG_I2C_API\Debug\libNTAG_I2C_API.a(timer_lpc.o)
 .debug_macro   0x00001ba8       0x40 C:\Users\nxp91080\Documents\LPCXpresso_7.9.2_493\NTAG_I2C\workspace_ntag_i2c_new\NTAG_I2C_API\Debug\libNTAG_I2C_API.a(timer_lpc.o)
 .debug_macro   0x00001be8       0x2e C:\Users\nxp91080\Documents\LPCXpresso_7.9.2_493\NTAG_I2C\workspace_ntag_i2c_new\NTAG_I2C_API\Debug\libNTAG_I2C_API.a(timer_lpc.o)
 .debug_macro   0x00001c16       0x51 C:\Users\nxp91080\Documents\LPCXpresso_7.9.2_493\NTAG_I2C\workspace_ntag_i2c_new\NTAG_I2C_API\Debug\libNTAG_I2C_API.a(timer_lpc.o)
 .debug_macro   0x00001c67       0xd2 C:\Users\nxp91080\Documents\LPCXpresso_7.9.2_493\NTAG_I2C\workspace_ntag_i2c_new\NTAG_I2C_API\Debug\libNTAG_I2C_API.a(timer_lpc.o)
 .debug_macro   0x00001d39       0x1c C:\Users\nxp91080\Documents\LPCXpresso_7.9.2_493\NTAG_I2C\workspace_ntag_i2c_new\NTAG_I2C_API\Debug\libNTAG_I2C_API.a(timer_lpc.o)
 .debug_macro   0x00001d55      0x1f7 C:\Users\nxp91080\Documents\LPCXpresso_7.9.2_493\NTAG_I2C\workspace_ntag_i2c_new\NTAG_I2C_API\Debug\libNTAG_I2C_API.a(ntag_bridge.o)
 .debug_macro   0x00001f4c       0x22 C:\Users\nxp91080\Documents\LPCXpresso_7.9.2_493\NTAG_I2C\workspace_ntag_i2c_new\NTAG_I2C_API\Debug\libNTAG_I2C_API.a(ntag_bridge.o)
 .debug_macro   0x00001f6e       0x73 C:\Users\nxp91080\Documents\LPCXpresso_7.9.2_493\NTAG_I2C\workspace_ntag_i2c_new\NTAG_I2C_API\Debug\libNTAG_I2C_API.a(ntag_bridge.o)
 .debug_macro   0x00001fe1       0x16 C:\Users\nxp91080\Documents\LPCXpresso_7.9.2_493\NTAG_I2C\workspace_ntag_i2c_new\NTAG_I2C_API\Debug\libNTAG_I2C_API.a(ntag_bridge.o)
 .debug_macro   0x00001ff7       0x5f C:\Users\nxp91080\Documents\LPCXpresso_7.9.2_493\NTAG_I2C\workspace_ntag_i2c_new\NTAG_I2C_API\Debug\libNTAG_I2C_API.a(ntag_bridge.o)
 .debug_macro   0x00002056      0x112 C:\Users\nxp91080\Documents\LPCXpresso_7.9.2_493\NTAG_I2C\workspace_ntag_i2c_new\NTAG_I2C_API\Debug\libNTAG_I2C_API.a(ntag_bridge.o)
 .debug_macro   0x00002168       0x22 C:\Users\nxp91080\Documents\LPCXpresso_7.9.2_493\NTAG_I2C\workspace_ntag_i2c_new\NTAG_I2C_API\Debug\libNTAG_I2C_API.a(ntag_bridge.o)
 .debug_macro   0x0000218a      0x231 C:\Users\nxp91080\Documents\LPCXpresso_7.9.2_493\NTAG_I2C\workspace_ntag_i2c_new\NTAG_I2C_API\Debug\libNTAG_I2C_API.a(ntag_driver.o)
 .debug_macro   0x000023bb       0x2e C:\Users\nxp91080\Documents\LPCXpresso_7.9.2_493\NTAG_I2C\workspace_ntag_i2c_new\NTAG_I2C_API\Debug\libNTAG_I2C_API.a(ntag_driver.o)
 .debug_macro   0x000023e9       0x16 C:\Users\nxp91080\Documents\LPCXpresso_7.9.2_493\NTAG_I2C\workspace_ntag_i2c_new\NTAG_I2C_API\Debug\libNTAG_I2C_API.a(ntag_driver.o)
 .debug_macro   0x000023ff      0x205 C:\Users\nxp91080\Documents\LPCXpresso_7.9.2_493\NTAG_I2C\workspace_ntag_i2c_new\NTAG_I2C_API\Debug\libNTAG_I2C_API.a(isr_common.o)
 .debug_macro   0x00002604       0x28 C:\Users\nxp91080\Documents\LPCXpresso_7.9.2_493\NTAG_I2C\workspace_ntag_i2c_new\NTAG_I2C_API\Debug\libNTAG_I2C_API.a(isr_common.o)
 .debug_macro   0x0000262c       0x52 C:\Users\nxp91080\Documents\LPCXpresso_7.9.2_493\NTAG_I2C\workspace_ntag_i2c_new\NTAG_I2C_API\Debug\libNTAG_I2C_API.a(isr_common.o)
 .debug_macro   0x0000267e       0x22 C:\Users\nxp91080\Documents\LPCXpresso_7.9.2_493\NTAG_I2C\workspace_ntag_i2c_new\NTAG_I2C_API\Debug\libNTAG_I2C_API.a(isr_common.o)
 .debug_macro   0x000026a0      0x1d7 C:\Users\nxp91080\Documents\LPCXpresso_7.9.2_493\NTAG_I2C\workspace_ntag_i2c_new\NTAG_I2C_API\Debug\libNTAG_I2C_API.a(isr_lpc11u6x.o)
 .debug_macro   0x00002877       0x58 C:\Users\nxp91080\Documents\LPCXpresso_7.9.2_493\NTAG_I2C\workspace_ntag_i2c_new\NTAG_I2C_API\Debug\libNTAG_I2C_API.a(isr_lpc11u6x.o)
 .debug_macro   0x000028cf      0x1b5 C:\Users\nxp91080\Documents\LPCXpresso_7.9.2_493\NTAG_I2C\workspace_ntag_i2c_new\NTAG_I2C_API\Debug\libNTAG_I2C_API.a(i2c_lpc11u37h.o)
 .debug_macro   0x00002a84       0x16 C:\Users\nxp91080\Documents\LPCXpresso_7.9.2_493\NTAG_I2C\workspace_ntag_i2c_new\NTAG_I2C_API\Debug\libNTAG_I2C_API.a(i2c_lpc11u37h.o)
 .debug_macro   0x00002a9a       0x1d C:\Users\nxp91080\Documents\LPCXpresso_7.9.2_493\NTAG_I2C\workspace_ntag_i2c_new\NTAG_I2C_API\Debug\libNTAG_I2C_API.a(cr_startup_lpc11u.o)
 .debug_macro   0x00002ab7      0x1b7 C:\Users\nxp91080\Documents\LPCXpresso_7.9.2_493\NTAG_I2C\workspace_ntag_i2c_new\NTAG_I2C_API\Debug\libNTAG_I2C_API.a(sysinit.o)

.debug_loc      0x00000000     0x1bea
 .debug_loc     0x00000000      0x27b C:\Users\nxp91080\Documents\LPCXpresso_7.9.2_493\NTAG_I2C\workspace_ntag_i2c_new\nxp_lpcxpresso_11u24h_board_lib\Debug\libnxp_lpcxpresso_11u24h_board_lib.a(board.o)
 .debug_loc     0x0000027b       0x13 C:\Users\nxp91080\Documents\LPCXpresso_7.9.2_493\NTAG_I2C\workspace_ntag_i2c_new\nxp_lpcxpresso_11u24h_board_lib\Debug\libnxp_lpcxpresso_11u24h_board_lib.a(board_sysinit.o)
 .debug_loc     0x0000028e      0x976 C:\Users\nxp91080\Documents\LPCXpresso_7.9.2_493\NTAG_I2C\workspace_ntag_i2c_new\lpc_chip_11uxx_lib\Debug\liblpc_chip_11uxx_lib.a(adc_11xx.o)
 .debug_loc     0x00000c04      0x208 C:\Users\nxp91080\Documents\LPCXpresso_7.9.2_493\NTAG_I2C\workspace_ntag_i2c_new\lpc_chip_11uxx_lib\Debug\liblpc_chip_11uxx_lib.a(clock_11xx.o)
 .debug_loc     0x00000e0c      0x3a8 C:\Users\nxp91080\Documents\LPCXpresso_7.9.2_493\NTAG_I2C\workspace_ntag_i2c_new\lpc_chip_11uxx_lib\Debug\liblpc_chip_11uxx_lib.a(gpio_11xx_1.o)
 .debug_loc     0x000011b4      0x81d C:\Users\nxp91080\Documents\LPCXpresso_7.9.2_493\NTAG_I2C\workspace_ntag_i2c_new\lpc_chip_11uxx_lib\Debug\liblpc_chip_11uxx_lib.a(i2cm_11xx.o)
 .debug_loc     0x000019d1       0x13 C:\Users\nxp91080\Documents\LPCXpresso_7.9.2_493\NTAG_I2C\workspace_ntag_i2c_new\lpc_chip_11uxx_lib\Debug\liblpc_chip_11uxx_lib.a(pmu_11xx.o)
 .debug_loc     0x000019e4       0xbc C:\Users\nxp91080\Documents\LPCXpresso_7.9.2_493\NTAG_I2C\workspace_ntag_i2c_new\lpc_chip_11uxx_lib\Debug\liblpc_chip_11uxx_lib.a(sysctl_11xx.o)
 .debug_loc     0x00001aa0      0x14a C:\Users\nxp91080\Documents\LPCXpresso_7.9.2_493\NTAG_I2C\workspace_ntag_i2c_new\lpc_chip_11uxx_lib\Debug\liblpc_chip_11uxx_lib.a(timer_11xx.o)
